I/STFBatteryMonitor( 3002): Battery is charging (good health); connected via ac; level at 20/100; temp 34.0C@3.512V

I/STFBatteryMonitor( 3002): Battery is charging (good health); connected via ac; level at 20/100; temp 34.0C@3.492V

D/QSEECOMD: (26474): qseecom listener services process entry PPID = 1

E/QSEECOMD: (26474): Listener: index = 0, hierarchy = 0

D/QSEECOMD: (26474): Init dlopen(librpmb.so, RTLD_NOW) succeeds

D/QSEECOMD: (26474): Init::Init dlsym(g_FSHandle rpmb_init_service) succeeds

I/rpmb    (26474): RPMB Mult = 16384, Rel_sec_cnt = 1

E/DrmLibRpmb(26474): rpmb_init succeeded! with ret = 0

D/QSEECOMD: (26474): Init rpmb_init_service ret = 0

D/QSEECOMD: (26474): RPMB system services: init (Listener ID = 8192)

E/QSEECOMD: (26474): Listener: index = 1, hierarchy = 0

E/QSEECOMD: (26474): Init dlopen(libssd.so, RLTD_NOW) is failed....

E/QSEECOMD: (26474): ERROR: SSD_INIT failed, shall not start listener services

D/DDDG    ( 1545): DDDG_XML_Serial:2295

D/DDDG    (25724): DDDG_Interation:Type:click:Pointer:1c949bd1:Id::Class:android.widget.ImageButton:Listener:true

D/audio_hw_primary( 1074): out_set_parameters: enter: usecase(1: low-latency-playback) kvpairs: routing=2

D/ViewRootImpl(25724): changeCanvasOpacity: opaque=false

W/FlurryAgent(25724): Flurry session resumed for context:com.weheartit.app.DiscoverActivity@2c56df44

I/STFBatteryMonitor( 3002): Battery is charging (good health); connected via ac; level at 20/100; temp 34.5C@3.557V

I/art     (25724): Background partial concurrent mark sweep GC freed 44084(4MB) AllocSpace objects, 130(20MB) LOS objects, 14% free, 96MB/112MB, paused 1.878ms total 101.336ms

I/STFBatteryMonitor( 3002): Battery is charging (good health); connected via ac; level at 20/100; temp 34.5C@3.501V

D/ViewRootImpl(25724): changeCanvasOpacity: opaque=false

I/STFBatteryMonitor( 3002): Battery is charging (good health); connected via ac; level at 20/100; temp 34.3C@3.490V

I/STFBatteryMonitor( 3002): Battery is charging (good health); connected via ac; level at 20/100; temp 34.3C@3.525V

W/FlurryAgent(25724): Flurry session paused for context:com.weheartit.app.UserProfileActivity@879408e

I/STFBatteryMonitor( 3002): Battery is charging (good health); connected via ac; level at 20/100; temp 34.3C@3.544V

D/audio_hw_primary( 1074): disable_audio_route: reset and update mixer path: low-latency-playback speaker

D/audio_hw_primary( 1074): disable_snd_device: snd_device(2: speaker)

I/STFBatteryMonitor( 3002): Battery is charging (good health); connected via ac; level at 20/100; temp 34.3C@3.659V

I/STFBatteryMonitor( 3002): Battery is charging (good health); connected via ac; level at 20/100; temp 34.3C@3.668V

D/QSEECOMD: (26481): qseecom listener services process entry PPID = 1

E/QSEECOMD: (26481): Listener: index = 0, hierarchy = 0

D/QSEECOMD: (26481): Init dlopen(librpmb.so, RTLD_NOW) succeeds

D/QSEECOMD: (26481): Init::Init dlsym(g_FSHandle rpmb_init_service) succeeds

I/rpmb    (26481): RPMB Mult = 16384, Rel_sec_cnt = 1

E/DrmLibRpmb(26481): rpmb_init succeeded! with ret = 0

D/QSEECOMD: (26481): Init rpmb_init_service ret = 0

D/QSEECOMD: (26481): RPMB system services: init (Listener ID = 8192)

E/QSEECOMD: (26481): Listener: index = 1, hierarchy = 0

E/QSEECOMD: (26481): Init dlopen(libssd.so, RLTD_NOW) is failed....

E/QSEECOMD: (26481): ERROR: SSD_INIT failed, shall not start listener services

D/DDDG    ( 1545): DDDG_XML_Serial:2341

D/DDDG    (25724): DDDG_Interation:Type:click:Pointer:ff881b7:Id:com.weheartit:id/tab_title:Class:android.support.v7.widget.AppCompatTextView:Listener:true

D/audio_hw_primary( 1074): out_set_parameters: enter: usecase(1: low-latency-playback) kvpairs: routing=2

D/audio_hw_primary( 1074): select_devices: out_snd_device(2: speaker) in_snd_device(0: none)

D/msm8974_platform( 1074): platform_send_audio_calibration: sending audio calibration for snd_device(2) acdb_id(15)

E/ACDB-LOADER( 1074): Error: ACDB AFE returned = -19

D/audio_hw_primary( 1074): enable_snd_device: snd_device(2: speaker)

D/audio_hw_primary( 1074): enable_audio_route: apply and update mixer path: low-latency-playback speaker

D/DDDG    (25724): DDDG_Interation:Type:scroll:Pointer:6b9c8ee:Id:com.weheartit:id/tab_title:Class:android.support.v7.widget.AppCompatTextView:Listener:true

D/DDDG    (25724): DDDG_Interation:Type:scroll:Pointer:e67418f:Id:com.weheartit:id/tab_title:Class:android.support.v7.widget.AppCompatTextView:Listener:true

D/DDDG    (25724): DDDG_Interation:Type:scroll:Pointer:1b8aac1c:Id:com.weheartit:id/tab_title:Class:android.support.v7.widget.AppCompatTextView:Listener:true

D/DDDG    (25724): DDDG_Interation:Type:scroll:Pointer:327a876f:Id:com.weheartit:id/pager:Class:android.support.v4.view.ViewPager:Listener:true

D/DDDG    (25724): DDDG_Interation:Type:scroll:Pointer:327a876f:Id:com.weheartit:id/pager:Class:android.support.v4.view.ViewPager:Listener:true

D/DDDG    (25724): DDDG_Interation:Type:scroll:Pointer:327a876f:Id:com.weheartit:id/pager:Class:android.support.v4.view.ViewPager:Listener:true

D/DDDG    (25724): DDDG_Interation:Type:scroll:Pointer:327a876f:Id:com.weheartit:id/pager:Class:android.support.v4.view.ViewPager:Listener:true

I/STFBatteryMonitor( 3002): Battery is charging (good health); connected via ac; level at 20/100; temp 34.4C@3.586V

D/DDDG    ( 1545): DDDG_XML_Serial:2348

D/DDDG    (25724): DDDG_Interation:Type:scroll:Pointer:ed1829e:Id:com.weheartit:id/recyclerview:Class:android.support.v7.widget.RecyclerView:Listener:true

D/DDDG    (25724): DDDG_Interation:Type:scroll:Pointer:ed1829e:Id:com.weheartit:id/recyclerview:Class:android.support.v7.widget.RecyclerView:Listener:true

D/DDDG    (25724): DDDG_Interation:Type:scroll:Pointer:ed1829e:Id:com.weheartit:id/recyclerview:Class:android.support.v7.widget.RecyclerView:Listener:true

D/DDDG    (25724): DDDG_Interation:Type:scroll:Pointer:ed1829e:Id:com.weheartit:id/recyclerview:Class:android.support.v7.widget.RecyclerView:Listener:true

D/DDDG    (25724): DDDG_Interation:Type:scroll:Pointer:ed1829e:Id:com.weheartit:id/recyclerview:Class:android.support.v7.widget.RecyclerView:Listener:true

D/DDDG    (25724): DDDG_Interation:Type:scroll:Pointer:ed1829e:Id:com.weheartit:id/recyclerview:Class:android.support.v7.widget.RecyclerView:Listener:true

D/DDDG    (25724): DDDG_Interation:Type:scroll:Pointer:ed1829e:Id:com.weheartit:id/recyclerview:Class:android.support.v7.widget.RecyclerView:Listener:true

D/DDDG    (25724): DDDG_Interation:Type:scroll:Pointer:ed1829e:Id:com.weheartit:id/recyclerview:Class:android.support.v7.widget.RecyclerView:Listener:true

I/STFBatteryMonitor( 3002): Battery is charging (good health); connected via ac; level at 20/100; temp 34.5C@3.530V

I/STFBatteryMonitor( 3002): Battery is charging (good health); connected via ac; level at 20/100; temp 34.5C@3.621V

D/audio_hw_primary( 1074): disable_audio_route: reset and update mixer path: low-latency-playback speaker

D/audio_hw_primary( 1074): disable_snd_device: snd_device(2: speaker)

D/QSEECOMD: (26489): qseecom listener services process entry PPID = 1

E/QSEECOMD: (26489): Listener: index = 0, hierarchy = 0

D/QSEECOMD: (26489): Init dlopen(librpmb.so, RTLD_NOW) succeeds

D/QSEECOMD: (26489): Init::Init dlsym(g_FSHandle rpmb_init_service) succeeds

I/rpmb    (26489): RPMB Mult = 16384, Rel_sec_cnt = 1

E/DrmLibRpmb(26489): rpmb_init succeeded! with ret = 0

D/QSEECOMD: (26489): Init rpmb_init_service ret = 0

D/QSEECOMD: (26489): RPMB system services: init (Listener ID = 8192)

E/QSEECOMD: (26489): Listener: index = 1, hierarchy = 0

E/QSEECOMD: (26489): Init dlopen(libssd.so, RLTD_NOW) is failed....

E/QSEECOMD: (26489): ERROR: SSD_INIT failed, shall not start listener services

D/DDDG    ( 1545): DDDG_XML_Serial:2358

D/DDDG    (25724): DDDG_Interation:Type:click:Pointer:1904ceb9:Id::Class:com.weheartit.widget.ForegroundRelativeLayout:Listener:true

D/audio_hw_primary( 1074): out_set_parameters: enter: usecase(1: low-latency-playback) kvpairs: routing=2

D/audio_hw_primary( 1074): select_devices: out_snd_device(2: speaker) in_snd_device(0: none)

D/msm8974_platform( 1074): platform_send_audio_calibration: sending audio calibration for snd_device(2) acdb_id(15)

E/ACDB-LOADER( 1074): Error: ACDB AFE returned = -19

D/audio_hw_primary( 1074): enable_snd_device: snd_device(2: speaker)

D/audio_hw_primary( 1074): enable_audio_route: apply and update mixer path: low-latency-playback speaker

I/ActivityManager( 1545): START u0 {cmp=com.weheartit/.app.InspirationDetailsActivity (has extras)} from uid 10097 on display 0

V/WindowManager( 1545): addAppToken: AppWindowToken{38fa857a token=Token{10ff4da5 ActivityRecord{fb4bf9c u0 com.weheartit/.app.InspirationDetailsActivity t66}}} to stack=1 task=66 at 1

I/STFBatteryMonitor( 3002): Battery is charging (good health); connected via ac; level at 20/100; temp 34.4C@3.597V

D/DDDG    (25724): Params Found:/data/data/com.weheartit/files/dddgintentextras/test8:com.weheartit/com.weheartit.app.InspirationDetailsActivity

I/STFBatteryMonitor( 3002): Battery is charging (good health); connected via ac; level at 20/100; temp 34.4C@3.521V

D/KeepAlive(25724): stop

D/KeepAlive(25724): cancel()

D/KeepAlive(25724): processKeepAlive(true) timeSinceLastTransmission=249754 currentTimeout=86400000

I/STFBatteryMonitor( 3002): Battery is charging (good health); connected via ac; level at 20/100; temp 34.4C@3.509V

I/STFBatteryMonitor( 3002): Battery is charging (good health); connected via ac; level at 20/100; temp 34.4C@3.489V

E/WifiStateMachine( 1545): WifiStateMachine CMD_START_SCAN source -2 txSuccessRate=17.09 rxSuccessRate=16.64 targetRoamBSSID=00:00:00:00:00:00 RSSI=-19

E/WifiStateMachine( 1545): WifiStateMachine starting scan for "Mac Pro"WPA_PSK with 2462

I/STFBatteryMonitor( 3002): Battery is charging (good health); connected via ac; level at 20/100; temp 34.4C@3.508V

W/FlurryAgent(25724): Flurry session resumed for context:com.weheartit.app.InspirationDetailsActivity@52da52

D/KeepAlive(25724): cancel()

D/KeepAlive(25724): start(3000)

I/STFBatteryMonitor( 3002): Battery is charging (good health); connected via ac; level at 20/100; temp 34.4C@3.502V

V/WindowManager( 1545): Adding window Window{6a0b507 u0 com.weheartit/com.weheartit.app.InspirationDetailsActivity} package:com.weheartit at 21 of 27 (after Window{3646a7c u0 com.weheartit/com.weheartit.app.DiscoverActivity} package:com.weheartit)

I/STFBatteryMonitor( 3002): Battery is charging (good health); connected via ac; level at 20/100; temp 34.3C@3.515V

I/ActivityManager( 1545): Displayed com.weheartit/.app.InspirationDetailsActivity: +1s201ms

I/STFBatteryMonitor( 3002): Battery is charging (good health); connected via ac; level at 20/100; temp 34.3C@3.534V

I/STFBatteryMonitor( 3002): Battery is charging (good health); connected via ac; level at 20/100; temp 34.3C@3.490V

I/STFBatteryMonitor( 3002): Battery is charging (good health); connected via ac; level at 20/100; temp 34.3C@3.483V

D/DDDG    (25724): DDDG_Interation:Type:scroll:Pointer:4d20136:Id:com.weheartit:id/recyclerview:Class:android.support.v7.widget.RecyclerView:Listener:true

I/STFBatteryMonitor( 3002): Battery is charging (good health); connected via ac; level at 20/100; temp 34.3C@3.486V

I/STFBatteryMonitor( 3002): Battery is charging (good health); connected via ac; level at 20/100; temp 34.3C@3.500V

I/STFBatteryMonitor( 3002): Battery is charging (good health); connected via ac; level at 20/100; temp 34.3C@3.494V

D/QSEECOMD: (26506): qseecom listener services process entry PPID = 1

E/QSEECOMD: (26506): Listener: index = 0, hierarchy = 0

D/QSEECOMD: (26506): Init dlopen(librpmb.so, RTLD_NOW) succeeds

D/QSEECOMD: (26506): Init::Init dlsym(g_FSHandle rpmb_init_service) succeeds

I/rpmb    (26506): RPMB Mult = 16384, Rel_sec_cnt = 1

E/DrmLibRpmb(26506): rpmb_init succeeded! with ret = 0

D/QSEECOMD: (26506): Init rpmb_init_service ret = 0

D/QSEECOMD: (26506): RPMB system services: init (Listener ID = 8192)

E/QSEECOMD: (26506): Listener: index = 1, hierarchy = 0

E/QSEECOMD: (26506): Init dlopen(libssd.so, RLTD_NOW) is failed....

E/QSEECOMD: (26506): ERROR: SSD_INIT failed, shall not start listener services

I/STFBatteryMonitor( 3002): Battery is charging (good health); connected via ac; level at 20/100; temp 34.3C@3.492V

I/STFBatteryMonitor( 3002): Battery is charging (good health); connected via ac; level at 20/100; temp 34.3C@3.506V

I/STFBatteryMonitor( 3002): Battery is charging (good health); connected via ac; level at 20/100; temp 34.3C@3.474V

D/RecentEntriesApiEndpoint(25724): Entries: 24 Ads: 0

D/audio_hw_primary( 1074): disable_audio_route: reset and update mixer path: low-latency-playback speaker

D/audio_hw_primary( 1074): disable_snd_device: snd_device(2: speaker)

I/STFBatteryMonitor( 3002): Battery is charging (good health); connected via ac; level at 20/100; temp 34.3C@3.496V

I/STFBatteryMonitor( 3002): Battery is charging (good health); connected via ac; level at 20/100; temp 34.3C@3.569V

D/DDDG    (25724): DDDG_Interation:Type:scroll:Pointer:37cbc3ca:Id:com.weheartit:id/pullToRefreshListView:Class:android.support.v7.widget.RecyclerView:Listener:true

W/FlurryAgent(25724): Flurry session paused for context:com.weheartit.app.DiscoverActivity@2c56df44

I/STFBatteryMonitor( 3002): Battery is charging (good health); connected via ac; level at 20/100; temp 34.3C@3.502V

I/STFBatteryMonitor( 3002): Battery is charging (good health); connected via ac; level at 20/100; temp 34.4C@3.513V

I/STFBatteryMonitor( 3002): Battery is charging (good health); connected via ac; level at 20/100; temp 34.4C@3.462V

I/STFBatteryMonitor( 3002): Battery is charging (good health); connected via ac; level at 20/100; temp 34.4C@3.531V

D/DDDG    ( 1545): DDDG_XML_Serial:2465

D/DDDG    (25724): DDDG_Interation:Type:click:Pointer:193b76da:Id:com.weheartit:id/more:Class:android.support.v7.widget.AppCompatTextView:Listener:true

I/ActivityManager( 1545): START u0 {cmp=com.weheartit/.app.InspirationsActivity} from uid 10097 on display 0

D/audio_hw_primary( 1074): out_set_parameters: enter: usecase(1: low-latency-playback) kvpairs: routing=2

V/WindowManager( 1545): addAppToken: AppWindowToken{49d2 token=Token{151a8c5d ActivityRecord{13ff6634 u0 com.weheartit/.app.InspirationsActivity t66}}} to stack=1 task=66 at 2

D/audio_hw_primary( 1074): select_devices: out_snd_device(2: speaker) in_snd_device(0: none)

D/msm8974_platform( 1074): platform_send_audio_calibration: sending audio calibration for snd_device(2) acdb_id(15)

E/ACDB-LOADER( 1074): Error: ACDB AFE returned = -19

D/audio_hw_primary( 1074): enable_snd_device: snd_device(2: speaker)

D/audio_hw_primary( 1074): enable_audio_route: apply and update mixer path: low-latency-playback speaker

D/DDDG    (25724): Params Not Found::com.weheartit/com.weheartit.app.InspirationsActivity

I/STFBatteryMonitor( 3002): Battery is charging (good health); connected via ac; level at 20/100; temp 34.5C@3.540V

W/FlurryAgent(25724): Flurry session resumed for context:com.weheartit.app.InspirationsActivity@24313381

V/WindowManager( 1545): Adding window Window{1b46b1a0 u0 com.weheartit/com.weheartit.app.InspirationsActivity} package:com.weheartit at 22 of 28 (after Window{6a0b507 u0 com.weheartit/com.weheartit.app.InspirationDetailsActivity} package:com.weheartit)

D/DDDG    (25724): DDDG_Interation:Type:scroll:Pointer:2c1b80b0:Id:com.weheartit:id/pullToRefreshListView:Class:android.support.v7.widget.RecyclerView:Listener:true

I/ActivityManager( 1545): Displayed com.weheartit/.app.InspirationsActivity: +492ms

I/STFBatteryMonitor( 3002): Battery is charging (good health); connected via ac; level at 20/100; temp 34.5C@3.407V

I/STFBatteryMonitor( 3002): Battery is charging (good health); connected via ac; level at 20/100; temp 34.5C@3.539V

W/FlurryAgent(25724): Flurry session paused for context:com.weheartit.app.InspirationDetailsActivity@52da52

I/STFBatteryMonitor( 3002): Battery is charging (good health); connected via ac; level at 20/100; temp 34.5C@3.480V

I/STFBatteryMonitor( 3002): Battery is charging (good health); connected via ac; level at 20/100; temp 34.5C@3.464V

I/STFBatteryMonitor( 3002): Battery is charging (good health); connected via ac; level at 20/100; temp 34.5C@3.473V

I/STFBatteryMonitor( 3002): Battery is charging (good health); connected via ac; level at 20/100; temp 34.5C@3.527V

D/DDDG    (25724): DDDG_Interation:Type:scroll:Pointer:2c1b80b0:Id:com.weheartit:id/pullToRefreshListView:Class:android.support.v7.widget.RecyclerView:Listener:true

I/STFBatteryMonitor( 3002): Battery is charging (good health); connected via ac; level at 20/100; temp 34.5C@3.453V

D/QSEECOMD: (26517): qseecom listener services process entry PPID = 1

E/QSEECOMD: (26517): Listener: index = 0, hierarchy = 0

D/QSEECOMD: (26517): Init dlopen(librpmb.so, RTLD_NOW) succeeds

D/QSEECOMD: (26517): Init::Init dlsym(g_FSHandle rpmb_init_service) succeeds

I/rpmb    (26517): RPMB Mult = 16384, Rel_sec_cnt = 1

E/DrmLibRpmb(26517): rpmb_init succeeded! with ret = 0

D/QSEECOMD: (26517): Init rpmb_init_service ret = 0

D/QSEECOMD: (26517): RPMB system services: init (Listener ID = 8192)

E/QSEECOMD: (26517): Listener: index = 1, hierarchy = 0

E/QSEECOMD: (26517): Init dlopen(libssd.so, RLTD_NOW) is failed....

E/QSEECOMD: (26517): ERROR: SSD_INIT failed, shall not start listener services

I/STFBatteryMonitor( 3002): Battery is charging (good health); connected via ac; level at 20/100; temp 34.5C@3.489V

I/STFBatteryMonitor( 3002): Battery is charging (good health); connected via ac; level at 20/100; temp 34.5C@3.561V

I/STFBatteryMonitor( 3002): Battery is charging (good health); connected via ac; level at 19/100; temp 34.5C@3.561V

I/STFBatteryMonitor( 3002): Battery is charging (good health); connected via ac; level at 19/100; temp 34.5C@3.572V

D/DDDG    ( 1545): DDDG_XML_Serial:2520

D/audio_hw_primary( 1074): disable_audio_route: reset and update mixer path: low-latency-playback speaker

D/audio_hw_primary( 1074): disable_snd_device: snd_device(2: speaker)

D/DDDG    (25724): DDDG_Interation:Type:click:Pointer:1548ad39:Id::Class:com.weheartit.widget.ForegroundRelativeLayout:Listener:true

D/audio_hw_primary( 1074): out_set_parameters: enter: usecase(1: low-latency-playback) kvpairs: routing=2

D/audio_hw_primary( 1074): select_devices: out_snd_device(2: speaker) in_snd_device(0: none)

D/msm8974_platform( 1074): platform_send_audio_calibration: sending audio calibration for snd_device(2) acdb_id(15)

E/ACDB-LOADER( 1074): Error: ACDB AFE returned = -19

D/audio_hw_primary( 1074): enable_snd_device: snd_device(2: speaker)

D/audio_hw_primary( 1074): enable_audio_route: apply and update mixer path: low-latency-playback speaker

I/ActivityManager( 1545): START u0 {cmp=com.weheartit/.app.InspirationDetailsActivity (has extras)} from uid 10097 on display 0

V/WindowManager( 1545): addAppToken: AppWindowToken{517ea15 token=Token{21f547cc ActivityRecord{15913dff u0 com.weheartit/.app.InspirationDetailsActivity t66}}} to stack=1 task=66 at 3

D/DDDG    (25724): Params Found:/data/data/com.weheartit/files/dddgintentextras/test9:com.weheartit/com.weheartit.app.InspirationDetailsActivity

I/STFBatteryMonitor( 3002): Battery is charging (good health); connected via ac; level at 19/100; temp 34.5C@3.554V

I/STFBatteryMonitor( 3002): Battery is charging (good health); connected via ac; level at 19/100; temp 34.5C@3.518V

D/KeepAlive(25724): stop

D/KeepAlive(25724): cancel()

D/KeepAlive(25724): processKeepAlive(true) timeSinceLastTransmission=259195 currentTimeout=86400000

W/FlurryAgent(25724): Flurry session resumed for context:com.weheartit.app.InspirationDetailsActivity@2ef65090

I/STFBatteryMonitor( 3002): Battery is charging (good health); connected via ac; level at 19/100; temp 34.5C@3.512V

D/KeepAlive(25724): cancel()

D/KeepAlive(25724): start(3000)

V/WindowManager( 1545): Adding window Window{3c6845f6 u0 com.weheartit/com.weheartit.app.InspirationDetailsActivity} package:com.weheartit at 23 of 29 (after Window{1b46b1a0 u0 com.weheartit/com.weheartit.app.InspirationsActivity} package:com.weheartit)

I/STFBatteryMonitor( 3002): Battery is charging (good health); connected via ac; level at 19/100; temp 34.5C@3.499V

I/ActivityManager( 1545): Displayed com.weheartit/.app.InspirationDetailsActivity: +826ms

I/STFBatteryMonitor( 3002): Battery is charging (good health); connected via ac; level at 19/100; temp 34.5C@3.475V

D/DDDG    (25724): DDDG_Interation:Type:scroll:Pointer:2f370d50:Id:com.weheartit:id/recyclerview:Class:android.support.v7.widget.RecyclerView:Listener:true

I/STFBatteryMonitor( 3002): Battery is charging (good health); connected via ac; level at 19/100; temp 34.6C@3.486V

I/STFBatteryMonitor( 3002): Battery is charging (good health); connected via ac; level at 19/100; temp 34.6C@3.461V

I/STFBatteryMonitor( 3002): Battery is charging (good health); connected via ac; level at 19/100; temp 34.6C@3.506V

I/STFBatteryMonitor( 3002): Battery is charging (good health); connected via ac; level at 19/100; temp 34.6C@3.500V

D/RecentEntriesApiEndpoint(25724): Entries: 24 Ads: 0

I/STFBatteryMonitor( 3002): Battery is charging (good health); connected via ac; level at 19/100; temp 34.6C@3.486V

I/STFBatteryMonitor( 3002): Battery is charging (good health); connected via ac; level at 19/100; temp 34.6C@3.553V

I/STFBatteryMonitor( 3002): Battery is charging (good health); connected via ac; level at 19/100; temp 34.6C@3.542V

I/art     (25724): Background partial concurrent mark sweep GC freed 101151(4MB) AllocSpace objects, 51(16MB) LOS objects, 15% free, 88MB/104MB, paused 2.224ms total 102.533ms

D/DDDG    (25724): DDDG_Interation:Type:scroll:Pointer:17492744:Id:com.weheartit:id/pullToRefreshListView:Class:android.support.v7.widget.RecyclerView:Listener:true

I/STFBatteryMonitor( 3002): Battery is charging (good health); connected via ac; level at 19/100; temp 34.6C@3.457V

W/FlurryAgent(25724): Flurry session paused for context:com.weheartit.app.InspirationsActivity@24313381

I/STFBatteryMonitor( 3002): Battery is charging (good health); connected via ac; level at 19/100; temp 34.5C@3.490V

D/audio_hw_primary( 1074): disable_audio_route: reset and update mixer path: low-latency-playback speaker

D/audio_hw_primary( 1074): disable_snd_device: snd_device(2: speaker)

D/QSEECOMD: (26533): qseecom listener services process entry PPID = 1

E/QSEECOMD: (26533): Listener: index = 0, hierarchy = 0

D/QSEECOMD: (26533): Init dlopen(librpmb.so, RTLD_NOW) succeeds

D/QSEECOMD: (26533): Init::Init dlsym(g_FSHandle rpmb_init_service) succeeds

I/rpmb    (26533): RPMB Mult = 16384, Rel_sec_cnt = 1

E/DrmLibRpmb(26533): rpmb_init succeeded! with ret = 0

D/QSEECOMD: (26533): Init rpmb_init_service ret = 0

D/QSEECOMD: (26533): RPMB system services: init (Listener ID = 8192)

E/QSEECOMD: (26533): Listener: index = 1, hierarchy = 0

E/QSEECOMD: (26533): Init dlopen(libssd.so, RLTD_NOW) is failed....

E/QSEECOMD: (26533): ERROR: SSD_INIT failed, shall not start listener services

I/STFBatteryMonitor( 3002): Battery is charging (good health); connected via ac; level at 19/100; temp 34.5C@3.588V

I/STFBatteryMonitor( 3002): Battery is charging (good health); connected via ac; level at 19/100; temp 34.5C@3.501V

I/STFBatteryMonitor( 3002): Battery is charging (good health); connected via ac; level at 19/100; temp 34.5C@3.521V

D/DDDG    ( 1545): DDDG_XML_Serial:2608

W/DDDG_Gestures(25724): Detector passed in

I/STFBatteryMonitor( 3002): Battery is charging (good health); connected via ac; level at 19/100; temp 34.7C@3.531V

D/DDDG    (25724): DDDG_Interation:Type:click:Pointer:29f6ba83:Id:com.weheartit:id/entryImageViewLayout:Class:com.weheartit.widget.layout.EntryView:Listener:true

D/audio_hw_primary( 1074): out_set_parameters: enter: usecase(1: low-latency-playback) kvpairs: routing=2

D/audio_hw_primary( 1074): select_devices: out_snd_device(2: speaker) in_snd_device(0: none)

D/msm8974_platform( 1074): platform_send_audio_calibration: sending audio calibration for snd_device(2) acdb_id(15)

E/ACDB-LOADER( 1074): Error: ACDB AFE returned = -19

D/audio_hw_primary( 1074): enable_snd_device: snd_device(2: speaker)

I/STFBatteryMonitor( 3002): Battery is charging (good health); connected via ac; level at 19/100; temp 34.7C@3.527V

D/audio_hw_primary( 1074): enable_audio_route: apply and update mixer path: low-latency-playback speaker

I/STFBatteryMonitor( 3002): Battery is charging (good health); connected via ac; level at 19/100; temp 34.6C@3.527V

I/ActivityManager( 1545): START u0 {cmp=com.weheartit/.app.SwipeableEntryDetailsActivity (has extras)} from uid 10097 on display 0

V/WindowManager( 1545): addAppToken: AppWindowToken{193c46cd token=Token{662c464 ActivityRecord{ffaedf7 u0 com.weheartit/.app.SwipeableEntryDetailsActivity t66}}} to stack=1 task=66 at 4

I/STFBatteryMonitor( 3002): Battery is charging (good health); connected via ac; level at 19/100; temp 34.6C@3.545V

D/DDDG    (25724): Params Found:/data/data/com.weheartit/files/dddgintentextras/test10:com.weheartit/com.weheartit.app.SwipeableEntryDetailsActivity

W/FlurryAgent(25724): Flurry session resumed for context:com.weheartit.app.SwipeableEntryDetailsActivity@168628c6

D/KeepAlive(25724): stop

D/KeepAlive(25724): cancel()

D/KeepAlive(25724): processKeepAlive(true) timeSinceLastTransmission=264930 currentTimeout=86400000

V/WindowManager( 1545): Adding window Window{17e67293 u0 com.weheartit/com.weheartit.app.SwipeableEntryDetailsActivity} package:com.weheartit at 24 of 30 (after Window{3c6845f6 u0 com.weheartit/com.weheartit.app.InspirationDetailsActivity} package:com.weheartit)

W/ResourceType(25724): No package identifier when getting value for resource number 0x00000000

W/PackageManager(25724): Failure retrieving resources for com.android.mms: Resource ID #0x0

I/STFBatteryMonitor( 3002): Battery is charging (good health); connected via ac; level at 19/100; temp 34.6C@3.557V

W/ResourceType(25724): No package identifier when getting value for resource number 0x00000000

W/PackageManager(25724): Failure retrieving resources for com.android.mms: Resource ID #0x0

W/ResourceType(25724): No package identifier when getting value for resource number 0x00000000

W/PackageManager(25724): Failure retrieving resources for com.android.mms: Resource ID #0x0

I/STFBatteryMonitor( 3002): Battery is charging (good health); connected via ac; level at 19/100; temp 34.6C@3.524V

I/STFBatteryMonitor( 3002): Battery is charging (good health); connected via ac; level at 19/100; temp 34.6C@3.558V

W/ResourceType(25724): No package identifier when getting value for resource number 0x00000000

W/PackageManager(25724): Failure retrieving resources for com.android.mms: Resource ID #0x0

W/ResourceType(25724): No package identifier when getting value for resource number 0x00000000

W/PackageManager(25724): Failure retrieving resources for com.android.mms: Resource ID #0x0

W/ResourceType(25724): No package identifier when getting value for resource number 0x00000000

W/PackageManager(25724): Failure retrieving resources for com.android.mms: Resource ID #0x0

I/STFBatteryMonitor( 3002): Battery is charging (good health); connected via ac; level at 19/100; temp 34.6C@3.538V

I/Choreographer(25724): Skipped 57 frames!  The application may be doing too much work on its main thread.

W/ResourceType(25724): No package identifier when getting value for resource number 0x00000000

W/PackageManager(25724): Failure retrieving resources for com.android.mms: Resource ID #0x0

I/ActivityManager( 1545): Displayed com.weheartit/.app.SwipeableEntryDetailsActivity: +1s419ms

W/ResourceType(25724): No package identifier when getting value for resource number 0x00000000

W/PackageManager(25724): Failure retrieving resources for com.android.mms: Resource ID #0x0

W/ResourceType(25724): No package identifier when getting value for resource number 0x00000000

W/PackageManager(25724): Failure retrieving resources for com.android.mms: Resource ID #0x0

W/ResourceType(25724): No package identifier when getting value for resource number 0x00000000

W/PackageManager(25724): Failure retrieving resources for com.android.mms: Resource ID #0x0

W/ResourceType(25724): No package identifier when getting value for resource number 0x00000000

W/PackageManager(25724): Failure retrieving resources for com.android.mms: Resource ID #0x0

W/ResourceType(25724): No package identifier when getting value for resource number 0x00000000

W/PackageManager(25724): Failure retrieving resources for com.android.mms: Resource ID #0x0

W/ResourceType(25724): No package identifier when getting value for resource number 0x00000000

W/PackageManager(25724): Failure retrieving resources for com.android.mms: Resource ID #0x0

I/STFBatteryMonitor( 3002): Battery is charging (good health); connected via ac; level at 19/100; temp 34.6C@3.455V

I/STFBatteryMonitor( 3002): Battery is charging (good health); connected via ac; level at 19/100; temp 34.6C@3.447V

W/FlurryAgent(25724): Flurry session paused for context:com.weheartit.app.InspirationDetailsActivity@2ef65090

D/QSEECOMD: (26556): qseecom listener services process entry PPID = 1

E/QSEECOMD: (26556): Listener: index = 0, hierarchy = 0

D/QSEECOMD: (26556): Init dlopen(librpmb.so, RTLD_NOW) succeeds

D/QSEECOMD: (26556): Init::Init dlsym(g_FSHandle rpmb_init_service) succeeds

I/rpmb    (26556): RPMB Mult = 16384, Rel_sec_cnt = 1

E/DrmLibRpmb(26556): rpmb_init succeeded! with ret = 0

D/QSEECOMD: (26556): Init rpmb_init_service ret = 0

D/QSEECOMD: (26556): RPMB system services: init (Listener ID = 8192)

E/QSEECOMD: (26556): Listener: index = 1, hierarchy = 0

E/QSEECOMD: (26556): Init dlopen(libssd.so, RLTD_NOW) is failed....

E/QSEECOMD: (26556): ERROR: SSD_INIT failed, shall not start listener services

D/audio_hw_primary( 1074): disable_audio_route: reset and update mixer path: low-latency-playback speaker

D/audio_hw_primary( 1074): disable_snd_device: snd_device(2: speaker)

I/STFBatteryMonitor( 3002): Battery is charging (good health); connected via ac; level at 19/100; temp 34.5C@3.511V

I/STFBatteryMonitor( 3002): Battery is charging (good health); connected via ac; level at 19/100; temp 34.5C@3.523V

I/STFBatteryMonitor( 3002): Battery is charging (good health); connected via ac; level at 19/100; temp 34.5C@3.492V

I/STFBatteryMonitor( 3002): Battery is charging (good health); connected via ac; level at 19/100; temp 34.5C@3.534V

I/Choreographer(25724): Skipped 33 frames!  The application may be doing too much work on its main thread.

I/STFBatteryMonitor( 3002): Battery is charging (good health); connected via ac; level at 19/100; temp 34.7C@3.555V

I/STFBatteryMonitor( 3002): Battery is charging (good health); connected via ac; level at 19/100; temp 34.7C@3.602V

I/STFBatteryMonitor( 3002): Battery is charging (good health); connected via ac; level at 19/100; temp 34.7C@3.540V

I/STFBatteryMonitor( 3002): Battery is charging (good health); connected via ac; level at 19/100; temp 34.7C@3.573V

I/STFBatteryMonitor( 3002): Battery is charging (good health); connected via ac; level at 19/100; temp 34.7C@3.547V

I/Choreographer(25724): Skipped 60 frames!  The application may be doing too much work on its main thread.

E/WifiStateMachine( 1545): WifiStateMachine CMD_START_SCAN source -2 txSuccessRate=164.99 rxSuccessRate=167.11 targetRoamBSSID=00:00:00:00:00:00 RSSI=-22

I/STFBatteryMonitor( 3002): Battery is charging (good health); connected via ac; level at 19/100; temp 34.8C@3.661V

D/QSEECOMD: (26565): qseecom listener services process entry PPID = 1

E/QSEECOMD: (26565): Listener: index = 0, hierarchy = 0

D/QSEECOMD: (26565): Init dlopen(librpmb.so, RTLD_NOW) succeeds

D/QSEECOMD: (26565): Init::Init dlsym(g_FSHandle rpmb_init_service) succeeds

I/rpmb    (26565): RPMB Mult = 16384, Rel_sec_cnt = 1

E/DrmLibRpmb(26565): rpmb_init succeeded! with ret = 0

D/QSEECOMD: (26565): Init rpmb_init_service ret = 0

D/QSEECOMD: (26565): RPMB system services: init (Listener ID = 8192)

E/QSEECOMD: (26565): Listener: index = 1, hierarchy = 0

E/QSEECOMD: (26565): Init dlopen(libssd.so, RLTD_NOW) is failed....

E/QSEECOMD: (26565): ERROR: SSD_INIT failed, shall not start listener services

D/DDDG    ( 1545): DDDG_XML_Serial:2691

D/AndroidRuntime(26569): >>>>>> START com.android.internal.os.RuntimeInit uid 0 <<<<<<

D/AndroidRuntime(26569): CheckJNI is ON

D/DDDG    ( 1545): DDDG Socket Closed Properly

D/AndroidRuntime(26569): Calling main entry com.android.commands.pm.Pm

I/ActivityManager( 1545): Force stopping com.weheartit appid=10097 user=-1: uninstall pkg

I/ActivityManager( 1545): Killing 25724:com.weheartit/u0a97 (adj 0): stop com.weheartit

I/PackageManager( 1545): Removing old permission: com.weheartit.gcm.permission.C2D_MESSAGE from package com.weheartit

I/WindowState( 1545): WIN DEATH: Window{3c6845f6 u0 com.weheartit/com.weheartit.app.InspirationDetailsActivity} package:com.weheartit

E/libprocessgroup( 1545): failed to kill 1 processes for processgroup 25724

W/InputDispatcher( 1545): channel '6a0b507 com.weheartit/com.weheartit.app.InspirationDetailsActivity (server)' ~ Consumer closed input channel or an error occurred.  events=0x9

E/InputDispatcher( 1545): channel '6a0b507 com.weheartit/com.weheartit.app.InspirationDetailsActivity (server)' ~ Channel is unrecoverably broken and will be disposed!

W/ActivityManager( 1545): Force removing ActivityRecord{ffaedf7 u0 com.weheartit/.app.SwipeableEntryDetailsActivity t66}: app died, no saved state

W/InputDispatcher( 1545): channel '17e67293 com.weheartit/com.weheartit.app.SwipeableEntryDetailsActivity (server)' ~ Consumer closed input channel or an error occurred.  events=0x9

E/InputDispatcher( 1545): channel '17e67293 com.weheartit/com.weheartit.app.SwipeableEntryDetailsActivity (server)' ~ Channel is unrecoverably broken and will be disposed!

W/InputDispatcher( 1545): channel '3646a7c com.weheartit/com.weheartit.app.DiscoverActivity (server)' ~ Consumer closed input channel or an error occurred.  events=0x9

E/InputDispatcher( 1545): channel '3646a7c com.weheartit/com.weheartit.app.DiscoverActivity (server)' ~ Channel is unrecoverably broken and will be disposed!

W/InputDispatcher( 1545): channel '1b46b1a0 com.weheartit/com.weheartit.app.InspirationsActivity (server)' ~ Consumer closed input channel or an error occurred.  events=0x9

E/InputDispatcher( 1545): channel '1b46b1a0 com.weheartit/com.weheartit.app.InspirationsActivity (server)' ~ Channel is unrecoverably broken and will be disposed!

I/WindowState( 1545): WIN DEATH: Window{3646a7c u0 com.weheartit/com.weheartit.app.DiscoverActivity} package:com.weheartit

W/InputDispatcher( 1545): Attempted to unregister already unregistered input channel '3646a7c com.weheartit/com.weheartit.app.DiscoverActivity (server)'

I/WindowState( 1545): WIN DEATH: Window{1b46b1a0 u0 com.weheartit/com.weheartit.app.InspirationsActivity} package:com.weheartit

W/InputDispatcher( 1545): Attempted to unregister already unregistered input channel '1b46b1a0 com.weheartit/com.weheartit.app.InspirationsActivity (server)'

I/WindowState( 1545): WIN DEATH: Window{6a0b507 u0 com.weheartit/com.weheartit.app.InspirationDetailsActivity} package:com.weheartit

W/InputDispatcher( 1545): Attempted to unregister already unregistered input channel '6a0b507 com.weheartit/com.weheartit.app.InspirationDetailsActivity (server)'

I/WindowState( 1545): WIN DEATH: Window{17e67293 u0 com.weheartit/com.weheartit.app.SwipeableEntryDetailsActivity} package:com.weheartit

W/InputDispatcher( 1545): Attempted to unregister already unregistered input channel '17e67293 com.weheartit/com.weheartit.app.SwipeableEntryDetailsActivity (server)'

I/ActivityManager( 1545):   Force finishing activity 3 ActivityRecord{16965820 u0 com.weheartit/.app.DiscoverActivity t66}

W/ActivityManager( 1545): Failed trying to unstop package com.weheartit: java.lang.IllegalArgumentException: Unknown package: com.weheartit

W/ActivityManager( 1545): Unable to retrieve gids

W/ActivityManager( 1545): android.content.pm.PackageManager$NameNotFoundException: com.weheartit

W/ActivityManager( 1545): 	at android.app.ApplicationPackageManager.getPackageGids(ApplicationPackageManager.java:193)

W/ActivityManager( 1545): 	at com.android.server.am.ActivityManagerService.startProcessLocked(ActivityManagerService.java:2944)

W/ActivityManager( 1545): 	at com.android.server.am.ActivityManagerService.startProcessLocked(ActivityManagerService.java:2897)

W/ActivityManager( 1545): 	at com.android.server.am.ActivityManagerService.startProcessLocked(ActivityManagerService.java:2782)

W/ActivityManager( 1545): 	at com.android.server.am.ActivityStackSupervisor.startSpecificActivityLocked(ActivityStackSupervisor.java:1292)

W/ActivityManager( 1545): 	at com.android.server.am.ActivityStack.resumeTopActivityInnerLocked(ActivityStack.java:1891)

W/ActivityManager( 1545): 	at com.android.server.am.ActivityStack.resumeTopActivityLocked(ActivityStack.java:1455)

W/ActivityManager( 1545): 	at com.android.server.am.ActivityStack.resumeTopActivityLocked(ActivityStack.java:1438)

W/ActivityManager( 1545): 	at com.android.server.am.ActivityStack.finishCurrentActivityLocked(ActivityStack.java:2807)

W/ActivityManager( 1545): 	at com.android.server.am.ActivityStack.finishActivityLocked(ActivityStack.java:2736)

W/ActivityManager( 1545): 	at com.android.server.am.ActivityStack.forceStopPackageLocked(ActivityStack.java:3853)

W/ActivityManager( 1545): 	at com.android.server.am.ActivityStackSupervisor.forceStopPackageLocked(ActivityStackSupervisor.java:2419)

W/ActivityManager( 1545): 	at com.android.server.am.ActivityManagerService.forceStopPackageLocked(ActivityManagerService.java:5673)

W/ActivityManager( 1545): 	at com.android.server.am.ActivityManagerService.access$400(ActivityManagerService.java:242)

W/ActivityManager( 1545): 	at com.android.server.am.ActivityManagerService$MainHandler.handleMessage(ActivityManagerService.java:1570)

W/ActivityManager( 1545): 	at android.os.Handler.dispatchMessage(Handler.java:102)

W/ActivityManager( 1545): 	at android.os.Looper.loop(Looper.java:135)

W/ActivityManager( 1545): 	at android.os.HandlerThread.run(HandlerThread.java:61)

W/ActivityManager( 1545): 	at com.android.server.ServiceThread.run(ServiceThread.java:46)

V/WindowManager( 1545): Based on layer: Adding window Window{26c248da u0 Starting com.weheartit} package:com.weheartit at 20 of 26

I/ActivityManager( 1545): Start proc 26584:com.weheartit/u0a97 for activity com.weheartit/.app.InspirationDetailsActivity

I/ActivityManager( 1545):   Force finishing activity 3 ActivityRecord{fb4bf9c u0 com.weheartit/.app.InspirationDetailsActivity t66}

W/ActivityManager( 1545): Failed trying to unstop package com.weheartit: java.lang.IllegalArgumentException: Unknown package: com.weheartit

I/ActivityManager( 1545):   Force finishing activity 3 ActivityRecord{13ff6634 u0 com.weheartit/.app.InspirationsActivity t66}

W/ActivityManager( 1545): Failed trying to unstop package com.weheartit: java.lang.IllegalArgumentException: Unknown package: com.weheartit

I/ActivityManager( 1545):   Force finishing activity 3 ActivityRecord{15913dff u0 com.weheartit/.app.InspirationDetailsActivity t66}

I/ActivityManager( 1545): Force stopping com.weheartit appid=10097 user=0: pkg removed

I/ActivityManager( 1545): Killing 26584:com.weheartit/u0a97 (adj -100): stop com.weheartit

I/ActivityManager( 1545):   Force finishing activity 3 ActivityRecord{16965820 u0 com.weheartit/.app.DiscoverActivity t66 f}

W/ActivityManager( 1545): Duplicate finish request for ActivityRecord{16965820 u0 com.weheartit/.app.DiscoverActivity t66 f}

I/ActivityManager( 1545):   Force finishing activity 3 ActivityRecord{fb4bf9c u0 com.weheartit/.app.InspirationDetailsActivity t66 f}

W/ActivityManager( 1545): Duplicate finish request for ActivityRecord{fb4bf9c u0 com.weheartit/.app.InspirationDetailsActivity t66 f}

I/ActivityManager( 1545):   Force finishing activity 3 ActivityRecord{13ff6634 u0 com.weheartit/.app.InspirationsActivity t66 f}

W/ActivityManager( 1545): Duplicate finish request for ActivityRecord{13ff6634 u0 com.weheartit/.app.InspirationsActivity t66 f}

I/ActivityManager( 1545):   Force finishing activity 3 ActivityRecord{15913dff u0 com.weheartit/.app.InspirationDetailsActivity t66 f}

W/ActivityManager( 1545): Duplicate finish request for ActivityRecord{15913dff u0 com.weheartit/.app.InspirationDetailsActivity t66 f}

I/art     ( 2538): Explicit concurrent mark sweep GC freed 7889(429KB) AllocSpace objects, 0(0B) LOS objects, 20% free, 31MB/39MB, paused 464us total 26.382ms

I/art     (18652): Explicit concurrent mark sweep GC freed 29071(1540KB) AllocSpace objects, 12(192KB) LOS objects, 32% free, 33MB/49MB, paused 4.352ms total 38.854ms

I/art     ( 2028): Explicit concurrent mark sweep GC freed 153684(5MB) AllocSpace objects, 1(1764KB) LOS objects, 21% free, 56MB/72MB, paused 2.451ms total 60.945ms

D/TaskPersister( 1545): removeObsoleteFile: deleting file=66_task.xml

D/TaskPersister( 1545): removeObsoleteFile: deleting file=66_task_thumbnail.png

I/STFBrowserPackageMonitor( 3002): Package com.weheartit was removed

I/art     ( 1545): Explicit concurrent mark sweep GC freed 141756(8MB) AllocSpace objects, 18(288KB) LOS objects, 28% free, 40MB/56MB, paused 1.877ms total 98.501ms

I/art     ( 1545): WaitForGcToComplete blocked for 41.058ms for cause Explicit

I/InputReader( 1545): Reconfiguring input devices.  changes=0x00000010

D/BuaReceiver( 3385): ====== got intent:Intent { act=android.intent.action.PACKAGE_REMOVED dat=package:com.weheartit flg=0x4000010 cmp=com.motorola.android.buacontactadapter/.BuaReceiver (has extras) }

D/BUA_AuthenticationService( 3385): Got package removed intent

D/BUA_AuthenticationService( 3385): CLOUD_APP_CHANGED

D/BUA_AuthenticationService( 3385): Data recieved for package remove iscom.weheartit

D/Documents(24062): Update found 6 roots in 145ms

D/VoicemailCleanupService(20104): Cleaning up data for package: com.weheartit

D/JobSchedulerService( 1545): Receieved: android.intent.action.PACKAGE_REMOVED

D/BackupManagerService( 1545): Received broadcast Intent { act=android.intent.action.PACKAGE_REMOVED dat=package:com.weheartit flg=0x4000010 (has extras) }

W/AccountManagerService( 1545): deleting account datadrivencrawler@gmail.com because type com.weheartit.android no longer has a registered authenticator

I/STFBatteryMonitor( 3002): Battery is charging (good health); connected via ac; level at 19/100; temp 34.6C@3.530V

I/LatinIME:LogUtils( 2178): Dictionary info: dictionary = main:en ; version = 47 ; date = 1402373178

I/AccountManagerService( 1545): the accounts changed, sending broadcast of android.accounts.LOGIN_ACCOUNTS_CHANGED

W/InputMethodManagerService( 1545): Got RemoteException sending setActive(false) notification to pid 25724 uid 10097

I/STFBatteryMonitor( 3002): Battery is charging (good health); connected via ac; level at 19/100; temp 34.6C@3.520V

I/art     ( 1545): Explicit concurrent mark sweep GC freed 15546(1124KB) AllocSpace objects, 3(45KB) LOS objects, 28% free, 40MB/56MB, paused 4.169ms total 352.375ms

I/ContactsProvider(20104): Accounts changed

I/STFBatteryMonitor( 3002): Battery is charging (good health); connected via ac; level at 19/100; temp 34.6C@3.527V

W/ContextImpl(24041): Calling a method in the system process without a qualified user: android.app.ContextImpl.startService:1692 android.content.ContextWrapper.startService:516 android.content.ContextWrapper.startService:516 com.android.keychain.KeyChainBroadcastReceiver.onReceive:12 android.app.ActivityThread.handleReceiver:2646 

W/Launcher( 2538): setApplicationContext called twice! old=com.android.launcher3.LauncherApplication@188d07a new=com.android.launcher3.LauncherApplication@188d07a

I/ContactsProvider(20104): Accounts changed

I/art     (26569): System.exit called, status: 0

I/AndroidRuntime(26569): VM exiting with result code 0.

I/Launcher( 2538): Deferring update until onResume

I/Exchange(25982): Accounts changed - requesting FolderSync for unsynced accounts

I/Email   (25962): System accounts updated.

W/GooglePlayServicesUtil(15323): Google Play services is missing.

E/GooglePlayServicesUtil(15323): GooglePlayServices not available due to error 1

W/AccountUtils(15323): getAccounts failed: com.google.android.gms.common.GooglePlayServicesRepairableException: Google Play Services not available

E/AccountsReceiver(15323): Exception occurred while clearing Books data

I/Exchange(25982): EasService.onCreate

I/NotifActionUtils(25962): resendNotifications account: null, folder: null

I/Exchange(25982): RestartPingTask

I/NotifUtils(25962): resendNotifications cancelExisting: false, account: null, folder: null

E/ActivityThread(25962): Service com.android.email.service.EmailBroadcastProcessorService has leaked ServiceConnection com.android.emailcommon.service.ServiceProxy$ProxyConnection@78429c9 that was originally bound here

E/ActivityThread(25962): android.app.ServiceConnectionLeaked: Service com.android.email.service.EmailBroadcastProcessorService has leaked ServiceConnection com.android.emailcommon.service.ServiceProxy$ProxyConnection@78429c9 that was originally bound here

E/ActivityThread(25962): 	at android.app.LoadedApk$ServiceDispatcher.<init>(LoadedApk.java:1077)

E/ActivityThread(25962): 	at android.app.LoadedApk.getServiceDispatcher(LoadedApk.java:971)

E/ActivityThread(25962): 	at android.app.ContextImpl.bindServiceCommon(ContextImpl.java:1774)

E/ActivityThread(25962): 	at android.app.ContextImpl.bindService(ContextImpl.java:1757)

E/ActivityThread(25962): 	at android.content.ContextWrapper.bindService(ContextWrapper.java:539)

E/ActivityThread(25962): 	at com.android.emailcommon.service.ServiceProxy.setTask(ServiceProxy.java:181)

E/ActivityThread(25962): 	at com.android.emailcommon.service.ServiceProxy.test(ServiceProxy.java:224)

E/ActivityThread(25962): 	at com.android.email.service.EmailServiceUtils.isServiceAvailable(EmailServiceUtils.java:160)

E/ActivityThread(25962): 	at com.android.email.provider.AccountReconciler.reconcileAccountsInternal(AccountReconciler.java:171)

E/ActivityThread(25962): 	at com.android.email.provider.AccountReconciler.reconcileAccounts(AccountReconciler.java:115)

E/ActivityThread(25962): 	at com.android.email.service.EmailBroadcastProcessorService.reconcileAndStartServices(EmailBroadcastProcessorService.java:305)

E/ActivityThread(25962): 	at com.android.email.service.EmailBroadcastProcessorService.onSystemAccountChanged(EmailBroadcastProcessorService.java:369)

E/ActivityThread(25962): 	at com.android.email.service.EmailBroadcastProcessorService.onHandleIntent(EmailBroadcastProcessorService.java:132)

E/ActivityThread(25962): 	at android.app.IntentService$ServiceHandler.handleMessage(IntentService.java:65)

E/ActivityThread(25962): 	at android.os.Handler.dispatchMessage(Handler.java:102)

E/ActivityThread(25962): 	at android.os.Looper.loop(Looper.java:135)

E/ActivityThread(25962): 	at android.os.HandlerThread.run(HandlerThread.java:61)

E/EmailServiceProxy(25962): RuntimeException when trying to unbind from service

E/EmailServiceProxy(25962): java.lang.IllegalArgumentException: Service not registered: com.android.emailcommon.service.ServiceProxy$ProxyConnection@78429c9

E/EmailServiceProxy(25962): 	at android.app.LoadedApk.forgetServiceDispatcher(LoadedApk.java:1029)

E/EmailServiceProxy(25962): 	at android.app.ContextImpl.unbindService(ContextImpl.java:1808)

E/EmailServiceProxy(25962): 	at android.content.ContextWrapper.unbindService(ContextWrapper.java:551)

E/EmailServiceProxy(25962): 	at com.android.emailcommon.service.ServiceProxy$ProxyConnection$1.doInBackground(ServiceProxy.java:124)

E/EmailServiceProxy(25962): 	at com.android.emailcommon.service.ServiceProxy$ProxyConnection$1.doInBackground(ServiceProxy.java:111)

E/EmailServiceProxy(25962): 	at android.os.AsyncTask$2.call(AsyncTask.java:292)

E/EmailServiceProxy(25962): 	at java.util.concurrent.FutureTask.run(FutureTask.java:237)

E/EmailServiceProxy(25962): 	at android.os.AsyncTask$SerialExecutor$1.run(AsyncTask.java:231)

E/EmailServiceProxy(25962): 	at java.util.concurrent.ThreadPoolExecutor.runWorker(ThreadPoolExecutor.java:1112)

E/EmailServiceProxy(25962): 	at java.util.concurrent.ThreadPoolExecutor$Worker.run(ThreadPoolExecutor.java:587)

E/EmailServiceProxy(25962): 	at java.lang.Thread.run(Thread.java:818)

I/Launcher( 2538): Deferring update until onResume

I/STFBatteryMonitor( 3002): Battery is charging (good health); connected via ac; level at 19/100; temp 34.6C@3.507V

I/Exchange(25982): RestartPingsTask did not start any pings.

I/Exchange(25982): PSS stopIfIdle

I/Exchange(25982): PSS has no active accounts; stopping service.

I/Exchange(25982): onDestroy

D/ContactDirectoryManager(20104): Found com.android.exchange.directory.provider

W/libEGL  (  264): EGLNativeWindowType 0xb64a6308 disconnect failed

I/ContactDirectoryManager(20104): deleted 0 stale rows which don't have any relevant directory

I/ContactDirectoryManager(20104): Discovered 0 contact directories in 350ms

I/STFBatteryMonitor( 3002): Battery is charging (good health); connected via ac; level at 19/100; temp 34.6C@3.560V

D/QSEECOMD: (26630): qseecom listener services process entry PPID = 1

E/QSEECOMD: (26630): Listener: index = 0, hierarchy = 0

D/QSEECOMD: (26630): Init dlopen(librpmb.so, RTLD_NOW) succeeds

D/QSEECOMD: (26630): Init::Init dlsym(g_FSHandle rpmb_init_service) succeeds

I/rpmb    (26630): RPMB Mult = 16384, Rel_sec_cnt = 1

E/DrmLibRpmb(26630): rpmb_init succeeded! with ret = 0

D/QSEECOMD: (26630): Init rpmb_init_service ret = 0

D/QSEECOMD: (26630): RPMB system services: init (Listener ID = 8192)

E/QSEECOMD: (26630): Listener: index = 1, hierarchy = 0

