D/MoPub   (25724): Loading ad from: http://ads.mopub.com/m/ad?id=376f26f4bc744aacab1d6dd6abfece96&nsv=4.2.0&dn=motorola%2CAOSP%20on%20Shamu%2Caosp_shamu&bundle=com.weheartit&z=%2B0000&o=p&w=1440&h=2560&sc_a=3.5&ct=2&av=4.7.0&udid=mp_tmpl_advertising_id&dnt=mp_tmpl_do_not_track

W/GooglePlayServicesUtil(25724): Google Play services is missing.

D/DDDG    ( 2178): Dialog hidden.

D/MoPub   (25724): Failed to retrieve GPS location: access appears to be disabled.

D/MoPub   (25724): Failed to retrieve network location: access appears to be disabled.

D/MoPub   (25724): Failed to retrieve GPS location: access appears to be disabled.

D/MoPub   (25724): Failed to retrieve network location: access appears to be disabled.

D/MoPub   (25724): Attempting to invoke custom event: com.mopub.nativeads.FacebookNative

D/MoPub   (25724): Attempting to invoke custom event: com.mopub.nativeads.FacebookNative

E/ActivityThread(25724): Failed to find provider info for com.facebook.katana.provider.AttributionIdProvider

W/GooglePlayServicesUtil(25724): Google Play services is missing.

W/ActivityManager( 1545): Unable to start service Intent { act=com.google.android.gms.ads.identifier.service.START pkg=com.google.android.gms } U=0: not found

E/ActivityThread(25724): Failed to find provider info for com.facebook.katana.provider.AttributionIdProvider

W/GooglePlayServicesUtil(25724): Google Play services is missing.

W/ActivityManager( 1545): Unable to start service Intent { act=com.google.android.gms.ads.identifier.service.START pkg=com.google.android.gms } U=0: not found

V/MoPub   (25724): Native Ad failed to load with error: Unspecified error occurred..

V/MoPub   (25724): Native Ad failed to load with error: Unspecified error occurred..

D/MoPub   (25724): Failed to retrieve GPS location: access appears to be disabled.

D/MoPub   (25724): Failed to retrieve network location: access appears to be disabled.

D/MoPub   (25724): Native ad request failed.

D/MoPub   (25724): com.mopub.network.MoPubNetworkError: No ads found for ad unit.

D/MoPub   (25724): 	at com.mopub.network.AdRequest.a(AdRequest.java:139)

D/MoPub   (25724): 	at com.mopub.volley.NetworkDispatcher.run(NetworkDispatcher.java:123)

D/MoPub   (25724): Failed to retrieve GPS location: access appears to be disabled.

D/MoPub   (25724): Failed to retrieve network location: access appears to be disabled.

D/MoPub   (25724): Attempting to invoke custom event: com.mopub.nativeads.MoPubCustomEventNative

D/DDDG    (25724): DDDG_Interation:Type:scroll:Pointer:ed1829e:Id:com.weheartit:id/recyclerview:Class:android.support.v7.widget.RecyclerView:Listener:true

D/RecentEntriesApiEndpoint(25724): Entries: 24 Ads: 0

D/DDDG    (25724): DDDG_Interation:Type:scroll:Pointer:7248f7:Id:com.weheartit:id/pullToRefreshListView:Class:android.support.v7.widget.RecyclerView:Listener:true

D/RecentEntriesApiEndpoint(25724): Entries: 24 Ads: 1

D/RecentEntriesApiEndpoint(25724): Entries: 22 Ads: 0

I/STFBatteryMonitor( 3002): Battery is charging (good health); connected via ac; level at 21/100; temp 33.2C@3.651V

D/QSEECOMD: (26078): qseecom listener services process entry PPID = 1

E/QSEECOMD: (26078): Listener: index = 0, hierarchy = 0

D/QSEECOMD: (26078): Init dlopen(librpmb.so, RTLD_NOW) succeeds

D/QSEECOMD: (26078): Init::Init dlsym(g_FSHandle rpmb_init_service) succeeds

I/rpmb    (26078): RPMB Mult = 16384, Rel_sec_cnt = 1

E/DrmLibRpmb(26078): rpmb_init succeeded! with ret = 0

D/QSEECOMD: (26078): Init rpmb_init_service ret = 0

D/QSEECOMD: (26078): RPMB system services: init (Listener ID = 8192)

E/QSEECOMD: (26078): Listener: index = 1, hierarchy = 0

E/QSEECOMD: (26078): Init dlopen(libssd.so, RLTD_NOW) is failed....

E/QSEECOMD: (26078): ERROR: SSD_INIT failed, shall not start listener services

D/MoPub   (25724): Attempted to add text (Its time to make a change. Try online counseling and start finding your happiness today.) to null TextView.

E/MoPub   (25724): Cannot load image into null ImageView

D/DDDG    (25724): DDDG_Interation:Type:scroll:Pointer:340541fd:Id:com.weheartit:id/pullToRefreshListView:Class:android.support.v7.widget.RecyclerView:Listener:true

I/Choreographer(25724): Skipped 92 frames!  The application may be doing too much work on its main thread.

D/DDDG    (25724): DDDG_Interation:Type:scroll:Pointer:24a5f365:Id:com.weheartit:id/pullToRefreshListView:Class:android.support.v7.widget.RecyclerView:Listener:true

I/STFBatteryMonitor( 3002): Battery is charging (good health); connected via ac; level at 21/100; temp 33.3C@3.547V

W/FlurryAgent(25724): Flurry session paused for context:com.weheartit.app.authentication.LoginActivity@3dffb176

I/STFBatteryMonitor( 3002): Battery is charging (good health); connected via ac; level at 21/100; temp 33.5C@3.682V

D/QSEECOMD: (26079): qseecom listener services process entry PPID = 1

E/QSEECOMD: (26079): Listener: index = 0, hierarchy = 0

D/QSEECOMD: (26079): Init dlopen(librpmb.so, RTLD_NOW) succeeds

D/QSEECOMD: (26079): Init::Init dlsym(g_FSHandle rpmb_init_service) succeeds

I/rpmb    (26079): RPMB Mult = 16384, Rel_sec_cnt = 1

E/DrmLibRpmb(26079): rpmb_init succeeded! with ret = 0

D/QSEECOMD: (26079): Init rpmb_init_service ret = 0

D/QSEECOMD: (26079): RPMB system services: init (Listener ID = 8192)

E/QSEECOMD: (26079): Listener: index = 1, hierarchy = 0

E/QSEECOMD: (26079): Init dlopen(libssd.so, RLTD_NOW) is failed....

E/QSEECOMD: (26079): ERROR: SSD_INIT failed, shall not start listener services

D/DDDG    ( 1545): DDDG_XML_Serial:758

I/Choreographer(25724): Skipped 46 frames!  The application may be doing too much work on its main thread.

D/DDDG    (25724): DDDG_Interation:Type:scroll:Pointer:ed1829e:Id:com.weheartit:id/recyclerview:Class:android.support.v7.widget.RecyclerView:Listener:true

D/DDDG    (25724): DDDG_Interation:Type:scroll:Pointer:ed1829e:Id:com.weheartit:id/recyclerview:Class:android.support.v7.widget.RecyclerView:Listener:true

D/DDDG    (25724): DDDG_Interation:Type:scroll:Pointer:ed1829e:Id:com.weheartit:id/recyclerview:Class:android.support.v7.widget.RecyclerView:Listener:true

D/DDDG    (25724): DDDG_Interation:Type:scroll:Pointer:ed1829e:Id:com.weheartit:id/recyclerview:Class:android.support.v7.widget.RecyclerView:Listener:true

D/DDDG    (25724): DDDG_Interation:Type:scroll:Pointer:ed1829e:Id:com.weheartit:id/recyclerview:Class:android.support.v7.widget.RecyclerView:Listener:true

D/DDDG    (25724): DDDG_Interation:Type:scroll:Pointer:ed1829e:Id:com.weheartit:id/recyclerview:Class:android.support.v7.widget.RecyclerView:Listener:true

D/DDDG    (25724): DDDG_Interation:Type:scroll:Pointer:ed1829e:Id:com.weheartit:id/recyclerview:Class:android.support.v7.widget.RecyclerView:Listener:true

D/DDDG    (25724): DDDG_Interation:Type:scroll:Pointer:ed1829e:Id:com.weheartit:id/recyclerview:Class:android.support.v7.widget.RecyclerView:Listener:true

D/DDDG    (25724): DDDG_Interation:Type:scroll:Pointer:ed1829e:Id:com.weheartit:id/recyclerview:Class:android.support.v7.widget.RecyclerView:Listener:true

D/DDDG    (25724): DDDG_Interation:Type:scroll:Pointer:ed1829e:Id:com.weheartit:id/recyclerview:Class:android.support.v7.widget.RecyclerView:Listener:true

D/DDDG    (25724): DDDG_Interation:Type:scroll:Pointer:ed1829e:Id:com.weheartit:id/recyclerview:Class:android.support.v7.widget.RecyclerView:Listener:true

D/DDDG    (25724): DDDG_Interation:Type:scroll:Pointer:ed1829e:Id:com.weheartit:id/recyclerview:Class:android.support.v7.widget.RecyclerView:Listener:true

D/DDDG    (25724): DDDG_Interation:Type:scroll:Pointer:ed1829e:Id:com.weheartit:id/recyclerview:Class:android.support.v7.widget.RecyclerView:Listener:true

I/STFBatteryMonitor( 3002): Battery is charging (good health); connected via ac; level at 21/100; temp 33.5C@3.557V

D/DDDG    (25724): DDDG_Interation:Type:scroll:Pointer:ed1829e:Id:com.weheartit:id/recyclerview:Class:android.support.v7.widget.RecyclerView:Listener:true

D/DDDG    (25724): DDDG_Interation:Type:scroll:Pointer:ed1829e:Id:com.weheartit:id/recyclerview:Class:android.support.v7.widget.RecyclerView:Listener:true

E/WifiStateMachine( 1545): WifiStateMachine CMD_START_SCAN source -2 txSuccessRate=70.13 rxSuccessRate=73.47 targetRoamBSSID=00:00:00:00:00:00 RSSI=-27

D/DDDG    ( 1545): DDDG_XML_Serial:768

I/Choreographer(25724): Skipped 43 frames!  The application may be doing too much work on its main thread.

I/STFBatteryMonitor( 3002): Battery is charging (good health); connected via ac; level at 21/100; temp 33.6C@3.636V

D/QSEECOMD: (26085): qseecom listener services process entry PPID = 1

E/QSEECOMD: (26085): Listener: index = 0, hierarchy = 0

D/QSEECOMD: (26085): Init dlopen(librpmb.so, RTLD_NOW) succeeds

D/QSEECOMD: (26085): Init::Init dlsym(g_FSHandle rpmb_init_service) succeeds

I/rpmb    (26085): RPMB Mult = 16384, Rel_sec_cnt = 1

E/DrmLibRpmb(26085): rpmb_init succeeded! with ret = 0

D/QSEECOMD: (26085): Init rpmb_init_service ret = 0

D/QSEECOMD: (26085): RPMB system services: init (Listener ID = 8192)

E/QSEECOMD: (26085): Listener: index = 1, hierarchy = 0

E/QSEECOMD: (26085): Init dlopen(libssd.so, RLTD_NOW) is failed....

E/QSEECOMD: (26085): ERROR: SSD_INIT failed, shall not start listener services

D/DDDG    ( 1545): DDDG_XML_Serial:772

D/InputEventConsistencyVerifier(25724): TouchEvent: ACTION_MOVE contained 1 pointers but there are currently 0 pointers down.

D/InputEventConsistencyVerifier(25724):   in android.view.GestureDetector@354d8ff3

D/InputEventConsistencyVerifier(25724):   0: sent at 99181599903000, MotionEvent { action=ACTION_MOVE, id[0]=0, x[0]=943.0, y[0]=777.0, toolType[0]=TOOL_TYPE_FINGER, buttonState=0, metaState=0, flags=0x0, edgeFlags=0x0, pointerCount=1, historySize=18, eventTime=99181599, downTime=99181000, deviceId=5, source=0x1002 }

D/DDDG_Gestures(25724): scroll:com.weheartit/com.weheartit.app.DiscoverActivity

W/DDDG_Gestures(25724): Detector passed in

I/Choreographer(25724): Skipped 44 frames!  The application may be doing too much work on its main thread.

I/STFBatteryMonitor( 3002): Battery is charging (good health); connected via ac; level at 21/100; temp 33.6C@3.612V

I/STFBatteryMonitor( 3002): Battery is charging (good health); connected via ac; level at 21/100; temp 33.6C@3.506V

I/STFBatteryMonitor( 3002): Battery is charging (good health); connected via ac; level at 21/100; temp 33.6C@3.489V

I/STFBatteryMonitor( 3002): Battery is charging (good health); connected via ac; level at 21/100; temp 33.6C@3.537V

I/STFBatteryMonitor( 3002): Battery is charging (good health); connected via ac; level at 21/100; temp 33.5C@3.537V

I/STFBatteryMonitor( 3002): Battery is charging (good health); connected via ac; level at 21/100; temp 33.6C@3.681V

D/QSEECOMD: (26087): qseecom listener services process entry PPID = 1

E/QSEECOMD: (26087): Listener: index = 0, hierarchy = 0

D/QSEECOMD: (26087): Init dlopen(librpmb.so, RTLD_NOW) succeeds

D/QSEECOMD: (26087): Init::Init dlsym(g_FSHandle rpmb_init_service) succeeds

I/rpmb    (26087): RPMB Mult = 16384, Rel_sec_cnt = 1

E/DrmLibRpmb(26087): rpmb_init succeeded! with ret = 0

D/QSEECOMD: (26087): Init rpmb_init_service ret = 0

D/QSEECOMD: (26087): RPMB system services: init (Listener ID = 8192)

E/QSEECOMD: (26087): Listener: index = 1, hierarchy = 0

E/QSEECOMD: (26087): Init dlopen(libssd.so, RLTD_NOW) is failed....

E/QSEECOMD: (26087): ERROR: SSD_INIT failed, shall not start listener services

I/STFBatteryMonitor( 3002): Battery is charging (good health); connected via ac; level at 21/100; temp 33.6C@3.705V

D/DDDG    ( 1545): DDDG_XML_Serial:797

D/DDDG_Gestures(25724): scroll:com.weheartit/com.weheartit.app.DiscoverActivity

W/DDDG_Gestures(25724): Detector passed in

I/Choreographer(25724): Skipped 43 frames!  The application may be doing too much work on its main thread.

D/DDDG    (25724): DDDG_Interation:Type:scroll:Pointer:24a5f365:Id:com.weheartit:id/pullToRefreshListView:Class:android.support.v7.widget.RecyclerView:Listener:true

D/DDDG    (25724): DDDG_Interation:Type:scroll:Pointer:24a5f365:Id:com.weheartit:id/pullToRefreshListView:Class:android.support.v7.widget.RecyclerView:Listener:true

D/DDDG    (25724): DDDG_Interation:Type:scroll:Pointer:24a5f365:Id:com.weheartit:id/pullToRefreshListView:Class:android.support.v7.widget.RecyclerView:Listener:true

D/DDDG    (25724): DDDG_Interation:Type:scroll:Pointer:24a5f365:Id:com.weheartit:id/pullToRefreshListView:Class:android.support.v7.widget.RecyclerView:Listener:true

D/DDDG    (25724): DDDG_Interation:Type:scroll:Pointer:24a5f365:Id:com.weheartit:id/pullToRefreshListView:Class:android.support.v7.widget.RecyclerView:Listener:true

D/DDDG    (25724): DDDG_Interation:Type:scroll:Pointer:24a5f365:Id:com.weheartit:id/pullToRefreshListView:Class:android.support.v7.widget.RecyclerView:Listener:true

D/DDDG    (25724): DDDG_Interation:Type:scroll:Pointer:24a5f365:Id:com.weheartit:id/pullToRefreshListView:Class:android.support.v7.widget.RecyclerView:Listener:true

D/DDDG    (25724): DDDG_Interation:Type:scroll:Pointer:24a5f365:Id:com.weheartit:id/pullToRefreshListView:Class:android.support.v7.widget.RecyclerView:Listener:true

I/STFBatteryMonitor( 3002): Battery is charging (good health); connected via ac; level at 21/100; temp 33.6C@3.650V

I/STFBatteryMonitor( 3002): Battery is charging (good health); connected via ac; level at 21/100; temp 33.6C@3.509V

I/STFBatteryMonitor( 3002): Battery is charging (good health); connected via ac; level at 21/100; temp 33.6C@3.491V

I/STFBatteryMonitor( 3002): Battery is charging (good health); connected via ac; level at 21/100; temp 33.6C@3.542V

I/STFBatteryMonitor( 3002): Battery is charging (good health); connected via ac; level at 21/100; temp 33.6C@3.690V

D/QSEECOMD: (26091): qseecom listener services process entry PPID = 1

E/QSEECOMD: (26091): Listener: index = 0, hierarchy = 0

D/QSEECOMD: (26091): Init dlopen(librpmb.so, RTLD_NOW) succeeds

D/QSEECOMD: (26091): Init::Init dlsym(g_FSHandle rpmb_init_service) succeeds

I/rpmb    (26091): RPMB Mult = 16384, Rel_sec_cnt = 1

E/DrmLibRpmb(26091): rpmb_init succeeded! with ret = 0

D/QSEECOMD: (26091): Init rpmb_init_service ret = 0

D/QSEECOMD: (26091): RPMB system services: init (Listener ID = 8192)

E/QSEECOMD: (26091): Listener: index = 1, hierarchy = 0

E/QSEECOMD: (26091): Init dlopen(libssd.so, RLTD_NOW) is failed....

E/QSEECOMD: (26091): ERROR: SSD_INIT failed, shall not start listener services

D/DDDG    ( 1545): DDDG_XML_Serial:821

D/DDDG_Gestures(25724): fling:com.weheartit/com.weheartit.app.DiscoverActivity

W/DDDG_Gestures(25724): Detector passed in

I/Choreographer(25724): Skipped 41 frames!  The application may be doing too much work on its main thread.

D/DDDG    (25724): DDDG_Interation:Type:click:Pointer:3763db4b:Id:com.weheartit:id/entryImageViewLayout:Class:com.weheartit.widget.layout.EntryView:Listener:true

D/audio_hw_primary( 1074): out_set_parameters: enter: usecase(1: low-latency-playback) kvpairs: routing=2

D/audio_hw_primary( 1074): select_devices: out_snd_device(2: speaker) in_snd_device(0: none)

D/msm8974_platform( 1074): platform_send_audio_calibration: sending audio calibration for snd_device(2) acdb_id(15)

E/ACDB-LOADER( 1074): Error: ACDB AFE returned = -19

D/audio_hw_primary( 1074): enable_snd_device: snd_device(2: speaker)

D/audio_hw_primary( 1074): enable_audio_route: apply and update mixer path: low-latency-playback speaker

I/ActivityManager( 1545): START u0 {cmp=com.weheartit/.app.SwipeableEntryDetailsActivity (has extras)} from uid 10097 on display 0

V/WindowManager( 1545): addAppToken: AppWindowToken{3ec959bd token=Token{26dd8d14 ActivityRecord{3dd5ab67 u0 com.weheartit/.app.SwipeableEntryDetailsActivity t66}}} to stack=1 task=66 at 1

I/STFBatteryMonitor( 3002): Battery is charging (good health); connected via ac; level at 21/100; temp 33.5C@3.500V

D/DDDG    (25724): Params Found:/data/data/com.weheartit/files/dddgintentextras/test0:com.weheartit/com.weheartit.app.SwipeableEntryDetailsActivity

D/KeepAlive(25724): stop

D/KeepAlive(25724): cancel()

W/FlurryAgent(25724): Flurry session resumed for context:com.weheartit.app.SwipeableEntryDetailsActivity@2208d9c2

D/KeepAlive(25724): processKeepAlive(true) timeSinceLastTransmission=75716 currentTimeout=3000

D/KeepAlive(25724): Sending Keep-alive

V/WindowManager( 1545): Adding window Window{38079703 u0 com.weheartit/com.weheartit.app.SwipeableEntryDetailsActivity} package:com.weheartit at 21 of 27 (after Window{3646a7c u0 com.weheartit/com.weheartit.app.DiscoverActivity} package:com.weheartit)

I/STFBatteryMonitor( 3002): Battery is charging (good health); connected via ac; level at 21/100; temp 33.5C@3.581V

I/STFBatteryMonitor( 3002): Battery is charging (good health); connected via ac; level at 21/100; temp 33.5C@3.505V

I/STFBatteryMonitor( 3002): Battery is charging (good health); connected via ac; level at 21/100; temp 33.5C@3.544V

I/STFBatteryMonitor( 3002): Battery is charging (good health); connected via ac; level at 21/100; temp 33.5C@3.528V

I/STFBatteryMonitor( 3002): Battery is charging (good health); connected via ac; level at 21/100; temp 33.5C@3.522V

I/STFBatteryMonitor( 3002): Battery is charging (good health); connected via ac; level at 21/100; temp 33.5C@3.504V

I/Choreographer(25724): Skipped 64 frames!  The application may be doing too much work on its main thread.

I/ActivityManager( 1545): Displayed com.weheartit/.app.SwipeableEntryDetailsActivity: +1s547ms

W/FlurryAgent(25724): Flurry session paused for context:com.weheartit.app.DiscoverActivity@2c56df44

I/STFBatteryMonitor( 3002): Battery is charging (good health); connected via ac; level at 21/100; temp 33.4C@3.427V

I/STFBatteryMonitor( 3002): Battery is charging (good health); connected via ac; level at 21/100; temp 33.4C@3.534V

D/QSEECOMD: (26112): qseecom listener services process entry PPID = 1

E/QSEECOMD: (26112): Listener: index = 0, hierarchy = 0

D/QSEECOMD: (26112): Init dlopen(librpmb.so, RTLD_NOW) succeeds

D/QSEECOMD: (26112): Init::Init dlsym(g_FSHandle rpmb_init_service) succeeds

I/rpmb    (26112): RPMB Mult = 16384, Rel_sec_cnt = 1

E/DrmLibRpmb(26112): rpmb_init succeeded! with ret = 0

D/QSEECOMD: (26112): Init rpmb_init_service ret = 0

D/QSEECOMD: (26112): RPMB system services: init (Listener ID = 8192)

E/QSEECOMD: (26112): Listener: index = 1, hierarchy = 0

E/QSEECOMD: (26112): Init dlopen(libssd.so, RLTD_NOW) is failed....

E/QSEECOMD: (26112): ERROR: SSD_INIT failed, shall not start listener services

D/audio_hw_primary( 1074): disable_audio_route: reset and update mixer path: low-latency-playback speaker

D/audio_hw_primary( 1074): disable_snd_device: snd_device(2: speaker)

I/STFBatteryMonitor( 3002): Battery is charging (good health); connected via ac; level at 21/100; temp 33.7C@3.563V

I/STFBatteryMonitor( 3002): Battery is charging (good health); connected via ac; level at 21/100; temp 33.7C@3.572V

I/Choreographer(25724): Skipped 55 frames!  The application may be doing too much work on its main thread.

E/WifiStateMachine( 1545): WifiStateMachine CMD_START_SCAN source -2 txSuccessRate=118.14 rxSuccessRate=105.79 targetRoamBSSID=00:00:00:00:00:00 RSSI=-21

I/STFBatteryMonitor( 3002): Battery is charging (good health); connected via ac; level at 21/100; temp 33.7C@3.664V

D/QSEECOMD: (26122): qseecom listener services process entry PPID = 1

E/QSEECOMD: (26122): Listener: index = 0, hierarchy = 0

D/QSEECOMD: (26122): Init dlopen(librpmb.so, RTLD_NOW) succeeds

D/QSEECOMD: (26122): Init::Init dlsym(g_FSHandle rpmb_init_service) succeeds

I/rpmb    (26122): RPMB Mult = 16384, Rel_sec_cnt = 1

E/DrmLibRpmb(26122): rpmb_init succeeded! with ret = 0

D/QSEECOMD: (26122): Init rpmb_init_service ret = 0

D/QSEECOMD: (26122): RPMB system services: init (Listener ID = 8192)

E/QSEECOMD: (26122): Listener: index = 1, hierarchy = 0

E/QSEECOMD: (26122): Init dlopen(libssd.so, RLTD_NOW) is failed....

E/QSEECOMD: (26122): ERROR: SSD_INIT failed, shall not start listener services

D/DDDG    ( 1545): DDDG_XML_Serial:911

D/DDDG    (25724): DDDG_Interation:Type:scroll:Pointer:2ecb4faf:Id:com.weheartit:id/scrollView:Class:com.weheartit.widget.layout.ObservableScrollView:Listener:true

D/DDDG    (25724): DDDG_Interation:Type:scroll:Pointer:2ecb4faf:Id:com.weheartit:id/scrollView:Class:com.weheartit.widget.layout.ObservableScrollView:Listener:true

D/DDDG    (25724): DDDG_Interation:Type:scroll:Pointer:2ecb4faf:Id:com.weheartit:id/scrollView:Class:com.weheartit.widget.layout.ObservableScrollView:Listener:true

D/DDDG    (25724): DDDG_Interation:Type:scroll:Pointer:2ecb4faf:Id:com.weheartit:id/scrollView:Class:com.weheartit.widget.layout.ObservableScrollView:Listener:true

D/DDDG    (25724): DDDG_Interation:Type:scroll:Pointer:2ecb4faf:Id:com.weheartit:id/scrollView:Class:com.weheartit.widget.layout.ObservableScrollView:Listener:true

D/DDDG    (25724): DDDG_Interation:Type:scroll:Pointer:2ecb4faf:Id:com.weheartit:id/scrollView:Class:com.weheartit.widget.layout.ObservableScrollView:Listener:true

D/DDDG    (25724): DDDG_Interation:Type:scroll:Pointer:2ecb4faf:Id:com.weheartit:id/scrollView:Class:com.weheartit.widget.layout.ObservableScrollView:Listener:true

I/STFBatteryMonitor( 3002): Battery is charging (good health); connected via ac; level at 21/100; temp 33.7C@3.657V

I/STFBatteryMonitor( 3002): Battery is charging (good health); connected via ac; level at 21/100; temp 33.7C@3.527V

D/QSEECOMD: (26125): qseecom listener services process entry PPID = 1

E/QSEECOMD: (26125): Listener: index = 0, hierarchy = 0

D/QSEECOMD: (26125): Init dlopen(librpmb.so, RTLD_NOW) succeeds

D/QSEECOMD: (26125): Init::Init dlsym(g_FSHandle rpmb_init_service) succeeds

I/rpmb    (26125): RPMB Mult = 16384, Rel_sec_cnt = 1

E/DrmLibRpmb(26125): rpmb_init succeeded! with ret = 0

D/QSEECOMD: (26125): Init rpmb_init_service ret = 0

D/QSEECOMD: (26125): RPMB system services: init (Listener ID = 8192)

E/QSEECOMD: (26125): Listener: index = 1, hierarchy = 0

E/QSEECOMD: (26125): Init dlopen(libssd.so, RLTD_NOW) is failed....

E/QSEECOMD: (26125): ERROR: SSD_INIT failed, shall not start listener services

D/DDDG    ( 1545): DDDG_XML_Serial:927

I/STFBatteryMonitor( 3002): Battery is charging (good health); connected via ac; level at 21/100; temp 33.8C@3.616V

D/DDDG    (25724): DDDG_Interation:Type:long_click:Pointer:162477ab:Id:com.weheartit:id/entryImageViewLayout:Class:com.weheartit.widget.layout.EntryView:Listener:false

D/InputEventConsistencyVerifier(25724): TouchEvent: ACTION_MOVE contained 1 pointers but there are currently 0 pointers down.

D/InputEventConsistencyVerifier(25724):   in android.view.GestureDetector@2755df5b

D/InputEventConsistencyVerifier(25724):   0: sent at 99206909061000, MotionEvent { action=ACTION_MOVE, id[0]=0, x[0]=923.0, y[0]=1631.5409, toolType[0]=TOOL_TYPE_FINGER, buttonState=0, metaState=0, flags=0x0, edgeFlags=0x0, pointerCount=1, historySize=11, eventTime=99206909, downTime=99206410, deviceId=5, source=0x1002 }

D/DDDG_Gestures(25724): scroll:com.weheartit/com.weheartit.app.SwipeableEntryDetailsActivity

W/DDDG_Gestures(25724): Detector passed in

D/DDDG    (25724): DDDG_Interation:Type:scroll:Pointer:2ecb4faf:Id:com.weheartit:id/scrollView:Class:com.weheartit.widget.layout.ObservableScrollView:Listener:true

D/DDDG    (25724): DDDG_Interation:Type:scroll:Pointer:2ecb4faf:Id:com.weheartit:id/scrollView:Class:com.weheartit.widget.layout.ObservableScrollView:Listener:true

D/DDDG    (25724): DDDG_Interation:Type:scroll:Pointer:2ecb4faf:Id:com.weheartit:id/scrollView:Class:com.weheartit.widget.layout.ObservableScrollView:Listener:true

D/DDDG    (25724): DDDG_Interation:Type:scroll:Pointer:2ecb4faf:Id:com.weheartit:id/scrollView:Class:com.weheartit.widget.layout.ObservableScrollView:Listener:true

D/DDDG    (25724): DDDG_Interation:Type:scroll:Pointer:2ecb4faf:Id:com.weheartit:id/scrollView:Class:com.weheartit.widget.layout.ObservableScrollView:Listener:true

D/DDDG    (25724): DDDG_Interation:Type:scroll:Pointer:2ecb4faf:Id:com.weheartit:id/scrollView:Class:com.weheartit.widget.layout.ObservableScrollView:Listener:true

D/DDDG    (25724): DDDG_Interation:Type:scroll:Pointer:2ecb4faf:Id:com.weheartit:id/scrollView:Class:com.weheartit.widget.layout.ObservableScrollView:Listener:true

D/DDDG    (25724): DDDG_Interation:Type:scroll:Pointer:2ecb4faf:Id:com.weheartit:id/scrollView:Class:com.weheartit.widget.layout.ObservableScrollView:Listener:true

D/DDDG    (25724): DDDG_Interation:Type:scroll:Pointer:2ecb4faf:Id:com.weheartit:id/scrollView:Class:com.weheartit.widget.layout.ObservableScrollView:Listener:true

D/DDDG    (25724): DDDG_Interation:Type:scroll:Pointer:2ecb4faf:Id:com.weheartit:id/scrollView:Class:com.weheartit.widget.layout.ObservableScrollView:Listener:true

D/DDDG    (25724): DDDG_Interation:Type:scroll:Pointer:2ecb4faf:Id:com.weheartit:id/scrollView:Class:com.weheartit.widget.layout.ObservableScrollView:Listener:true

D/DDDG    (25724): DDDG_Interation:Type:scroll:Pointer:2ecb4faf:Id:com.weheartit:id/scrollView:Class:com.weheartit.widget.layout.ObservableScrollView:Listener:true

D/DDDG    (25724): DDDG_Interation:Type:scroll:Pointer:2ecb4faf:Id:com.weheartit:id/scrollView:Class:com.weheartit.widget.layout.ObservableScrollView:Listener:true

D/DDDG    (25724): DDDG_Interation:Type:scroll:Pointer:2ecb4faf:Id:com.weheartit:id/scrollView:Class:com.weheartit.widget.layout.ObservableScrollView:Listener:true

D/DDDG    (25724): DDDG_Interation:Type:scroll:Pointer:2ecb4faf:Id:com.weheartit:id/scrollView:Class:com.weheartit.widget.layout.ObservableScrollView:Listener:true

I/STFBatteryMonitor( 3002): Battery is charging (good health); connected via ac; level at 21/100; temp 33.7C@3.595V

I/STFBatteryMonitor( 3002): Battery is charging (good health); connected via ac; level at 21/100; temp 33.7C@3.507V

I/STFBatteryMonitor( 3002): Battery is charging (good health); connected via ac; level at 21/100; temp 33.6C@3.492V

D/QSEECOMD: (26128): qseecom listener services process entry PPID = 1

E/QSEECOMD: (26128): Listener: index = 0, hierarchy = 0

D/QSEECOMD: (26128): Init dlopen(librpmb.so, RTLD_NOW) succeeds

D/QSEECOMD: (26128): Init::Init dlsym(g_FSHandle rpmb_init_service) succeeds

I/rpmb    (26128): RPMB Mult = 16384, Rel_sec_cnt = 1

E/DrmLibRpmb(26128): rpmb_init succeeded! with ret = 0

D/QSEECOMD: (26128): Init rpmb_init_service ret = 0

D/QSEECOMD: (26128): RPMB system services: init (Listener ID = 8192)

E/QSEECOMD: (26128): Listener: index = 1, hierarchy = 0

E/QSEECOMD: (26128): Init dlopen(libssd.so, RLTD_NOW) is failed....

E/QSEECOMD: (26128): ERROR: SSD_INIT failed, shall not start listener services

D/DDDG    ( 1545): DDDG_XML_Serial:962

D/DDDG    (25724): DDDG_Interation:Type:click:Pointer:3eafc3b2:Id::Class:com.weheartit.widget.ExpandableTextView:Listener:true

D/audio_hw_primary( 1074): out_set_parameters: enter: usecase(1: low-latency-playback) kvpairs: routing=2

D/audio_hw_primary( 1074): select_devices: out_snd_device(2: speaker) in_snd_device(0: none)

D/msm8974_platform( 1074): platform_send_audio_calibration: sending audio calibration for snd_device(2) acdb_id(15)

E/ACDB-LOADER( 1074): Error: ACDB AFE returned = -19

D/audio_hw_primary( 1074): enable_snd_device: snd_device(2: speaker)

D/audio_hw_primary( 1074): enable_audio_route: apply and update mixer path: low-latency-playback speaker

I/STFBatteryMonitor( 3002): Battery is charging (good health); connected via ac; level at 21/100; temp 33.8C@3.577V

I/STFBatteryMonitor( 3002): Battery is charging (good health); connected via ac; level at 21/100; temp 33.8C@3.507V

I/STFBatteryMonitor( 3002): Battery is charging (good health); connected via ac; level at 21/100; temp 33.8C@3.521V

I/wpa_supplicant( 3500): wlan0: WPA: Group rekeying completed with 24:a0:74:e9:71:40 [GTK=CCMP]

I/STFBatteryMonitor( 3002): Battery is charging (good health); connected via ac; level at 21/100; temp 33.8C@3.504V

I/STFBatteryMonitor( 3002): Battery is charging (good health); connected via ac; level at 21/100; temp 33.8C@3.515V

D/QSEECOMD: (26136): qseecom listener services process entry PPID = 1

E/QSEECOMD: (26136): Listener: index = 0, hierarchy = 0

D/QSEECOMD: (26136): Init dlopen(librpmb.so, RTLD_NOW) succeeds

D/QSEECOMD: (26136): Init::Init dlsym(g_FSHandle rpmb_init_service) succeeds

I/rpmb    (26136): RPMB Mult = 16384, Rel_sec_cnt = 1

E/DrmLibRpmb(26136): rpmb_init succeeded! with ret = 0

D/QSEECOMD: (26136): Init rpmb_init_service ret = 0

D/QSEECOMD: (26136): RPMB system services: init (Listener ID = 8192)

E/QSEECOMD: (26136): Listener: index = 1, hierarchy = 0

E/QSEECOMD: (26136): Init dlopen(libssd.so, RLTD_NOW) is failed....

E/QSEECOMD: (26136): ERROR: SSD_INIT failed, shall not start listener services

D/audio_hw_primary( 1074): disable_audio_route: reset and update mixer path: low-latency-playback speaker

D/audio_hw_primary( 1074): disable_snd_device: snd_device(2: speaker)

E/WifiStateMachine( 1545): WifiStateMachine CMD_START_SCAN source -2 txSuccessRate=4.56 rxSuccessRate=4.90 targetRoamBSSID=00:00:00:00:00:00 RSSI=-21

E/WifiStateMachine( 1545): WifiStateMachine starting scan for "Mac Pro"WPA_PSK with 2462

D/DDDG    ( 1545): DDDG_XML_Serial:989

I/STFBatteryMonitor( 3002): Battery is charging (good health); connected via ac; level at 21/100; temp 33.8C@3.635V

I/STFBatteryMonitor( 3002): Battery is charging (good health); connected via ac; level at 21/100; temp 33.8C@3.650V

D/DDDG    (25724): DDDG_Interation:Type:click:Pointer:2c690dae:Id::Class:com.weheartit.widget.ExpandableTextView:Listener:true

I/ActivityManager( 1545): START u0 {cmp=com.weheartit/.app.TaggedEntriesActivity (has extras)} from uid 10097 on display 0

D/audio_hw_primary( 1074): out_set_parameters: enter: usecase(1: low-latency-playback) kvpairs: routing=2

V/WindowManager( 1545): addAppToken: AppWindowToken{13bf20fe token=Token{35b6d4b9 ActivityRecord{3a906680 u0 com.weheartit/.app.TaggedEntriesActivity t66}}} to stack=1 task=66 at 2

D/QSEECOMD: (26142): qseecom listener services process entry PPID = 1

E/QSEECOMD: (26142): Listener: index = 0, hierarchy = 0

D/QSEECOMD: (26142): Init dlopen(librpmb.so, RTLD_NOW) succeeds

D/QSEECOMD: (26142): Init::Init dlsym(g_FSHandle rpmb_init_service) succeeds

I/rpmb    (26142): RPMB Mult = 16384, Rel_sec_cnt = 1

E/DrmLibRpmb(26142): rpmb_init succeeded! with ret = 0

D/QSEECOMD: (26142): Init rpmb_init_service ret = 0

D/QSEECOMD: (26142): RPMB system services: init (Listener ID = 8192)

E/QSEECOMD: (26142): Listener: index = 1, hierarchy = 0

E/QSEECOMD: (26142): Init dlopen(libssd.so, RLTD_NOW) is failed....

E/QSEECOMD: (26142): ERROR: SSD_INIT failed, shall not start listener services

D/audio_hw_primary( 1074): select_devices: out_snd_device(2: speaker) in_snd_device(0: none)

D/msm8974_platform( 1074): platform_send_audio_calibration: sending audio calibration for snd_device(2) acdb_id(15)

E/ACDB-LOADER( 1074): Error: ACDB AFE returned = -19

D/audio_hw_primary( 1074): enable_snd_device: snd_device(2: speaker)

D/audio_hw_primary( 1074): enable_audio_route: apply and update mixer path: low-latency-playback speaker

D/DDDG    (25724): Params Found:/data/data/com.weheartit/files/dddgintentextras/test1:com.weheartit/com.weheartit.app.TaggedEntriesActivity

I/art     (25724): Background sticky concurrent mark sweep GC freed 44240(6MB) AllocSpace objects, 1(16KB) LOS objects, 7% free, 86MB/93MB, paused 5.556ms total 55.634ms

I/STFBatteryMonitor( 3002): Battery is charging (good health); connected via ac; level at 21/100; temp 33.8C@3.476V

W/FlurryAgent(25724): Flurry session resumed for context:com.weheartit.app.TaggedEntriesActivity@80cde58

D/KeepAlive(25724): cancel()

D/KeepAlive(25724): start(3000)

V/WindowManager( 1545): Adding window Window{2d3ae37b u0 com.weheartit/com.weheartit.app.TaggedEntriesActivity} package:com.weheartit at 22 of 28 (after Window{38079703 u0 com.weheartit/com.weheartit.app.SwipeableEntryDetailsActivity} package:com.weheartit)

I/ActivityManager( 1545): Displayed com.weheartit/.app.TaggedEntriesActivity: +1s288ms

I/STFBatteryMonitor( 3002): Battery is charging (good health); connected via ac; level at 21/100; temp 33.8C@3.526V

I/STFBatteryMonitor( 3002): Battery is charging (good health); connected via ac; level at 21/100; temp 33.8C@3.479V

I/STFBatteryMonitor( 3002): Battery is charging (good health); connected via ac; level at 21/100; temp 33.7C@3.475V

I/STFBatteryMonitor( 3002): Battery is charging (good health); connected via ac; level at 20/100; temp 33.7C@3.499V

I/STFBatteryMonitor( 3002): Battery is charging (good health); connected via ac; level at 20/100; temp 33.7C@3.474V

I/STFBatteryMonitor( 3002): Battery is charging (good health); connected via ac; level at 20/100; temp 33.7C@3.489V

D/RecentEntriesApiEndpoint(25724): Entries: 24 Ads: 0

I/STFBatteryMonitor( 3002): Battery is charging (good health); connected via ac; level at 20/100; temp 33.7C@3.493V

I/STFBatteryMonitor( 3002): Battery is charging (good health); connected via ac; level at 20/100; temp 33.7C@3.571V

D/DDDG    (25724): DDDG_Interation:Type:scroll:Pointer:30a7a4eb:Id:com.weheartit:id/pullToRefreshListView:Class:android.support.v7.widget.RecyclerView:Listener:true

W/FlurryAgent(25724): Flurry session paused for context:com.weheartit.app.SwipeableEntryDetailsActivity@2208d9c2

I/STFBatteryMonitor( 3002): Battery is charging (good health); connected via ac; level at 20/100; temp 33.8C@3.554V

D/audio_hw_primary( 1074): disable_audio_route: reset and update mixer path: low-latency-playback speaker

D/audio_hw_primary( 1074): disable_snd_device: snd_device(2: speaker)

I/STFBatteryMonitor( 3002): Battery is charging (good health); connected via ac; level at 20/100; temp 33.8C@3.586V

I/STFBatteryMonitor( 3002): Battery is charging (good health); connected via ac; level at 20/100; temp 33.8C@3.517V

I/art     (25724): Background partial concurrent mark sweep GC freed 157477(7MB) AllocSpace objects, 73(15MB) LOS objects, 18% free, 71MB/87MB, paused 2.403ms total 115.139ms

I/STFBatteryMonitor( 3002): Battery is charging (good health); connected via ac; level at 20/100; temp 33.8C@3.567V

I/ThermalEngine( 1080): TM Id 'BAT-SOC-CPUFREQ' Sensor 'soc' - alarm raised 2 at 0.0 degC

I/ThermalEngine( 1080): ACTION: CPU - Setting CPU[0] to 1728000

I/ThermalEngine( 1080): ACTION: CPU - Setting CPU[1] to 1728000

I/ThermalEngine( 1080): ACTION: CPU - Setting CPU[2] to 1728000

I/ThermalEngine( 1080): ACTION: CPU - Setting CPU[3] to 1728000

D/QSEECOMD: (26162): qseecom listener services process entry PPID = 1

E/QSEECOMD: (26162): Listener: index = 0, hierarchy = 0

D/QSEECOMD: (26162): Init dlopen(librpmb.so, RTLD_NOW) succeeds

D/QSEECOMD: (26162): Init::Init dlsym(g_FSHandle rpmb_init_service) succeeds

I/rpmb    (26162): RPMB Mult = 16384, Rel_sec_cnt = 1

E/DrmLibRpmb(26162): rpmb_init succeeded! with ret = 0

D/QSEECOMD: (26162): Init rpmb_init_service ret = 0

D/QSEECOMD: (26162): RPMB system services: init (Listener ID = 8192)

E/QSEECOMD: (26162): Listener: index = 1, hierarchy = 0

E/QSEECOMD: (26162): Init dlopen(libssd.so, RLTD_NOW) is failed....

E/QSEECOMD: (26162): ERROR: SSD_INIT failed, shall not start listener services

D/KeepAlive(25724): onReceive()

D/KeepAlive(25724): processKeepAlive(false) timeSinceLastTransmission=35554 currentTimeout=3000

D/KeepAlive(25724): Sending Keep-alive

D/KeepAlive(25724): cancel()

D/KeepAlive(25724): reset:86400000

D/KeepAlive(25724): cancel()

D/KeepAlive(25724): start(0)

I/STFBatteryMonitor( 3002): Battery is charging (good health); connected via ac; level at 20/100; temp 34.0C@3.635V

D/DDDG    ( 1545): DDDG_XML_Serial:1101

D/InputEventConsistencyVerifier(25724): TouchEvent: ACTION_MOVE contained 1 pointers but there are currently 0 pointers down.

D/InputEventConsistencyVerifier(25724):   in android.view.GestureDetector@315dd7ef

D/InputEventConsistencyVerifier(25724):   0: sent at 99229847203959, MotionEvent { action=ACTION_MOVE, id[0]=0, x[0]=917.0, y[0]=1599.8295, toolType[0]=TOOL_TYPE_FINGER, buttonState=0, metaState=0, flags=0x0, edgeFlags=0x0, pointerCount=1, historySize=1, eventTime=99229847, downTime=99229361, deviceId=5, source=0x1002 }

D/DDDG_Gestures(25724): scroll:com.weheartit/com.weheartit.app.TaggedEntriesActivity

W/DDDG_Gestures(25724): Detector passed in

D/DDDG_Gestures(25724): scroll:com.weheartit/com.weheartit.app.TaggedEntriesActivity

W/DDDG_Gestures(25724): Detector passed in

D/DDDG    (25724): DDDG_Interation:Type:scroll:Pointer:30a7a4eb:Id:com.weheartit:id/pullToRefreshListView:Class:android.support.v7.widget.RecyclerView:Listener:true

D/DDDG    (25724): DDDG_Interation:Type:scroll:Pointer:30a7a4eb:Id:com.weheartit:id/pullToRefreshListView:Class:android.support.v7.widget.RecyclerView:Listener:true

D/DDDG    (25724): DDDG_Interation:Type:scroll:Pointer:30a7a4eb:Id:com.weheartit:id/pullToRefreshListView:Class:android.support.v7.widget.RecyclerView:Listener:true

D/QSEECOMD: (26171): qseecom listener services process entry PPID = 1

E/QSEECOMD: (26171): Listener: index = 0, hierarchy = 0

D/QSEECOMD: (26171): Init dlopen(librpmb.so, RTLD_NOW) succeeds

D/QSEECOMD: (26171): Init::Init dlsym(g_FSHandle rpmb_init_service) succeeds

I/rpmb    (26171): RPMB Mult = 16384, Rel_sec_cnt = 1

E/DrmLibRpmb(26171): rpmb_init succeeded! with ret = 0

D/QSEECOMD: (26171): Init rpmb_init_service ret = 0

D/QSEECOMD: (26171): RPMB system services: init (Listener ID = 8192)

E/QSEECOMD: (26171): Listener: index = 1, hierarchy = 0

E/QSEECOMD: (26171): Init dlopen(libssd.so, RLTD_NOW) is failed....

E/QSEECOMD: (26171): ERROR: SSD_INIT failed, shall not start listener services

I/STFBatteryMonitor( 3002): Battery is charging (good health); connected via ac; level at 20/100; temp 34.0C@3.564V

D/DDDG    (25724): DDDG_Interation:Type:scroll:Pointer:30a7a4eb:Id:com.weheartit:id/pullToRefreshListView:Class:android.support.v7.widget.RecyclerView:Listener:true

D/DDDG    (25724): DDDG_Interation:Type:scroll:Pointer:30a7a4eb:Id:com.weheartit:id/pullToRefreshListView:Class:android.support.v7.widget.RecyclerView:Listener:true

D/DDDG    (25724): DDDG_Interation:Type:scroll:Pointer:30a7a4eb:Id:com.weheartit:id/pullToRefreshListView:Class:android.support.v7.widget.RecyclerView:Listener:true

D/DDDG    (25724): DDDG_Interation:Type:scroll:Pointer:30a7a4eb:Id:com.weheartit:id/pullToRefreshListView:Class:android.support.v7.widget.RecyclerView:Listener:true

D/DDDG    (25724): DDDG_Interation:Type:scroll:Pointer:30a7a4eb:Id:com.weheartit:id/pullToRefreshListView:Class:android.support.v7.widget.RecyclerView:Listener:true

D/DDDG    (25724): DDDG_Interation:Type:scroll:Pointer:30a7a4eb:Id:com.weheartit:id/pullToRefreshListView:Class:android.support.v7.widget.RecyclerView:Listener:true

D/DDDG    (25724): DDDG_Interation:Type:scroll:Pointer:30a7a4eb:Id:com.weheartit:id/pullToRefreshListView:Class:android.support.v7.widget.RecyclerView:Listener:true

D/DDDG    (25724): DDDG_Interation:Type:scroll:Pointer:30a7a4eb:Id:com.weheartit:id/pullToRefreshListView:Class:android.support.v7.widget.RecyclerView:Listener:true

I/STFBatteryMonitor( 3002): Battery is charging (good health); connected via ac; level at 20/100; temp 33.8C@3.514V

D/DDDG    (25724): DDDG_Interation:Type:scroll:Pointer:30a7a4eb:Id:com.weheartit:id/pullToRefreshListView:Class:android.support.v7.widget.RecyclerView:Listener:true

D/DDDG    ( 1545): DDDG_XML_Serial:1125

D/DDDG_Gestures(25724): scroll:com.weheartit/com.weheartit.app.TaggedEntriesActivity

W/DDDG_Gestures(25724): Detector passed in

D/DDDG    (25724): DDDG_Interation:Type:scroll:Pointer:30a7a4eb:Id:com.weheartit:id/pullToRefreshListView:Class:android.support.v7.widget.RecyclerView:Listener:true

D/DDDG    (25724): DDDG_Interation:Type:scroll:Pointer:30a7a4eb:Id:com.weheartit:id/pullToRefreshListView:Class:android.support.v7.widget.RecyclerView:Listener:true

D/DDDG    (25724): DDDG_Interation:Type:scroll:Pointer:30a7a4eb:Id:com.weheartit:id/pullToRefreshListView:Class:android.support.v7.widget.RecyclerView:Listener:true

D/DDDG    (25724): DDDG_Interation:Type:scroll:Pointer:30a7a4eb:Id:com.weheartit:id/pullToRefreshListView:Class:android.support.v7.widget.RecyclerView:Listener:true

D/DDDG    (25724): DDDG_Interation:Type:scroll:Pointer:30a7a4eb:Id:com.weheartit:id/pullToRefreshListView:Class:android.support.v7.widget.RecyclerView:Listener:true

D/DDDG    (25724): DDDG_Interation:Type:scroll:Pointer:30a7a4eb:Id:com.weheartit:id/pullToRefreshListView:Class:android.support.v7.widget.RecyclerView:Listener:true

D/DDDG    (25724): DDDG_Interation:Type:scroll:Pointer:30a7a4eb:Id:com.weheartit:id/pullToRefreshListView:Class:android.support.v7.widget.RecyclerView:Listener:true

D/DDDG    (25724): DDDG_Interation:Type:scroll:Pointer:30a7a4eb:Id:com.weheartit:id/pullToRefreshListView:Class:android.support.v7.widget.RecyclerView:Listener:true

D/DDDG    (25724): DDDG_Interation:Type:scroll:Pointer:30a7a4eb:Id:com.weheartit:id/pullToRefreshListView:Class:android.support.v7.widget.RecyclerView:Listener:true

D/DDDG    (25724): DDDG_Interation:Type:scroll:Pointer:30a7a4eb:Id:com.weheartit:id/pullToRefreshListView:Class:android.support.v7.widget.RecyclerView:Listener:true

D/DDDG    (25724): DDDG_Interation:Type:scroll:Pointer:30a7a4eb:Id:com.weheartit:id/pullToRefreshListView:Class:android.support.v7.widget.RecyclerView:Listener:true

D/DDDG    (25724): DDDG_Interation:Type:scroll:Pointer:30a7a4eb:Id:com.weheartit:id/pullToRefreshListView:Class:android.support.v7.widget.RecyclerView:Listener:true

D/DDDG    (25724): DDDG_Interation:Type:scroll:Pointer:30a7a4eb:Id:com.weheartit:id/pullToRefreshListView:Class:android.support.v7.widget.RecyclerView:Listener:true

D/DDDG    (25724): DDDG_Interation:Type:scroll:Pointer:30a7a4eb:Id:com.weheartit:id/pullToRefreshListView:Class:android.support.v7.widget.RecyclerView:Listener:true

D/DDDG    (25724): DDDG_Interation:Type:scroll:Pointer:30a7a4eb:Id:com.weheartit:id/pullToRefreshListView:Class:android.support.v7.widget.RecyclerView:Listener:true

D/DDDG    (25724): DDDG_Interation:Type:scroll:Pointer:30a7a4eb:Id:com.weheartit:id/pullToRefreshListView:Class:android.support.v7.widget.RecyclerView:Listener:true

D/DDDG    (25724): DDDG_Interation:Type:scroll:Pointer:30a7a4eb:Id:com.weheartit:id/pullToRefreshListView:Class:android.support.v7.widget.RecyclerView:Listener:true

D/DDDG    (25724): DDDG_Interation:Type:scroll:Pointer:30a7a4eb:Id:com.weheartit:id/pullToRefreshListView:Class:android.support.v7.widget.RecyclerView:Listener:true

D/DDDG    (25724): DDDG_Interation:Type:scroll:Pointer:30a7a4eb:Id:com.weheartit:id/pullToRefreshListView:Class:android.support.v7.widget.RecyclerView:Listener:true

D/DDDG    (25724): DDDG_Interation:Type:scroll:Pointer:30a7a4eb:Id:com.weheartit:id/pullToRefreshListView:Class:android.support.v7.widget.RecyclerView:Listener:true

D/RecentEntriesApiEndpoint(25724): Entries: 24 Ads: 0

D/DDDG    ( 1545): DDDG_XML_Serial:1145

D/DDDG_Gestures(25724): scroll:com.weheartit/com.weheartit.app.TaggedEntriesActivity

W/DDDG_Gestures(25724): Detector passed in

D/DDDG    (25724): DDDG_Interation:Type:scroll:Pointer:30a7a4eb:Id:com.weheartit:id/pullToRefreshListView:Class:android.support.v7.widget.RecyclerView:Listener:true

D/DDDG    (25724): DDDG_Interation:Type:scroll:Pointer:30a7a4eb:Id:com.weheartit:id/pullToRefreshListView:Class:android.support.v7.widget.RecyclerView:Listener:true

D/DDDG    (25724): DDDG_Interation:Type:scroll:Pointer:30a7a4eb:Id:com.weheartit:id/pullToRefreshListView:Class:android.support.v7.widget.RecyclerView:Listener:true

D/DDDG    (25724): DDDG_Interation:Type:scroll:Pointer:30a7a4eb:Id:com.weheartit:id/pullToRefreshListView:Class:android.support.v7.widget.RecyclerView:Listener:true

D/DDDG    (25724): DDDG_Interation:Type:scroll:Pointer:30a7a4eb:Id:com.weheartit:id/pullToRefreshListView:Class:android.support.v7.widget.RecyclerView:Listener:true

D/DDDG    (25724): DDDG_Interation:Type:scroll:Pointer:30a7a4eb:Id:com.weheartit:id/pullToRefreshListView:Class:android.support.v7.widget.RecyclerView:Listener:true

D/DDDG    (25724): DDDG_Interation:Type:scroll:Pointer:30a7a4eb:Id:com.weheartit:id/pullToRefreshListView:Class:android.support.v7.widget.RecyclerView:Listener:true

D/DDDG    (25724): DDDG_Interation:Type:scroll:Pointer:30a7a4eb:Id:com.weheartit:id/pullToRefreshListView:Class:android.support.v7.widget.RecyclerView:Listener:true

D/DDDG    (25724): DDDG_Interation:Type:scroll:Pointer:30a7a4eb:Id:com.weheartit:id/pullToRefreshListView:Class:android.support.v7.widget.RecyclerView:Listener:true

D/DDDG    (25724): DDDG_Interation:Type:scroll:Pointer:30a7a4eb:Id:com.weheartit:id/pullToRefreshListView:Class:android.support.v7.widget.RecyclerView:Listener:true

D/DDDG    (25724): DDDG_Interation:Type:scroll:Pointer:30a7a4eb:Id:com.weheartit:id/pullToRefreshListView:Class:android.support.v7.widget.RecyclerView:Listener:true

D/DDDG    (25724): DDDG_Interation:Type:scroll:Pointer:30a7a4eb:Id:com.weheartit:id/pullToRefreshListView:Class:android.support.v7.widget.RecyclerView:Listener:true

D/DDDG    (25724): DDDG_Interation:Type:scroll:Pointer:30a7a4eb:Id:com.weheartit:id/pullToRefreshListView:Class:android.support.v7.widget.RecyclerView:Listener:true

D/DDDG    (25724): DDDG_Interation:Type:scroll:Pointer:30a7a4eb:Id:com.weheartit:id/pullToRefreshListView:Class:android.support.v7.widget.RecyclerView:Listener:true

D/DDDG    (25724): DDDG_Interation:Type:scroll:Pointer:30a7a4eb:Id:com.weheartit:id/pullToRefreshListView:Class:android.support.v7.widget.RecyclerView:Listener:true

I/STFBatteryMonitor( 3002): Battery is charging (good health); connected via ac; level at 20/100; temp 33.9C@3.601V

I/STFBatteryMonitor( 3002): Battery is charging (good health); connected via ac; level at 20/100; temp 33.9C@3.502V

I/STFBatteryMonitor( 3002): Battery is charging (good health); connected via ac; level at 20/100; temp 33.8C@3.502V

I/STFBatteryMonitor( 3002): Battery is charging (good health); connected via ac; level at 20/100; temp 33.8C@3.475V

I/STFBatteryMonitor( 3002): Battery is charging (good health); connected via ac; level at 20/100; temp 33.8C@3.563V

D/QSEECOMD: (26176): qseecom listener services process entry PPID = 1

E/QSEECOMD: (26176): Listener: index = 0, hierarchy = 0

D/QSEECOMD: (26176): Init dlopen(librpmb.so, RTLD_NOW) succeeds

D/QSEECOMD: (26176): Init::Init dlsym(g_FSHandle rpmb_init_service) succeeds

I/rpmb    (26176): RPMB Mult = 16384, Rel_sec_cnt = 1

E/DrmLibRpmb(26176): rpmb_init succeeded! with ret = 0

D/QSEECOMD: (26176): Init rpmb_init_service ret = 0

D/QSEECOMD: (26176): RPMB system services: init (Listener ID = 8192)

E/QSEECOMD: (26176): Listener: index = 1, hierarchy = 0

E/QSEECOMD: (26176): Init dlopen(libssd.so, RLTD_NOW) is failed....

E/QSEECOMD: (26176): ERROR: SSD_INIT failed, shall not start listener services

D/DDDG    ( 1545): DDDG_XML_Serial:1166

D/DDDG_Gestures(25724): fling:com.weheartit/com.weheartit.app.TaggedEntriesActivity

W/DDDG_Gestures(25724): Detector passed in

D/DDDG    (25724): DDDG_Interation:Type:click:Pointer:9f92414:Id:com.weheartit:id/entryImageViewLayout:Class:com.weheartit.widget.layout.EntryView:Listener:true

D/audio_hw_primary( 1074): out_set_parameters: enter: usecase(1: low-latency-playback) kvpairs: routing=2

D/audio_hw_primary( 1074): select_devices: out_snd_device(2: speaker) in_snd_device(0: none)

D/msm8974_platform( 1074): platform_send_audio_calibration: sending audio calibration for snd_device(2) acdb_id(15)

E/ACDB-LOADER( 1074): Error: ACDB AFE returned = -19

D/audio_hw_primary( 1074): enable_snd_device: snd_device(2: speaker)

D/audio_hw_primary( 1074): enable_audio_route: apply and update mixer path: low-latency-playback speaker

I/ActivityManager( 1545): START u0 {cmp=com.weheartit/.app.SwipeableEntryDetailsActivity (has extras)} from uid 10097 on display 0

V/WindowManager( 1545): addAppToken: AppWindowToken{33c451d6 token=Token{37b161f1 ActivityRecord{1f848598 u0 com.weheartit/.app.SwipeableEntryDetailsActivity t66}}} to stack=1 task=66 at 3

I/STFBatteryMonitor( 3002): Battery is charging (good health); connected via ac; level at 20/100; temp 34.0C@3.626V

D/KeepAlive(25724): stop

D/KeepAlive(25724): cancel()

D/KeepAlive(25724): processKeepAlive(true) timeSinceLastTransmission=8777 currentTimeout=86400000

D/DDDG    (25724): Params Found:/data/data/com.weheartit/files/dddgintentextras/test2:com.weheartit/com.weheartit.app.SwipeableEntryDetailsActivity

W/FlurryAgent(25724): Flurry session resumed for context:com.weheartit.app.SwipeableEntryDetailsActivity@2d1f3401

V/WindowManager( 1545): Adding window Window{1e086344 u0 com.weheartit/com.weheartit.app.SwipeableEntryDetailsActivity} package:com.weheartit at 23 of 29 (after Window{2d3ae37b u0 com.weheartit/com.weheartit.app.TaggedEntriesActivity} package:com.weheartit)

W/ResourceType(25724): No package identifier when getting value for resource number 0x00000000

W/PackageManager(25724): Failure retrieving resources for com.android.mms: Resource ID #0x0

W/ResourceType(25724): No package identifier when getting value for resource number 0x00000000

W/PackageManager(25724): Failure retrieving resources for com.android.mms: Resource ID #0x0

W/ResourceType(25724): No package identifier when getting value for resource number 0x00000000

W/PackageManager(25724): Failure retrieving resources for com.android.mms: Resource ID #0x0

W/ResourceType(25724): No package identifier when getting value for resource number 0x00000000

W/PackageManager(25724): Failure retrieving resources for com.android.mms: Resource ID #0x0

I/STFBatteryMonitor( 3002): Battery is charging (good health); connected via ac; level at 20/100; temp 33.9C@3.564V

W/ResourceType(25724): No package identifier when getting value for resource number 0x00000000

