D/DDDG    (25724): DDDG_Interation:Type:scroll:Pointer:10d4066d:Id:com.weheartit:id/pullToRefreshGridView:Class:android.widget.GridView:Listener:true

I/STFBatteryMonitor( 3002): Battery is charging (good health); connected via ac; level at 20/100; temp 34.0C@3.623V

D/DDDG    (25724): DDDG_Interation:Type:scroll:Pointer:10d4066d:Id:com.weheartit:id/pullToRefreshGridView:Class:android.widget.GridView:Listener:true

I/STFBatteryMonitor( 3002): Battery is charging (good health); connected via ac; level at 20/100; temp 34.0C@3.474V

I/STFBatteryMonitor( 3002): Battery is charging (good health); connected via ac; level at 20/100; temp 34.0C@3.511V

D/QSEECOMD: (26352): qseecom listener services process entry PPID = 1

E/QSEECOMD: (26352): Listener: index = 0, hierarchy = 0

D/QSEECOMD: (26352): Init dlopen(librpmb.so, RTLD_NOW) succeeds

D/QSEECOMD: (26352): Init::Init dlsym(g_FSHandle rpmb_init_service) succeeds

I/rpmb    (26352): RPMB Mult = 16384, Rel_sec_cnt = 1

E/DrmLibRpmb(26352): rpmb_init succeeded! with ret = 0

D/QSEECOMD: (26352): Init rpmb_init_service ret = 0

D/QSEECOMD: (26352): RPMB system services: init (Listener ID = 8192)

E/QSEECOMD: (26352): Listener: index = 1, hierarchy = 0

E/QSEECOMD: (26352): Init dlopen(libssd.so, RLTD_NOW) is failed....

E/QSEECOMD: (26352): ERROR: SSD_INIT failed, shall not start listener services

I/STFBatteryMonitor( 3002): Battery is charging (good health); connected via ac; level at 20/100; temp 34.0C@3.542V

D/DDDG    ( 1545): DDDG_XML_Serial:1865

D/DDDG    (25724): DDDG_Interation:Type:click:Pointer:25248147:Id:com.weheartit:id/expand_activities_button:Class:android.widget.FrameLayout:Listener:true

W/ResourceType(25724): No package identifier when getting value for resource number 0x00000000

W/PackageManager(25724): Failure retrieving resources for com.android.mms: Resource ID #0x0

D/audio_hw_primary( 1074): out_set_parameters: enter: usecase(1: low-latency-playback) kvpairs: routing=2

W/ResourceType(25724): No package identifier when getting value for resource number 0x00000000

W/PackageManager(25724): Failure retrieving resources for com.android.bluetooth: Resource ID #0x0

D/audio_hw_primary( 1074): select_devices: out_snd_device(2: speaker) in_snd_device(0: none)

D/msm8974_platform( 1074): platform_send_audio_calibration: sending audio calibration for snd_device(2) acdb_id(15)

E/ACDB-LOADER( 1074): Error: ACDB AFE returned = -19

D/audio_hw_primary( 1074): enable_snd_device: snd_device(2: speaker)

D/audio_hw_primary( 1074): enable_audio_route: apply and update mixer path: low-latency-playback speaker

W/ResourceType(25724): No package identifier when getting value for resource number 0x00000000

W/PackageManager(25724): Failure retrieving resources for com.android.nfc: Resource ID #0x0

W/ResourceType(25724): No package identifier when getting value for resource number 0x00000000

W/PackageManager(25724): Failure retrieving resources for com.snapchat.android: Resource ID #0x0

W/ResourceType(25724): No package identifier when getting value for resource number 0x00000000

W/PackageManager(25724): Failure retrieving resources for com.jb.gosms: Resource ID #0x0

W/ResourceType(25724): No package identifier when getting value for resource number 0x00000000

W/PackageManager(25724): Failure retrieving resources for com.weheartit: Resource ID #0x0

W/art     (25724): Before Android 4.1, method int android.support.v7.internal.widget.ListViewCompat.lookForSelectablePosition(int, boolean) would have incorrectly overridden the package-private method in android.widget.ListView

W/ResourceType(25724): No known package when getting name for resource number 0xffffffff

D/DDDG    (25724): AdapterView(No id name) Found:-1

D/DDDG    (25724): DDDG_Interation:Type:scroll:Pointer:a2a4a37:Id::Class:android.support.v7.widget.ListPopupWindow$DropDownListView:Listener:true

W/ResourceType(25724): No package identifier when getting value for resource number 0x00000000

W/PackageManager(25724): Failure retrieving resources for com.android.mms: Resource ID #0x0

W/ResourceType(25724): No package identifier when getting value for resource number 0x00000000

W/PackageManager(25724): Failure retrieving resources for com.android.bluetooth: Resource ID #0x0

W/ResourceType(25724): No package identifier when getting value for resource number 0x00000000

W/PackageManager(25724): Failure retrieving resources for com.android.nfc: Resource ID #0x0

V/WindowManager( 1545): Adding window Window{3b76c41 u0 PopupWindow:14288ba4} package:com.weheartit at 27 of 33 (after Window{df3af0c u0 com.weheartit/com.weheartit.app.EntryCollectionDetailsActivity} package:com.weheartit)

W/ResourceType(25724): No package identifier when getting value for resource number 0x00000000

W/PackageManager(25724): Failure retrieving resources for com.android.mms: Resource ID #0x0

W/ResourceType(25724): No package identifier when getting value for resource number 0x00000000

W/PackageManager(25724): Failure retrieving resources for com.android.bluetooth: Resource ID #0x0

W/ResourceType(25724): No package identifier when getting value for resource number 0x00000000

W/PackageManager(25724): Failure retrieving resources for com.android.nfc: Resource ID #0x0

D/DDDG    (25724): DDDG_Interation:Type:scroll:Pointer:a2a4a37:Id::Class:android.support.v7.widget.ListPopupWindow$DropDownListView:Listener:true

D/DDDG    (25724): DDDG_Interation:Type:scroll:Pointer:a2a4a37:Id::Class:android.support.v7.widget.ListPopupWindow$DropDownListView:Listener:true

I/STFBatteryMonitor( 3002): Battery is charging (good health); connected via ac; level at 20/100; temp 34.1C@3.568V

D/DDDG    (25724): DDDG_Interation:Type:scroll:Pointer:a2a4a37:Id::Class:android.support.v7.widget.ListPopupWindow$DropDownListView:Listener:true

I/STFBatteryMonitor( 3002): Battery is charging (good health); connected via ac; level at 20/100; temp 34.0C@3.521V

D/QSEECOMD: (26360): qseecom listener services process entry PPID = 1

E/QSEECOMD: (26360): Listener: index = 0, hierarchy = 0

D/QSEECOMD: (26360): Init dlopen(librpmb.so, RTLD_NOW) succeeds

D/QSEECOMD: (26360): Init::Init dlsym(g_FSHandle rpmb_init_service) succeeds

I/rpmb    (26360): RPMB Mult = 16384, Rel_sec_cnt = 1

E/DrmLibRpmb(26360): rpmb_init succeeded! with ret = 0

D/QSEECOMD: (26360): Init rpmb_init_service ret = 0

D/QSEECOMD: (26360): RPMB system services: init (Listener ID = 8192)

E/QSEECOMD: (26360): Listener: index = 1, hierarchy = 0

E/QSEECOMD: (26360): Init dlopen(libssd.so, RLTD_NOW) is failed....

E/QSEECOMD: (26360): ERROR: SSD_INIT failed, shall not start listener services

I/STFBatteryMonitor( 3002): Battery is charging (good health); connected via ac; level at 20/100; temp 34.0C@3.549V

E/qdoverlay(  264): Bad ov dump:  mdp_overlay z=1 fg=0 alpha=255 mask=-1 flags=0x860000 id=2

E/qdoverlay(  264): src msmfb_img w=1152 h=896 format=13 MDP_RGBA_8888

E/qdoverlay(  264): src_rect mdp_rect x=0 y=0 w=798 h=896

E/qdoverlay(  264): dst_rect mdp_rect x=292 y=78 w=364 h=408

I/STFBatteryMonitor( 3002): Battery is charging (good health); connected via ac; level at 20/100; temp 34.0C@3.546V

I/STFBatteryMonitor( 3002): Battery is charging (good health); connected via ac; level at 20/100; temp 34.0C@3.530V

D/DDDG    (25724): DDDG_Interation:Type:scroll:Pointer:10d4066d:Id:com.weheartit:id/pullToRefreshGridView:Class:android.widget.GridView:Listener:true

W/ResourceType(25724): No package identifier when getting value for resource number 0x00000000

W/PackageManager(25724): Failure retrieving resources for com.android.mms: Resource ID #0x0

W/ResourceType(25724): No package identifier when getting value for resource number 0x00000000

W/PackageManager(25724): Failure retrieving resources for com.android.bluetooth: Resource ID #0x0

W/ResourceType(25724): No package identifier when getting value for resource number 0x00000000

W/PackageManager(25724): Failure retrieving resources for com.android.nfc: Resource ID #0x0

E/qdoverlay(  264): Bad ov dump:  mdp_overlay z=1 fg=0 alpha=255 mask=-1 flags=0x860000 id=2

E/qdoverlay(  264): src msmfb_img w=1664 h=88 format=13 MDP_RGBA_8888

E/qdoverlay(  264): src_rect mdp_rect x=0 y=0 w=1440 h=88

E/qdoverlay(  264): dst_rect mdp_rect x=0 y=0 w=656 h=40

I/STFBatteryMonitor( 3002): Battery is charging (good health); connected via ac; level at 20/100; temp 33.9C@3.529V

D/DDDG    ( 1545): DDDG_XML_Serial:1902

W/InputEventReceiver(25724): Attempted to finish an input event but the input event receiver has already been disposed.

D/audio_hw_primary( 1074): disable_audio_route: reset and update mixer path: low-latency-playback speaker

D/audio_hw_primary( 1074): disable_snd_device: snd_device(2: speaker)

D/DDDG    ( 1545): DDDG_XML_Serial:1911

I/art     (25724): Background partial concurrent mark sweep GC freed 57761(6MB) AllocSpace objects, 29(2MB) LOS objects, 13% free, 104MB/120MB, paused 2.086ms total 116.078ms

D/DDDG    (25724): DDDG_Interation:Type:click:Pointer:16e5b96b:Id:com.weheartit:id/text:Class:android.support.v7.widget.AppCompatTextView:Listener:true

D/audio_hw_primary( 1074): out_set_parameters: enter: usecase(1: low-latency-playback) kvpairs: routing=2

D/audio_hw_primary( 1074): select_devices: out_snd_device(2: speaker) in_snd_device(0: none)

D/msm8974_platform( 1074): platform_send_audio_calibration: sending audio calibration for snd_device(2) acdb_id(15)

E/ACDB-LOADER( 1074): Error: ACDB AFE returned = -19

D/audio_hw_primary( 1074): enable_snd_device: snd_device(2: speaker)

D/audio_hw_primary( 1074): enable_audio_route: apply and update mixer path: low-latency-playback speaker

I/STFBatteryMonitor( 3002): Battery is charging (good health); connected via ac; level at 20/100; temp 34.1C@3.627V

I/STFBatteryMonitor( 3002): Battery is charging (good health); connected via ac; level at 20/100; temp 34.1C@3.552V

I/STFBatteryMonitor( 3002): Battery is charging (good health); connected via ac; level at 20/100; temp 34.0C@3.467V

I/STFBatteryMonitor( 3002): Battery is charging (good health); connected via ac; level at 20/100; temp 34.0C@3.517V

D/DDDG    (25724): DDDG_Interation:Type:scroll:Pointer:1bc011d1:Id:com.weheartit:id/pullToRefreshListView:Class:android.widget.GridView:Listener:true

W/ResourceType(25724): No package identifier when getting value for resource number 0x00000000

W/PackageManager(25724): Failure retrieving resources for com.android.mms: Resource ID #0x0

W/ResourceType(25724): No package identifier when getting value for resource number 0x00000000

W/PackageManager(25724): Failure retrieving resources for com.android.mms: Resource ID #0x0

W/ResourceType(25724): No package identifier when getting value for resource number 0x00000000

W/PackageManager(25724): Failure retrieving resources for com.android.mms: Resource ID #0x0

W/ResourceType(25724): No package identifier when getting value for resource number 0x00000000

W/PackageManager(25724): Failure retrieving resources for com.android.mms: Resource ID #0x0

W/ResourceType(25724): No package identifier when getting value for resource number 0x00000000

W/PackageManager(25724): Failure retrieving resources for com.android.mms: Resource ID #0x0

W/ResourceType(25724): No package identifier when getting value for resource number 0x00000000

W/PackageManager(25724): Failure retrieving resources for com.android.mms: Resource ID #0x0

W/ResourceType(25724): No package identifier when getting value for resource number 0x00000000

W/PackageManager(25724): Failure retrieving resources for com.android.mms: Resource ID #0x0

W/ResourceType(25724): No package identifier when getting value for resource number 0x00000000

W/PackageManager(25724): Failure retrieving resources for com.android.mms: Resource ID #0x0

W/ResourceType(25724): No package identifier when getting value for resource number 0x00000000

W/PackageManager(25724): Failure retrieving resources for com.android.mms: Resource ID #0x0

W/ResourceType(25724): No package identifier when getting value for resource number 0x00000000

W/PackageManager(25724): Failure retrieving resources for com.android.mms: Resource ID #0x0

W/ResourceType(25724): No package identifier when getting value for resource number 0x00000000

W/PackageManager(25724): Failure retrieving resources for com.android.mms: Resource ID #0x0

W/ResourceType(25724): No package identifier when getting value for resource number 0x00000000

W/PackageManager(25724): Failure retrieving resources for com.android.mms: Resource ID #0x0

I/STFBatteryMonitor( 3002): Battery is charging (good health); connected via ac; level at 20/100; temp 34.0C@3.596V

D/QSEECOMD: (26373): qseecom listener services process entry PPID = 1

E/QSEECOMD: (26373): Listener: index = 0, hierarchy = 0

D/QSEECOMD: (26373): Init dlopen(librpmb.so, RTLD_NOW) succeeds

D/QSEECOMD: (26373): Init::Init dlsym(g_FSHandle rpmb_init_service) succeeds

I/rpmb    (26373): RPMB Mult = 16384, Rel_sec_cnt = 1

E/DrmLibRpmb(26373): rpmb_init succeeded! with ret = 0

D/QSEECOMD: (26373): Init rpmb_init_service ret = 0

D/QSEECOMD: (26373): RPMB system services: init (Listener ID = 8192)

E/QSEECOMD: (26373): Listener: index = 1, hierarchy = 0

E/QSEECOMD: (26373): Init dlopen(libssd.so, RLTD_NOW) is failed....

E/QSEECOMD: (26373): ERROR: SSD_INIT failed, shall not start listener services

D/audio_hw_primary( 1074): disable_audio_route: reset and update mixer path: low-latency-playback speaker

D/audio_hw_primary( 1074): disable_snd_device: snd_device(2: speaker)

E/WifiStateMachine( 1545): WifiStateMachine CMD_START_SCAN source -2 txSuccessRate=16.69 rxSuccessRate=13.94 targetRoamBSSID=00:00:00:00:00:00 RSSI=-21

E/WifiStateMachine( 1545): WifiStateMachine starting scan for "Mac Pro"WPA_PSK with 2462

D/DDDG    ( 1545): DDDG_XML_Serial:1932

I/STFBatteryMonitor( 3002): Battery is charging (good health); connected via ac; level at 20/100; temp 34.1C@3.635V

D/DDDG    (25724): DDDG_Interation:Type:scroll:Pointer:10d4066d:Id:com.weheartit:id/pullToRefreshGridView:Class:android.widget.GridView:Listener:true

D/DDDG_Gestures(25724): scroll:com.weheartit/com.weheartit.app.EntryCollectionDetailsActivity

W/DDDG_Gestures(25724): Detector passed in

I/STFBatteryMonitor( 3002): Battery is charging (good health); connected via ac; level at 20/100; temp 34.1C@3.609V

D/QSEECOMD: (26376): qseecom listener services process entry PPID = 1

E/QSEECOMD: (26376): Listener: index = 0, hierarchy = 0

D/QSEECOMD: (26376): Init dlopen(librpmb.so, RTLD_NOW) succeeds

D/QSEECOMD: (26376): Init::Init dlsym(g_FSHandle rpmb_init_service) succeeds

I/rpmb    (26376): RPMB Mult = 16384, Rel_sec_cnt = 1

E/DrmLibRpmb(26376): rpmb_init succeeded! with ret = 0

D/QSEECOMD: (26376): Init rpmb_init_service ret = 0

D/QSEECOMD: (26376): RPMB system services: init (Listener ID = 8192)

E/QSEECOMD: (26376): Listener: index = 1, hierarchy = 0

E/QSEECOMD: (26376): Init dlopen(libssd.so, RLTD_NOW) is failed....

E/QSEECOMD: (26376): ERROR: SSD_INIT failed, shall not start listener services

I/STFBatteryMonitor( 3002): Battery is charging (good health); connected via ac; level at 20/100; temp 34.1C@3.527V

D/DDDG    (25724): DDDG_Interation:Type:scroll:Pointer:10d4066d:Id:com.weheartit:id/pullToRefreshGridView:Class:android.widget.GridView:Listener:true

I/STFBatteryMonitor( 3002): Battery is charging (good health); connected via ac; level at 20/100; temp 34.1C@3.551V

I/STFBatteryMonitor( 3002): Battery is charging (good health); connected via ac; level at 20/100; temp 34.1C@3.531V

D/DDDG    ( 1545): DDDG_XML_Serial:1952

D/DDDG_Gestures(25724): scroll:com.weheartit/com.weheartit.app.EntryCollectionDetailsActivity

W/DDDG_Gestures(25724): Detector passed in

I/STFBatteryMonitor( 3002): Battery is charging (good health); connected via ac; level at 20/100; temp 34.1C@3.621V

I/STFBatteryMonitor( 3002): Battery is charging (good health); connected via ac; level at 20/100; temp 34.1C@3.570V

I/STFBatteryMonitor( 3002): Battery is charging (good health); connected via ac; level at 20/100; temp 34.1C@3.543V

I/STFBatteryMonitor( 3002): Battery is charging (good health); connected via ac; level at 20/100; temp 34.1C@3.526V

I/STFBatteryMonitor( 3002): Battery is charging (good health); connected via ac; level at 20/100; temp 34.2C@3.681V

I/STFBatteryMonitor( 3002): Battery is charging (good health); connected via ac; level at 20/100; temp 34.2C@3.691V

I/STFBatteryMonitor( 3002): Battery is charging (good health); connected via ac; level at 20/100; temp 34.2C@3.646V

D/QSEECOMD: (26378): qseecom listener services process entry PPID = 1

E/QSEECOMD: (26378): Listener: index = 0, hierarchy = 0

D/QSEECOMD: (26378): Init dlopen(librpmb.so, RTLD_NOW) succeeds

D/QSEECOMD: (26378): Init::Init dlsym(g_FSHandle rpmb_init_service) succeeds

I/rpmb    (26378): RPMB Mult = 16384, Rel_sec_cnt = 1

E/DrmLibRpmb(26378): rpmb_init succeeded! with ret = 0

D/QSEECOMD: (26378): Init rpmb_init_service ret = 0

D/QSEECOMD: (26378): RPMB system services: init (Listener ID = 8192)

E/QSEECOMD: (26378): Listener: index = 1, hierarchy = 0

E/QSEECOMD: (26378): Init dlopen(libssd.so, RLTD_NOW) is failed....

E/QSEECOMD: (26378): ERROR: SSD_INIT failed, shall not start listener services

W/libEGL  (  264): EGLNativeWindowType 0xb64a6308 disconnect failed

I/STFBatteryMonitor( 3002): Battery is charging (good health); connected via ac; level at 20/100; temp 34.2C@3.687V

D/QSEECOMD: (26390): qseecom listener services process entry PPID = 1

E/QSEECOMD: (26390): Listener: index = 0, hierarchy = 0

D/QSEECOMD: (26390): Init dlopen(librpmb.so, RTLD_NOW) succeeds

D/QSEECOMD: (26390): Init::Init dlsym(g_FSHandle rpmb_init_service) succeeds

I/rpmb    (26390): RPMB Mult = 16384, Rel_sec_cnt = 1

E/DrmLibRpmb(26390): rpmb_init succeeded! with ret = 0

D/QSEECOMD: (26390): Init rpmb_init_service ret = 0

D/QSEECOMD: (26390): RPMB system services: init (Listener ID = 8192)

E/QSEECOMD: (26390): Listener: index = 1, hierarchy = 0

E/QSEECOMD: (26390): Init dlopen(libssd.so, RLTD_NOW) is failed....

E/QSEECOMD: (26390): ERROR: SSD_INIT failed, shall not start listener services

D/DDDG    ( 1545): DDDG_XML_Serial:1980

D/DDDG    (25724): DDDG_Interation:Type:click:Pointer:1b796cfe:Id::Class:android.widget.ImageButton:Listener:true

D/audio_hw_primary( 1074): out_set_parameters: enter: usecase(1: low-latency-playback) kvpairs: routing=2

D/audio_hw_primary( 1074): select_devices: out_snd_device(2: speaker) in_snd_device(0: none)

D/msm8974_platform( 1074): platform_send_audio_calibration: sending audio calibration for snd_device(2) acdb_id(15)

E/ACDB-LOADER( 1074): Error: ACDB AFE returned = -19

D/audio_hw_primary( 1074): enable_snd_device: snd_device(2: speaker)

D/audio_hw_primary( 1074): enable_audio_route: apply and update mixer path: low-latency-playback speaker

I/STFBatteryMonitor( 3002): Battery is charging (good health); connected via ac; level at 20/100; temp 34.2C@3.631V

W/FlurryAgent(25724): Flurry session resumed for context:com.weheartit.app.UserCollectionsActivity@361bed5f

D/DDDG    (25724): DDDG_Interation:Type:scroll:Pointer:1bc011d1:Id:com.weheartit:id/pullToRefreshListView:Class:android.widget.GridView:Listener:true

D/DDDG    (25724): DDDG_Interation:Type:scroll:Pointer:1bc011d1:Id:com.weheartit:id/pullToRefreshListView:Class:android.widget.GridView:Listener:true

I/STFBatteryMonitor( 3002): Battery is charging (good health); connected via ac; level at 20/100; temp 34.2C@3.572V

D/DDDG    (25724): DDDG_Interation:Type:scroll:Pointer:1bc011d1:Id:com.weheartit:id/pullToRefreshListView:Class:android.widget.GridView:Listener:true

I/STFBatteryMonitor( 3002): Battery is charging (good health); connected via ac; level at 20/100; temp 34.2C@3.580V

D/OpenGLRenderer(25724): endAllStagingAnimators on 0x97004080 (RippleDrawable) with handle 0x9ac8aa60

I/STFBatteryMonitor( 3002): Battery is charging (good health); connected via ac; level at 20/100; temp 34.2C@3.508V

W/FlurryAgent(25724): Flurry session paused for context:com.weheartit.app.EntryCollectionDetailsActivity@72ca589

I/STFBatteryMonitor( 3002): Battery is charging (good health); connected via ac; level at 20/100; temp 34.2C@3.568V

I/STFBatteryMonitor( 3002): Battery is charging (good health); connected via ac; level at 20/100; temp 34.0C@3.531V

D/DDDG    ( 1545): DDDG_XML_Serial:2004

D/DDDG    (25724): DDDG_Interation:Type:click:Pointer:bd579da:Id::Class:android.widget.ImageButton:Listener:true

D/audio_hw_primary( 1074): out_set_parameters: enter: usecase(1: low-latency-playback) kvpairs: routing=2

W/FlurryAgent(25724): Flurry session resumed for context:com.weheartit.app.UserProfileActivity@16dc70ee

I/STFBatteryMonitor( 3002): Battery is charging (good health); connected via ac; level at 20/100; temp 34.0C@3.640V

I/STFBatteryMonitor( 3002): Battery is charging (good health); connected via ac; level at 20/100; temp 34.0C@3.551V

I/STFBatteryMonitor( 3002): Battery is charging (good health); connected via ac; level at 20/100; temp 34.1C@3.499V

D/OpenGLRenderer(25724): endAllStagingAnimators on 0x92c5b380 (RippleDrawable) with handle 0x9ac8aa40

W/FlurryAgent(25724): Flurry session paused for context:com.weheartit.app.UserCollectionsActivity@361bed5f

I/STFBatteryMonitor( 3002): Battery is charging (good health); connected via ac; level at 20/100; temp 34.1C@3.502V

I/STFBatteryMonitor( 3002): Battery is charging (good health); connected via ac; level at 20/100; temp 34.1C@3.494V

D/DDDG    ( 1545): DDDG_XML_Serial:2025

I/STFBatteryMonitor( 3002): Battery is charging (good health); connected via ac; level at 20/100; temp 34.1C@3.636V

D/DDDG    (25724): DDDG_Interation:Type:click:Pointer:27891527:Id::Class:android.widget.ImageButton:Listener:true

D/audio_hw_primary( 1074): out_set_parameters: enter: usecase(1: low-latency-playback) kvpairs: routing=2

D/ViewRootImpl(25724): changeCanvasOpacity: opaque=false

D/QSEECOMD: (26403): qseecom listener services process entry PPID = 1

E/QSEECOMD: (26403): Listener: index = 0, hierarchy = 0

D/QSEECOMD: (26403): Init dlopen(librpmb.so, RTLD_NOW) succeeds

D/QSEECOMD: (26403): Init::Init dlsym(g_FSHandle rpmb_init_service) succeeds

I/rpmb    (26403): RPMB Mult = 16384, Rel_sec_cnt = 1

E/DrmLibRpmb(26403): rpmb_init succeeded! with ret = 0

D/QSEECOMD: (26403): Init rpmb_init_service ret = 0

D/QSEECOMD: (26403): RPMB system services: init (Listener ID = 8192)

E/QSEECOMD: (26403): Listener: index = 1, hierarchy = 0

E/QSEECOMD: (26403): Init dlopen(libssd.so, RLTD_NOW) is failed....

E/QSEECOMD: (26403): ERROR: SSD_INIT failed, shall not start listener services

W/FlurryAgent(25724): Flurry session resumed for context:com.weheartit.app.SwipeableEntryDetailsActivity@2d1f3401

I/STFBatteryMonitor( 3002): Battery is charging (good health); connected via ac; level at 20/100; temp 34.1C@3.546V

D/ViewRootImpl(25724): changeCanvasOpacity: opaque=false

I/STFBatteryMonitor( 3002): Battery is charging (good health); connected via ac; level at 20/100; temp 34.1C@3.485V

I/STFBatteryMonitor( 3002): Battery is charging (good health); connected via ac; level at 20/100; temp 34.1C@3.550V

I/Choreographer(25724): Skipped 31 frames!  The application may be doing too much work on its main thread.

D/DDDG    ( 1545): DDDG_XML_Serial:2055

I/STFBatteryMonitor( 3002): Battery is charging (good health); connected via ac; level at 20/100; temp 34.1C@3.593V

I/STFBatteryMonitor( 3002): Battery is charging (good health); connected via ac; level at 20/100; temp 34.1C@3.534V

D/DDDG    (25724): DDDG_Interation:Type:click:Pointer:16758279:Id:com.weheartit:id/back_button:Class:android.widget.ImageView:Listener:true

D/audio_hw_primary( 1074): out_set_parameters: enter: usecase(1: low-latency-playback) kvpairs: routing=2

I/STFBatteryMonitor( 3002): Battery is charging (good health); connected via ac; level at 20/100; temp 34.1C@3.531V

W/FlurryAgent(25724): Flurry session resumed for context:com.weheartit.app.TaggedEntriesActivity@80cde58

I/STFBatteryMonitor( 3002): Battery is charging (good health); connected via ac; level at 20/100; temp 34.1C@3.525V

D/OpenGLRenderer(25724): endAllStagingAnimators on 0xa163df00 (RippleDrawable) with handle 0x9ac8a8d0

I/STFBatteryMonitor( 3002): Battery is charging (good health); connected via ac; level at 20/100; temp 34.1C@3.514V

W/FlurryAgent(25724): Flurry session paused for context:com.weheartit.app.UserProfileActivity@16dc70ee

I/STFBatteryMonitor( 3002): Battery is charging (good health); connected via ac; level at 20/100; temp 34.1C@3.460V

W/FlurryAgent(25724): Flurry session paused for context:com.weheartit.app.SwipeableEntryDetailsActivity@2d1f3401

E/WifiStateMachine( 1545): WifiStateMachine CMD_START_SCAN source -2 txSuccessRate=3.60 rxSuccessRate=1.61 targetRoamBSSID=00:00:00:00:00:00 RSSI=-21

E/WifiStateMachine( 1545): WifiStateMachine starting scan for "Mac Pro"WPA_PSK with 2462

D/DDDG    ( 1545): DDDG_XML_Serial:2081

D/DDDG    (25724): DDDG_Interation:Type:click:Pointer:43b7238:Id::Class:android.widget.ImageButton:Listener:true

D/audio_hw_primary( 1074): out_set_parameters: enter: usecase(1: low-latency-playback) kvpairs: routing=2

W/FlurryAgent(25724): Flurry session resumed for context:com.weheartit.app.SwipeableEntryDetailsActivity@2208d9c2

I/STFBatteryMonitor( 3002): Battery is charging (good health); connected via ac; level at 20/100; temp 34.0C@3.594V

I/STFBatteryMonitor( 3002): Battery is charging (good health); connected via ac; level at 20/100; temp 34.0C@3.533V

I/STFBatteryMonitor( 3002): Battery is charging (good health); connected via ac; level at 20/100; temp 34.0C@3.522V

D/KeepAlive(25724): stop

D/KeepAlive(25724): cancel()

D/KeepAlive(25724): processKeepAlive(true) timeSinceLastTransmission=211355 currentTimeout=86400000

D/OpenGLRenderer(25724): endAllStagingAnimators on 0x97284980 (RippleDrawable) with handle 0x9ac8ac10

W/FlurryAgent(25724): Flurry session paused for context:com.weheartit.app.TaggedEntriesActivity@80cde58

I/STFBatteryMonitor( 3002): Battery is charging (good health); connected via ac; level at 20/100; temp 34.0C@3.512V

I/STFBatteryMonitor( 3002): Battery is charging (good health); connected via ac; level at 20/100; temp 34.0C@3.536V

D/QSEECOMD: (26427): qseecom listener services process entry PPID = 1

E/QSEECOMD: (26427): Listener: index = 0, hierarchy = 0

D/QSEECOMD: (26427): Init dlopen(librpmb.so, RTLD_NOW) succeeds

D/QSEECOMD: (26427): Init::Init dlsym(g_FSHandle rpmb_init_service) succeeds

I/rpmb    (26427): RPMB Mult = 16384, Rel_sec_cnt = 1

E/DrmLibRpmb(26427): rpmb_init succeeded! with ret = 0

D/QSEECOMD: (26427): Init rpmb_init_service ret = 0

D/QSEECOMD: (26427): RPMB system services: init (Listener ID = 8192)

E/QSEECOMD: (26427): Listener: index = 1, hierarchy = 0

E/QSEECOMD: (26427): Init dlopen(libssd.so, RLTD_NOW) is failed....

E/QSEECOMD: (26427): ERROR: SSD_INIT failed, shall not start listener services

I/STFBatteryMonitor( 3002): Battery is charging (good health); connected via ac; level at 20/100; temp 34.0C@3.517V

I/STFBatteryMonitor( 3002): Battery is charging (good health); connected via ac; level at 20/100; temp 34.0C@3.587V

I/STFBatteryMonitor( 3002): Battery is charging (good health); connected via ac; level at 20/100; temp 34.0C@3.511V

D/DDDG    ( 1545): DDDG_XML_Serial:2112

D/audio_hw_primary( 1074): disable_audio_route: reset and update mixer path: low-latency-playback speaker

D/audio_hw_primary( 1074): disable_snd_device: snd_device(2: speaker)

D/DDDG    (25724): DDDG_Interation:Type:scroll:Pointer:2ecb4faf:Id:com.weheartit:id/scrollView:Class:com.weheartit.widget.layout.ObservableScrollView:Listener:true

D/DDDG    (25724): DDDG_Interation:Type:scroll:Pointer:2ecb4faf:Id:com.weheartit:id/scrollView:Class:com.weheartit.widget.layout.ObservableScrollView:Listener:true

D/DDDG    (25724): DDDG_Interation:Type:scroll:Pointer:2ecb4faf:Id:com.weheartit:id/scrollView:Class:com.weheartit.widget.layout.ObservableScrollView:Listener:true

D/DDDG    (25724): DDDG_Interation:Type:scroll:Pointer:2ecb4faf:Id:com.weheartit:id/scrollView:Class:com.weheartit.widget.layout.ObservableScrollView:Listener:true

D/DDDG    (25724): DDDG_Interation:Type:scroll:Pointer:2ecb4faf:Id:com.weheartit:id/scrollView:Class:com.weheartit.widget.layout.ObservableScrollView:Listener:true

D/DDDG    (25724): DDDG_Interation:Type:scroll:Pointer:2ecb4faf:Id:com.weheartit:id/scrollView:Class:com.weheartit.widget.layout.ObservableScrollView:Listener:true

D/DDDG    (25724): DDDG_Interation:Type:scroll:Pointer:2ecb4faf:Id:com.weheartit:id/scrollView:Class:com.weheartit.widget.layout.ObservableScrollView:Listener:true

D/DDDG    (25724): DDDG_Interation:Type:scroll:Pointer:2ecb4faf:Id:com.weheartit:id/scrollView:Class:com.weheartit.widget.layout.ObservableScrollView:Listener:true

D/DDDG    (25724): DDDG_Interation:Type:scroll:Pointer:2ecb4faf:Id:com.weheartit:id/scrollView:Class:com.weheartit.widget.layout.ObservableScrollView:Listener:true

D/DDDG    (25724): DDDG_Interation:Type:scroll:Pointer:2ecb4faf:Id:com.weheartit:id/scrollView:Class:com.weheartit.widget.layout.ObservableScrollView:Listener:true

D/DDDG    (25724): DDDG_Interation:Type:scroll:Pointer:2ecb4faf:Id:com.weheartit:id/scrollView:Class:com.weheartit.widget.layout.ObservableScrollView:Listener:true

D/DDDG    (25724): DDDG_Interation:Type:scroll:Pointer:2ecb4faf:Id:com.weheartit:id/scrollView:Class:com.weheartit.widget.layout.ObservableScrollView:Listener:true

D/DDDG    (25724): DDDG_Interation:Type:scroll:Pointer:2ecb4faf:Id:com.weheartit:id/scrollView:Class:com.weheartit.widget.layout.ObservableScrollView:Listener:true

D/DDDG    (25724): DDDG_Interation:Type:scroll:Pointer:2ecb4faf:Id:com.weheartit:id/scrollView:Class:com.weheartit.widget.layout.ObservableScrollView:Listener:true

D/DDDG    (25724): DDDG_Interation:Type:scroll:Pointer:2ecb4faf:Id:com.weheartit:id/scrollView:Class:com.weheartit.widget.layout.ObservableScrollView:Listener:true

I/STFBatteryMonitor( 3002): Battery is charging (good health); connected via ac; level at 20/100; temp 34.2C@3.523V

D/DDDG    (25724): DDDG_Interation:Type:scroll:Pointer:2ecb4faf:Id:com.weheartit:id/scrollView:Class:com.weheartit.widget.layout.ObservableScrollView:Listener:true

D/DDDG    (25724): DDDG_Interation:Type:scroll:Pointer:2ecb4faf:Id:com.weheartit:id/scrollView:Class:com.weheartit.widget.layout.ObservableScrollView:Listener:true

D/DDDG    (25724): DDDG_Interation:Type:scroll:Pointer:2ecb4faf:Id:com.weheartit:id/scrollView:Class:com.weheartit.widget.layout.ObservableScrollView:Listener:true

D/DDDG    (25724): DDDG_Interation:Type:scroll:Pointer:2ecb4faf:Id:com.weheartit:id/scrollView:Class:com.weheartit.widget.layout.ObservableScrollView:Listener:true

D/DDDG    (25724): DDDG_Interation:Type:scroll:Pointer:2ecb4faf:Id:com.weheartit:id/scrollView:Class:com.weheartit.widget.layout.ObservableScrollView:Listener:true

D/DDDG    (25724): DDDG_Interation:Type:scroll:Pointer:2ecb4faf:Id:com.weheartit:id/scrollView:Class:com.weheartit.widget.layout.ObservableScrollView:Listener:true

D/DDDG    (25724): DDDG_Interation:Type:scroll:Pointer:2ecb4faf:Id:com.weheartit:id/scrollView:Class:com.weheartit.widget.layout.ObservableScrollView:Listener:true

D/DDDG    (25724): DDDG_Interation:Type:scroll:Pointer:2ecb4faf:Id:com.weheartit:id/scrollView:Class:com.weheartit.widget.layout.ObservableScrollView:Listener:true

D/DDDG    (25724): DDDG_Interation:Type:scroll:Pointer:2ecb4faf:Id:com.weheartit:id/scrollView:Class:com.weheartit.widget.layout.ObservableScrollView:Listener:true

D/DDDG    (25724): DDDG_Interation:Type:scroll:Pointer:2ecb4faf:Id:com.weheartit:id/scrollView:Class:com.weheartit.widget.layout.ObservableScrollView:Listener:true

D/DDDG    (25724): DDDG_Interation:Type:scroll:Pointer:2ecb4faf:Id:com.weheartit:id/scrollView:Class:com.weheartit.widget.layout.ObservableScrollView:Listener:true

D/DDDG    (25724): DDDG_Interation:Type:scroll:Pointer:2ecb4faf:Id:com.weheartit:id/scrollView:Class:com.weheartit.widget.layout.ObservableScrollView:Listener:true

D/DDDG    (25724): DDDG_Interation:Type:scroll:Pointer:2ecb4faf:Id:com.weheartit:id/scrollView:Class:com.weheartit.widget.layout.ObservableScrollView:Listener:true

D/DDDG    (25724): DDDG_Interation:Type:scroll:Pointer:2ecb4faf:Id:com.weheartit:id/scrollView:Class:com.weheartit.widget.layout.ObservableScrollView:Listener:true

D/DDDG    (25724): DDDG_Interation:Type:scroll:Pointer:2ecb4faf:Id:com.weheartit:id/scrollView:Class:com.weheartit.widget.layout.ObservableScrollView:Listener:true

D/DDDG    (25724): DDDG_Interation:Type:scroll:Pointer:2ecb4faf:Id:com.weheartit:id/scrollView:Class:com.weheartit.widget.layout.ObservableScrollView:Listener:true

D/DDDG    (25724): DDDG_Interation:Type:scroll:Pointer:2ecb4faf:Id:com.weheartit:id/scrollView:Class:com.weheartit.widget.layout.ObservableScrollView:Listener:true

D/DDDG    (25724): DDDG_Interation:Type:scroll:Pointer:2ecb4faf:Id:com.weheartit:id/scrollView:Class:com.weheartit.widget.layout.ObservableScrollView:Listener:true

D/DDDG    (25724): DDDG_Interation:Type:scroll:Pointer:2ecb4faf:Id:com.weheartit:id/scrollView:Class:com.weheartit.widget.layout.ObservableScrollView:Listener:true

D/DDDG    (25724): DDDG_Interation:Type:scroll:Pointer:2ecb4faf:Id:com.weheartit:id/scrollView:Class:com.weheartit.widget.layout.ObservableScrollView:Listener:true

D/DDDG    (25724): DDDG_Interation:Type:scroll:Pointer:2ecb4faf:Id:com.weheartit:id/scrollView:Class:com.weheartit.widget.layout.ObservableScrollView:Listener:true

D/DDDG    (25724): DDDG_Interation:Type:scroll:Pointer:2ecb4faf:Id:com.weheartit:id/scrollView:Class:com.weheartit.widget.layout.ObservableScrollView:Listener:true

D/DDDG    (25724): DDDG_Interation:Type:scroll:Pointer:2ecb4faf:Id:com.weheartit:id/scrollView:Class:com.weheartit.widget.layout.ObservableScrollView:Listener:true

D/DDDG    (25724): DDDG_Interation:Type:scroll:Pointer:2ecb4faf:Id:com.weheartit:id/scrollView:Class:com.weheartit.widget.layout.ObservableScrollView:Listener:true

D/DDDG    (25724): DDDG_Interation:Type:scroll:Pointer:2ecb4faf:Id:com.weheartit:id/scrollView:Class:com.weheartit.widget.layout.ObservableScrollView:Listener:true

D/DDDG    (25724): DDDG_Interation:Type:scroll:Pointer:2ecb4faf:Id:com.weheartit:id/scrollView:Class:com.weheartit.widget.layout.ObservableScrollView:Listener:true

D/DDDG    (25724): DDDG_Interation:Type:scroll:Pointer:2ecb4faf:Id:com.weheartit:id/scrollView:Class:com.weheartit.widget.layout.ObservableScrollView:Listener:true

D/DDDG    (25724): DDDG_Interation:Type:scroll:Pointer:2ecb4faf:Id:com.weheartit:id/scrollView:Class:com.weheartit.widget.layout.ObservableScrollView:Listener:true

D/DDDG    (25724): DDDG_Interation:Type:scroll:Pointer:2ecb4faf:Id:com.weheartit:id/scrollView:Class:com.weheartit.widget.layout.ObservableScrollView:Listener:true

D/DDDG    (25724): DDDG_Interation:Type:scroll:Pointer:2ecb4faf:Id:com.weheartit:id/scrollView:Class:com.weheartit.widget.layout.ObservableScrollView:Listener:true

D/DDDG    (25724): DDDG_Interation:Type:scroll:Pointer:2ecb4faf:Id:com.weheartit:id/scrollView:Class:com.weheartit.widget.layout.ObservableScrollView:Listener:true

D/DDDG    (25724): DDDG_Interation:Type:scroll:Pointer:2ecb4faf:Id:com.weheartit:id/scrollView:Class:com.weheartit.widget.layout.ObservableScrollView:Listener:true

I/STFBatteryMonitor( 3002): Battery is charging (good health); connected via ac; level at 20/100; temp 34.2C@3.632V

I/STFBatteryMonitor( 3002): Battery is charging (good health); connected via ac; level at 20/100; temp 34.2C@3.527V

D/QSEECOMD: (26432): qseecom listener services process entry PPID = 1

E/QSEECOMD: (26432): Listener: index = 0, hierarchy = 0

D/QSEECOMD: (26432): Init dlopen(librpmb.so, RTLD_NOW) succeeds

D/QSEECOMD: (26432): Init::Init dlsym(g_FSHandle rpmb_init_service) succeeds

I/rpmb    (26432): RPMB Mult = 16384, Rel_sec_cnt = 1

E/DrmLibRpmb(26432): rpmb_init succeeded! with ret = 0

D/QSEECOMD: (26432): Init rpmb_init_service ret = 0

D/QSEECOMD: (26432): RPMB system services: init (Listener ID = 8192)

E/QSEECOMD: (26432): Listener: index = 1, hierarchy = 0

E/QSEECOMD: (26432): Init dlopen(libssd.so, RLTD_NOW) is failed....

E/QSEECOMD: (26432): ERROR: SSD_INIT failed, shall not start listener services

D/DDDG    ( 1545): DDDG_XML_Serial:2139

I/art     (25724): Background partial concurrent mark sweep GC freed 217965(14MB) AllocSpace objects, 16(2MB) LOS objects, 13% free, 99MB/115MB, paused 1.380ms total 117.251ms

I/STFBatteryMonitor( 3002): Battery is charging (good health); connected via ac; level at 20/100; temp 34.2C@3.635V

D/QSEECOMD: (26435): qseecom listener services process entry PPID = 1

E/QSEECOMD: (26435): Listener: index = 0, hierarchy = 0

D/QSEECOMD: (26435): Init dlopen(librpmb.so, RTLD_NOW) succeeds

D/QSEECOMD: (26435): Init::Init dlsym(g_FSHandle rpmb_init_service) succeeds

I/rpmb    (26435): RPMB Mult = 16384, Rel_sec_cnt = 1

E/DrmLibRpmb(26435): rpmb_init succeeded! with ret = 0

D/QSEECOMD: (26435): Init rpmb_init_service ret = 0

D/QSEECOMD: (26435): RPMB system services: init (Listener ID = 8192)

E/QSEECOMD: (26435): Listener: index = 1, hierarchy = 0

E/QSEECOMD: (26435): Init dlopen(libssd.so, RLTD_NOW) is failed....

E/QSEECOMD: (26435): ERROR: SSD_INIT failed, shall not start listener services

I/InputDispatcher( 1545): Window 'Window{38079703 u0 com.weheartit/com.weheartit.app.SwipeableEntryDetailsActivity} package:com.weheartit' spent 2119.7ms processing the last input event: MotionEvent(deviceId=5, source=0x00001002, action=1, flags=0x00000000, metaState=0x00000000, buttonState=0x00000000, edgeFlags=0x00000000, xPrecision=1.0, yPrecision=1.0, displayId=0, pointers=[0: (74.0, 164.0)]), policyFlags=0x62000000

D/DDDG    (25724): DDDG_Interation:Type:click:Pointer:64dbbce:Id:com.weheartit:id/back_button:Class:android.widget.ImageView:Listener:true

D/audio_hw_primary( 1074): out_set_parameters: enter: usecase(1: low-latency-playback) kvpairs: routing=2

D/audio_hw_primary( 1074): select_devices: out_snd_device(2: speaker) in_snd_device(0: none)

D/msm8974_platform( 1074): platform_send_audio_calibration: sending audio calibration for snd_device(2) acdb_id(15)

E/ACDB-LOADER( 1074): Error: ACDB AFE returned = -19

D/audio_hw_primary( 1074): enable_snd_device: snd_device(2: speaker)

D/audio_hw_primary( 1074): enable_audio_route: apply and update mixer path: low-latency-playback speaker

W/FlurryAgent(25724): Flurry session resumed for context:com.weheartit.app.DiscoverActivity@2c56df44

D/KeepAlive(25724): cancel()

D/KeepAlive(25724): start(3000)

I/STFBatteryMonitor( 3002): Battery is charging (good health); connected via ac; level at 20/100; temp 34.2C@3.637V

D/MoPub   (25724): Attempted to add text (Its time to make a change. Try online counseling and start finding your happiness today.) to null TextView.

E/MoPub   (25724): Cannot load image into null ImageView

I/STFBatteryMonitor( 3002): Battery is charging (good health); connected via ac; level at 20/100; temp 34.2C@3.545V

I/STFBatteryMonitor( 3002): Battery is charging (good health); connected via ac; level at 20/100; temp 34.2C@3.520V

D/OpenGLRenderer(25724): endAllStagingAnimators on 0xa16fd600 (RippleDrawable) with handle 0x9ac8a0c0

I/STFBatteryMonitor( 3002): Battery is charging (good health); connected via ac; level at 20/100; temp 34.2C@3.515V

W/FlurryAgent(25724): Flurry session paused for context:com.weheartit.app.SwipeableEntryDetailsActivity@2208d9c2

I/STFBatteryMonitor( 3002): Battery is charging (good health); connected via ac; level at 20/100; temp 34.2C@3.497V

I/STFBatteryMonitor( 3002): Battery is charging (good health); connected via ac; level at 20/100; temp 34.2C@3.583V

I/STFBatteryMonitor( 3002): Battery is charging (good health); connected via ac; level at 20/100; temp 34.2C@3.485V

D/DDDG    ( 1545): DDDG_XML_Serial:2170

D/audio_hw_primary( 1074): disable_audio_route: reset and update mixer path: low-latency-playback speaker

D/audio_hw_primary( 1074): disable_snd_device: snd_device(2: speaker)

D/DDDG    (25724): DDDG_Interation:Type:scroll:Pointer:327a876f:Id:com.weheartit:id/pager:Class:android.support.v4.view.ViewPager:Listener:true

D/DDDG    (25724): DDDG_Interation:Type:scroll:Pointer:7d4d0b6:Id:com.weheartit:id/tab_title:Class:android.support.v7.widget.AppCompatTextView:Listener:true

D/DDDG    (25724): DDDG_Interation:Type:scroll:Pointer:ff881b7:Id:com.weheartit:id/tab_title:Class:android.support.v7.widget.AppCompatTextView:Listener:true

D/DDDG    (25724): DDDG_Interation:Type:scroll:Pointer:edf2d24:Id:com.weheartit:id/tab_title:Class:android.support.v7.widget.AppCompatTextView:Listener:true

D/DDDG    (25724): DDDG_Interation:Type:scroll:Pointer:327a876f:Id:com.weheartit:id/pager:Class:android.support.v4.view.ViewPager:Listener:true

D/DDDG    (25724): DDDG_Interation:Type:scroll:Pointer:327a876f:Id:com.weheartit:id/pager:Class:android.support.v4.view.ViewPager:Listener:true

D/DDDG    (25724): DDDG_Interation:Type:scroll:Pointer:327a876f:Id:com.weheartit:id/pager:Class:android.support.v4.view.ViewPager:Listener:true

D/DDDG    (25724): DDDG_Interation:Type:scroll:Pointer:327a876f:Id:com.weheartit:id/pager:Class:android.support.v4.view.ViewPager:Listener:true

D/DDDG    (25724): DDDG_Interation:Type:scroll:Pointer:327a876f:Id:com.weheartit:id/pager:Class:android.support.v4.view.ViewPager:Listener:true

D/DDDG    (25724): DDDG_Interation:Type:scroll:Pointer:327a876f:Id:com.weheartit:id/pager:Class:android.support.v4.view.ViewPager:Listener:true

D/DDDG    (25724): DDDG_Interation:Type:scroll:Pointer:327a876f:Id:com.weheartit:id/pager:Class:android.support.v4.view.ViewPager:Listener:true

I/STFBatteryMonitor( 3002): Battery is charging (good health); connected via ac; level at 20/100; temp 34.3C@3.563V

D/DDDG    (25724): DDDG_Interation:Type:scroll:Pointer:327a876f:Id:com.weheartit:id/pager:Class:android.support.v4.view.ViewPager:Listener:true

D/DDDG    (25724): DDDG_Interation:Type:scroll:Pointer:327a876f:Id:com.weheartit:id/pager:Class:android.support.v4.view.ViewPager:Listener:true

D/DDDG    (25724): DDDG_Interation:Type:scroll:Pointer:327a876f:Id:com.weheartit:id/pager:Class:android.support.v4.view.ViewPager:Listener:true

D/DDDG    (25724): DDDG_Interation:Type:scroll:Pointer:327a876f:Id:com.weheartit:id/pager:Class:android.support.v4.view.ViewPager:Listener:true

D/DDDG    (25724): DDDG_Interation:Type:scroll:Pointer:327a876f:Id:com.weheartit:id/pager:Class:android.support.v4.view.ViewPager:Listener:true

D/DDDG    (25724): DDDG_Interation:Type:scroll:Pointer:327a876f:Id:com.weheartit:id/pager:Class:android.support.v4.view.ViewPager:Listener:true

D/DDDG    (25724): DDDG_Interation:Type:scroll:Pointer:327a876f:Id:com.weheartit:id/pager:Class:android.support.v4.view.ViewPager:Listener:true

D/DDDG    (25724): DDDG_Interation:Type:scroll:Pointer:327a876f:Id:com.weheartit:id/pager:Class:android.support.v4.view.ViewPager:Listener:true

I/STFBatteryMonitor( 3002): Battery is charging (good health); connected via ac; level at 20/100; temp 34.2C@3.511V

I/STFBatteryMonitor( 3002): Battery is charging (good health); connected via ac; level at 20/100; temp 34.2C@3.596V

D/QSEECOMD: (26450): qseecom listener services process entry PPID = 1

E/QSEECOMD: (26450): Listener: index = 0, hierarchy = 0

D/QSEECOMD: (26450): Init dlopen(librpmb.so, RTLD_NOW) succeeds

D/QSEECOMD: (26450): Init::Init dlsym(g_FSHandle rpmb_init_service) succeeds

I/rpmb    (26450): RPMB Mult = 16384, Rel_sec_cnt = 1

E/DrmLibRpmb(26450): rpmb_init succeeded! with ret = 0

D/QSEECOMD: (26450): Init rpmb_init_service ret = 0

D/QSEECOMD: (26450): RPMB system services: init (Listener ID = 8192)

E/QSEECOMD: (26450): Listener: index = 1, hierarchy = 0

E/QSEECOMD: (26450): Init dlopen(libssd.so, RLTD_NOW) is failed....

E/QSEECOMD: (26450): ERROR: SSD_INIT failed, shall not start listener services

D/DDDG    ( 1545): DDDG_XML_Serial:2192

I/Choreographer(25724): Skipped 51 frames!  The application may be doing too much work on its main thread.

D/DDDG    (25724): DDDG_Interation:Type:click:Pointer:26db81d:Id::Class:android.widget.LinearLayout:Listener:true

D/DDDG    (25724): DDDG_Interation:Type:click:Pointer:3a3e6a92:Id:com.weheartit:id/avatar_image_view:Class:com.weheartit.widget.AvatarImageView:Listener:true

I/ActivityManager( 1545): START u0 {cmp=com.weheartit/.app.UserProfileActivity (has extras)} from uid 10097 on display 0

D/audio_hw_primary( 1074): out_set_parameters: enter: usecase(1: low-latency-playback) kvpairs: routing=2

D/audio_hw_primary( 1074): select_devices: out_snd_device(2: speaker) in_snd_device(0: none)

D/msm8974_platform( 1074): platform_send_audio_calibration: sending audio calibration for snd_device(2) acdb_id(15)

E/ACDB-LOADER( 1074): Error: ACDB AFE returned = -19

D/audio_hw_primary( 1074): enable_snd_device: snd_device(2: speaker)

D/audio_hw_primary( 1074): enable_audio_route: apply and update mixer path: low-latency-playback speaker

V/WindowManager( 1545): addAppToken: AppWindowToken{1ca69422 token=Token{1cbd4ded ActivityRecord{3ff4f404 u0 com.weheartit/.app.UserProfileActivity t66}}} to stack=1 task=66 at 1

W/ActivityManager( 1545): Activity pause timeout for ActivityRecord{16965820 u0 com.weheartit/.app.DiscoverActivity t66}

E/WifiStateMachine( 1545): WifiStateMachine CMD_START_SCAN source -2 txSuccessRate=24.57 rxSuccessRate=24.62 targetRoamBSSID=00:00:00:00:00:00 RSSI=-22

E/WifiStateMachine( 1545): WifiStateMachine starting scan for "Mac Pro"WPA_PSK with 2462

I/STFBatteryMonitor( 3002): Battery is charging (good health); connected via ac; level at 20/100; temp 34.3C@3.582V

D/DDDG    (25724): Params Found:/data/data/com.weheartit/files/dddgintentextras/test7:com.weheartit/com.weheartit.app.UserProfileActivity

I/STFBatteryMonitor( 3002): Battery is charging (good health); connected via ac; level at 20/100; temp 34.3C@3.490V

W/FlurryAgent(25724): Flurry session resumed for context:com.weheartit.app.UserProfileActivity@879408e

D/KeepAlive(25724): stop

D/KeepAlive(25724): cancel()

D/KeepAlive(25724): processKeepAlive(true) timeSinceLastTransmission=230379 currentTimeout=86400000

I/STFBatteryMonitor( 3002): Battery is charging (good health); connected via ac; level at 20/100; temp 34.3C@3.480V

D/KeepAlive(25724): cancel()

D/KeepAlive(25724): start(3000)

V/WindowManager( 1545): Adding window Window{1a67730f u0 com.weheartit/com.weheartit.app.UserProfileActivity} package:com.weheartit at 21 of 27 (after Window{3646a7c u0 com.weheartit/com.weheartit.app.DiscoverActivity} package:com.weheartit)

I/STFBatteryMonitor( 3002): Battery is charging (good health); connected via ac; level at 20/100; temp 34.3C@3.460V

I/STFBatteryMonitor( 3002): Battery is charging (good health); connected via ac; level at 20/100; temp 34.1C@3.489V

I/STFBatteryMonitor( 3002): Battery is charging (good health); connected via ac; level at 20/100; temp 34.1C@3.478V

I/STFBatteryMonitor( 3002): Battery is charging (good health); connected via ac; level at 20/100; temp 34.1C@3.497V

D/ViewRootImpl(25724): changeCanvasOpacity: opaque=true

I/ActivityManager( 1545): Displayed com.weheartit/.app.UserProfileActivity: +1s882ms

I/STFBatteryMonitor( 3002): Battery is charging (good health); connected via ac; level at 20/100; temp 34.1C@3.515V

D/QSEECOMD: (26466): qseecom listener services process entry PPID = 1

E/QSEECOMD: (26466): Listener: index = 0, hierarchy = 0

D/QSEECOMD: (26466): Init dlopen(librpmb.so, RTLD_NOW) succeeds

D/QSEECOMD: (26466): Init::Init dlsym(g_FSHandle rpmb_init_service) succeeds

I/rpmb    (26466): RPMB Mult = 16384, Rel_sec_cnt = 1

E/DrmLibRpmb(26466): rpmb_init succeeded! with ret = 0

D/QSEECOMD: (26466): Init rpmb_init_service ret = 0

D/QSEECOMD: (26466): RPMB system services: init (Listener ID = 8192)

E/QSEECOMD: (26466): Listener: index = 1, hierarchy = 0

E/QSEECOMD: (26466): Init dlopen(libssd.so, RLTD_NOW) is failed....

E/QSEECOMD: (26466): ERROR: SSD_INIT failed, shall not start listener services

W/FlurryAgent(25724): Flurry session paused for context:com.weheartit.app.DiscoverActivity@2c56df44

I/STFBatteryMonitor( 3002): Battery is charging (good health); connected via ac; level at 20/100; temp 34.1C@3.565V

I/STFBatteryMonitor( 3002): Battery is charging (good health); connected via ac; level at 20/100; temp 34.3C@3.551V

D/ViewRootImpl(25724): changeCanvasOpacity: opaque=false

D/audio_hw_primary( 1074): disable_audio_route: reset and update mixer path: low-latency-playback speaker

D/audio_hw_primary( 1074): disable_snd_device: snd_device(2: speaker)

I/art     (25724): Background partial concurrent mark sweep GC freed 144541(7MB) AllocSpace objects, 63(5MB) LOS objects, 13% free, 104MB/120MB, paused 1.949ms total 130.636ms

I/STFBatteryMonitor( 3002): Battery is charging (good health); connected via ac; level at 20/100; temp 34.3C@3.496V

I/STFBatteryMonitor( 3002): Battery is charging (good health); connected via ac; level at 20/100; temp 34.3C@3.504V

D/DDDG    ( 1545): DDDG_XML_Serial:2275

D/audio_hw_primary( 1074): out_set_parameters: enter: usecase(1: low-latency-playback) kvpairs: routing=2

D/audio_hw_primary( 1074): select_devices: out_snd_device(2: speaker) in_snd_device(0: none)

D/msm8974_platform( 1074): platform_send_audio_calibration: sending audio calibration for snd_device(2) acdb_id(15)

E/ACDB-LOADER( 1074): Error: ACDB AFE returned = -19

D/audio_hw_primary( 1074): enable_snd_device: snd_device(2: speaker)

D/audio_hw_primary( 1074): enable_audio_route: apply and update mixer path: low-latency-playback speaker

I/STFBatteryMonitor( 3002): Battery is charging (good health); connected via ac; level at 20/100; temp 34.4C@3.633V

I/STFBatteryMonitor( 3002): Battery is charging (good health); connected via ac; level at 20/100; temp 34.0C@3.505V

