D/DDDG_Gestures(25724): scroll:com.weheartit/com.weheartit.app.EntryCollectionDetailsActivity

W/DDDG_Gestures(25724): Detector passed in

D/DDDG    (25724): DDDG_Interation:Type:long_click:Pointer:331adb0c:Id:com.weheartit:id/entryImageViewLayout:Class:com.weheartit.widget.layout.EntryView:Listener:false

D/DDDG    (25724): AdapterView Found:android:id/select_dialog_listview

D/QSEECOMD: (26269): qseecom listener services process entry PPID = 1

E/QSEECOMD: (26269): Listener: index = 0, hierarchy = 0

D/QSEECOMD: (26269): Init dlopen(librpmb.so, RTLD_NOW) succeeds

D/QSEECOMD: (26269): Init::Init dlsym(g_FSHandle rpmb_init_service) succeeds

I/rpmb    (26269): RPMB Mult = 16384, Rel_sec_cnt = 1

E/DrmLibRpmb(26269): rpmb_init succeeded! with ret = 0

D/QSEECOMD: (26269): Init rpmb_init_service ret = 0

D/QSEECOMD: (26269): RPMB system services: init (Listener ID = 8192)

E/QSEECOMD: (26269): Listener: index = 1, hierarchy = 0

E/QSEECOMD: (26269): Init dlopen(libssd.so, RLTD_NOW) is failed....

E/QSEECOMD: (26269): ERROR: SSD_INIT failed, shall not start listener services

I/STFBatteryMonitor( 3002): Battery is charging (good health); connected via ac; level at 20/100; temp 34.1C@3.565V

D/DDDG    (25724): DDDG_Interation:Type:scroll:Pointer:1f7e54c:Id:android:id/select_dialog_listview:Class:com.android.internal.app.AlertController$RecycleListView:Listener:true

V/WindowManager( 1545): Adding window Window{1b41a6a u0 AtchDlg:com.weheartit/com.weheartit.app.EntryCollectionDetailsActivity} package:com.weheartit at 27 of 33 (after Window{df3af0c u0 com.weheartit/com.weheartit.app.EntryCollectionDetailsActivity} package:com.weheartit)

D/DDDG    (25724): Dialog shown.

D/DDDG    (25724): DDDG_Interation:Type:scroll:Pointer:10d4066d:Id:com.weheartit:id/pullToRefreshGridView:Class:android.widget.GridView:Listener:true

D/DDDG_Gestures(25724): scroll:com.weheartit/com.weheartit.app.EntryCollectionDetailsActivity

W/DDDG_Gestures(25724): Detector passed in

D/DDDG    (25724): DDDG_Interation:Type:scroll:Pointer:1f7e54c:Id:android:id/select_dialog_listview:Class:com.android.internal.app.AlertController$RecycleListView:Listener:true

D/DDDG    (25724): DDDG_Interation:Type:scroll:Pointer:10d4066d:Id:com.weheartit:id/pullToRefreshGridView:Class:android.widget.GridView:Listener:true

I/STFBatteryMonitor( 3002): Battery is charging (good health); connected via ac; level at 20/100; temp 34.1C@3.532V

D/DDDG    (25724): DDDG_Interation:Type:scroll:Pointer:1f7e54c:Id:android:id/select_dialog_listview:Class:com.android.internal.app.AlertController$RecycleListView:Listener:true

D/DDDG    (25724): DDDG_Interation:Type:scroll:Pointer:10d4066d:Id:com.weheartit:id/pullToRefreshGridView:Class:android.widget.GridView:Listener:true

D/DDDG    (25724): DDDG_Interation:Type:scroll:Pointer:1f7e54c:Id:android:id/select_dialog_listview:Class:com.android.internal.app.AlertController$RecycleListView:Listener:true

D/DDDG    (25724): DDDG_Interation:Type:scroll:Pointer:10d4066d:Id:com.weheartit:id/pullToRefreshGridView:Class:android.widget.GridView:Listener:true

D/DDDG    (25724): DDDG_Interation:Type:scroll:Pointer:10d4066d:Id:com.weheartit:id/pullToRefreshGridView:Class:android.widget.GridView:Listener:true

D/DDDG    (25724): DDDG_Interation:Type:scroll:Pointer:10d4066d:Id:com.weheartit:id/pullToRefreshGridView:Class:android.widget.GridView:Listener:true

I/STFBatteryMonitor( 3002): Battery is charging (good health); connected via ac; level at 20/100; temp 33.9C@3.470V

I/STFBatteryMonitor( 3002): Battery is charging (good health); connected via ac; level at 20/100; temp 33.9C@3.566V

I/STFBatteryMonitor( 3002): Battery is charging (good health); connected via ac; level at 20/100; temp 33.9C@3.529V

D/DDDG    ( 1545): DDDG_XML_Serial:1641

D/QSEECOMD: (26273): qseecom listener services process entry PPID = 1

E/QSEECOMD: (26273): Listener: index = 0, hierarchy = 0

D/QSEECOMD: (26273): Init dlopen(librpmb.so, RTLD_NOW) succeeds

D/QSEECOMD: (26273): Init::Init dlsym(g_FSHandle rpmb_init_service) succeeds

I/rpmb    (26273): RPMB Mult = 16384, Rel_sec_cnt = 1

E/DrmLibRpmb(26273): rpmb_init succeeded! with ret = 0

D/QSEECOMD: (26273): Init rpmb_init_service ret = 0

D/QSEECOMD: (26273): RPMB system services: init (Listener ID = 8192)

E/QSEECOMD: (26273): Listener: index = 1, hierarchy = 0

E/QSEECOMD: (26273): Init dlopen(libssd.so, RLTD_NOW) is failed....

E/QSEECOMD: (26273): ERROR: SSD_INIT failed, shall not start listener services

I/STFBatteryMonitor( 3002): Battery is charging (good health); connected via ac; level at 20/100; temp 34.2C@3.693V

D/DDDG    ( 1545): DDDG_XML_Serial:1642

D/DDDG    (25724): DDDG_Interation:Type:scroll:Pointer:1f7e54c:Id:android:id/select_dialog_listview:Class:com.android.internal.app.AlertController$RecycleListView:Listener:true

D/audio_hw_primary( 1074): out_set_parameters: enter: usecase(1: low-latency-playback) kvpairs: routing=2

D/audio_hw_primary( 1074): select_devices: out_snd_device(2: speaker) in_snd_device(0: none)

D/msm8974_platform( 1074): platform_send_audio_calibration: sending audio calibration for snd_device(2) acdb_id(15)

E/ACDB-LOADER( 1074): Error: ACDB AFE returned = -19

D/audio_hw_primary( 1074): enable_snd_device: snd_device(2: speaker)

D/audio_hw_primary( 1074): enable_audio_route: apply and update mixer path: low-latency-playback speaker

D/DDDG    (25724): Dialog dismissed.

D/DDDG    (25724): Dialog dismissed.

D/DDDG    (25724): Dialog dismissed.

D/DDDG    (25724): DDDG_Interation:Type:item_click:Pointer:279fe675:Id::Class:com.android.internal.view.menu.ListMenuItemView:Listener:true

D/DDDG    (25724): DDDG_Interation:Type:scroll:Pointer:10d4066d:Id:com.weheartit:id/pullToRefreshGridView:Class:android.widget.GridView:Listener:true

W/InputMethodManagerService( 1545): Window already focused, ignoring focus gain of: com.android.internal.view.IInputMethodClient$Stub$Proxy@36f17336 attribute=null, token = android.os.BinderProxy@16f7ba3f

D/DDDG    (25724): Dialog dismissed.

I/STFBatteryMonitor( 3002): Battery is charging (good health); connected via ac; level at 20/100; temp 34.2C@3.564V

I/STFBatteryMonitor( 3002): Battery is charging (good health); connected via ac; level at 20/100; temp 34.2C@3.514V

I/STFBatteryMonitor( 3002): Battery is charging (good health); connected via ac; level at 20/100; temp 34.2C@3.487V

E/WifiStateMachine( 1545): WifiStateMachine CMD_START_SCAN source -2 txSuccessRate=28.60 rxSuccessRate=29.17 targetRoamBSSID=00:00:00:00:00:00 RSSI=-23

E/WifiStateMachine( 1545): WifiStateMachine starting scan for "Mac Pro"WPA_PSK with 2462

I/STFBatteryMonitor( 3002): Battery is charging (good health); connected via ac; level at 20/100; temp 34.2C@3.512V

I/STFBatteryMonitor( 3002): Battery is charging (good health); connected via ac; level at 20/100; temp 34.2C@3.496V

I/STFBatteryMonitor( 3002): Battery is charging (good health); connected via ac; level at 20/100; temp 34.2C@3.502V

D/DDDG    (25724): DDDG_Interation:Type:scroll:Pointer:10d4066d:Id:com.weheartit:id/pullToRefreshGridView:Class:android.widget.GridView:Listener:true

D/DDDG    ( 1545): DDDG_XML_Serial:1673

D/QSEECOMD: (26282): qseecom listener services process entry PPID = 1

E/QSEECOMD: (26282): Listener: index = 0, hierarchy = 0

D/QSEECOMD: (26282): Init dlopen(librpmb.so, RTLD_NOW) succeeds

D/QSEECOMD: (26282): Init::Init dlsym(g_FSHandle rpmb_init_service) succeeds

I/rpmb    (26282): RPMB Mult = 16384, Rel_sec_cnt = 1

E/DrmLibRpmb(26282): rpmb_init succeeded! with ret = 0

D/QSEECOMD: (26282): Init rpmb_init_service ret = 0

D/QSEECOMD: (26282): RPMB system services: init (Listener ID = 8192)

E/QSEECOMD: (26282): Listener: index = 1, hierarchy = 0

E/QSEECOMD: (26282): Init dlopen(libssd.so, RLTD_NOW) is failed....

E/QSEECOMD: (26282): ERROR: SSD_INIT failed, shall not start listener services

I/STFBatteryMonitor( 3002): Battery is charging (good health); connected via ac; level at 20/100; temp 34.2C@3.647V

D/DDDG    (25724): DDDG_Interation:Type:scroll:Pointer:10d4066d:Id:com.weheartit:id/pullToRefreshGridView:Class:android.widget.GridView:Listener:true

D/DDDG    (25724): DDDG_Interation:Type:scroll:Pointer:10d4066d:Id:com.weheartit:id/pullToRefreshGridView:Class:android.widget.GridView:Listener:true

I/STFBatteryMonitor( 3002): Battery is charging (good health); connected via ac; level at 20/100; temp 34.1C@3.601V

D/audio_hw_primary( 1074): disable_audio_route: reset and update mixer path: low-latency-playback speaker

D/audio_hw_primary( 1074): disable_snd_device: snd_device(2: speaker)

I/STFBatteryMonitor( 3002): Battery is charging (good health); connected via ac; level at 20/100; temp 34.1C@3.571V

D/DDDG    ( 1545): DDDG_XML_Serial:1685

D/DDDG    (25724): DDDG_Interation:Type:scroll:Pointer:10d4066d:Id:com.weheartit:id/pullToRefreshGridView:Class:android.widget.GridView:Listener:true

D/DDDG_Gestures(25724): scroll:com.weheartit/com.weheartit.app.EntryCollectionDetailsActivity

W/DDDG_Gestures(25724): Detector passed in

D/DDDG    (25724): DDDG_Interation:Type:scroll:Pointer:10d4066d:Id:com.weheartit:id/pullToRefreshGridView:Class:android.widget.GridView:Listener:true

D/DDDG    (25724): DDDG_Interation:Type:scroll:Pointer:10d4066d:Id:com.weheartit:id/pullToRefreshGridView:Class:android.widget.GridView:Listener:true

D/DDDG    (25724): DDDG_Interation:Type:scroll:Pointer:10d4066d:Id:com.weheartit:id/pullToRefreshGridView:Class:android.widget.GridView:Listener:true

D/DDDG    (25724): DDDG_Interation:Type:scroll:Pointer:10d4066d:Id:com.weheartit:id/pullToRefreshGridView:Class:android.widget.GridView:Listener:true

D/DDDG    (25724): DDDG_Interation:Type:scroll:Pointer:10d4066d:Id:com.weheartit:id/pullToRefreshGridView:Class:android.widget.GridView:Listener:true

D/DDDG    (25724): DDDG_Interation:Type:scroll:Pointer:10d4066d:Id:com.weheartit:id/pullToRefreshGridView:Class:android.widget.GridView:Listener:true

D/DDDG    (25724): DDDG_Interation:Type:scroll:Pointer:10d4066d:Id:com.weheartit:id/pullToRefreshGridView:Class:android.widget.GridView:Listener:true

D/DDDG    (25724): DDDG_Interation:Type:scroll:Pointer:10d4066d:Id:com.weheartit:id/pullToRefreshGridView:Class:android.widget.GridView:Listener:true

D/DDDG    (25724): DDDG_Interation:Type:scroll:Pointer:10d4066d:Id:com.weheartit:id/pullToRefreshGridView:Class:android.widget.GridView:Listener:true

D/DDDG    (25724): DDDG_Interation:Type:scroll:Pointer:10d4066d:Id:com.weheartit:id/pullToRefreshGridView:Class:android.widget.GridView:Listener:true

D/DDDG    (25724): DDDG_Interation:Type:scroll:Pointer:10d4066d:Id:com.weheartit:id/pullToRefreshGridView:Class:android.widget.GridView:Listener:true

D/DDDG    (25724): DDDG_Interation:Type:scroll:Pointer:10d4066d:Id:com.weheartit:id/pullToRefreshGridView:Class:android.widget.GridView:Listener:true

D/DDDG    (25724): DDDG_Interation:Type:scroll:Pointer:10d4066d:Id:com.weheartit:id/pullToRefreshGridView:Class:android.widget.GridView:Listener:true

D/DDDG    (25724): DDDG_Interation:Type:scroll:Pointer:10d4066d:Id:com.weheartit:id/pullToRefreshGridView:Class:android.widget.GridView:Listener:true

I/STFBatteryMonitor( 3002): Battery is charging (good health); connected via ac; level at 20/100; temp 34.2C@3.546V

I/STFBatteryMonitor( 3002): Battery is charging (good health); connected via ac; level at 20/100; temp 34.2C@3.499V

D/QSEECOMD: (26284): qseecom listener services process entry PPID = 1

E/QSEECOMD: (26284): Listener: index = 0, hierarchy = 0

D/QSEECOMD: (26284): Init dlopen(librpmb.so, RTLD_NOW) succeeds

D/QSEECOMD: (26284): Init::Init dlsym(g_FSHandle rpmb_init_service) succeeds

I/rpmb    (26284): RPMB Mult = 16384, Rel_sec_cnt = 1

E/DrmLibRpmb(26284): rpmb_init succeeded! with ret = 0

D/QSEECOMD: (26284): Init rpmb_init_service ret = 0

D/QSEECOMD: (26284): RPMB system services: init (Listener ID = 8192)

E/QSEECOMD: (26284): Listener: index = 1, hierarchy = 0

E/QSEECOMD: (26284): Init dlopen(libssd.so, RLTD_NOW) is failed....

E/QSEECOMD: (26284): ERROR: SSD_INIT failed, shall not start listener services

I/STFBatteryMonitor( 3002): Battery is charging (good health); connected via ac; level at 20/100; temp 34.3C@3.701V

D/DDDG    ( 1545): DDDG_XML_Serial:1706

D/DDDG_Gestures(25724): fling:com.weheartit/com.weheartit.app.EntryCollectionDetailsActivity

W/DDDG_Gestures(25724): Detector passed in

I/STFBatteryMonitor( 3002): Battery is charging (good health); connected via ac; level at 20/100; temp 34.3C@3.571V

I/STFBatteryMonitor( 3002): Battery is charging (good health); connected via ac; level at 20/100; temp 34.1C@3.539V

I/ActivityManager( 1545): START u0 {cmp=com.weheartit/.app.SwipeableEntryDetailsActivity (has extras)} from uid 10097 on display 0

V/WindowManager( 1545): addAppToken: AppWindowToken{11b4450d token=Token{305ed3a4 ActivityRecord{7acb237 u0 com.weheartit/.app.SwipeableEntryDetailsActivity t66}}} to stack=1 task=66 at 7

D/DDDG    (25724): Params Found:/data/data/com.weheartit/files/dddgintentextras/test6:com.weheartit/com.weheartit.app.SwipeableEntryDetailsActivity

D/KeepAlive(25724): stop

D/KeepAlive(25724): cancel()

D/KeepAlive(25724): processKeepAlive(true) timeSinceLastTransmission=97888 currentTimeout=86400000

W/FlurryAgent(25724): Flurry session resumed for context:com.weheartit.app.SwipeableEntryDetailsActivity@39e3ab70

V/WindowManager( 1545): Adding window Window{14903ad3 u0 com.weheartit/com.weheartit.app.SwipeableEntryDetailsActivity} package:com.weheartit at 27 of 33 (after Window{df3af0c u0 com.weheartit/com.weheartit.app.EntryCollectionDetailsActivity} package:com.weheartit)

W/ResourceType(25724): No package identifier when getting value for resource number 0x00000000

W/PackageManager(25724): Failure retrieving resources for com.android.mms: Resource ID #0x0

W/ResourceType(25724): No package identifier when getting value for resource number 0x00000000

W/PackageManager(25724): Failure retrieving resources for com.android.mms: Resource ID #0x0

W/ResourceType(25724): No package identifier when getting value for resource number 0x00000000

W/PackageManager(25724): Failure retrieving resources for com.android.mms: Resource ID #0x0

W/ResourceType(25724): No package identifier when getting value for resource number 0x00000000

W/PackageManager(25724): Failure retrieving resources for com.android.mms: Resource ID #0x0

W/ResourceType(25724): No package identifier when getting value for resource number 0x00000000

W/PackageManager(25724): Failure retrieving resources for com.android.mms: Resource ID #0x0

W/ResourceType(25724): No package identifier when getting value for resource number 0x00000000

W/PackageManager(25724): Failure retrieving resources for com.android.mms: Resource ID #0x0

W/ResourceType(25724): No package identifier when getting value for resource number 0x00000000

W/PackageManager(25724): Failure retrieving resources for com.android.mms: Resource ID #0x0

W/ResourceType(25724): No package identifier when getting value for resource number 0x00000000

W/PackageManager(25724): Failure retrieving resources for com.android.mms: Resource ID #0x0

W/ResourceType(25724): No package identifier when getting value for resource number 0x00000000

W/PackageManager(25724): Failure retrieving resources for com.android.mms: Resource ID #0x0

W/ResourceType(25724): No package identifier when getting value for resource number 0x00000000

W/PackageManager(25724): Failure retrieving resources for com.android.mms: Resource ID #0x0

W/ResourceType(25724): No package identifier when getting value for resource number 0x00000000

W/PackageManager(25724): Failure retrieving resources for com.android.mms: Resource ID #0x0

W/ResourceType(25724): No package identifier when getting value for resource number 0x00000000

W/PackageManager(25724): Failure retrieving resources for com.android.mms: Resource ID #0x0

W/ResourceType(25724): No package identifier when getting value for resource number 0x00000000

W/PackageManager(25724): Failure retrieving resources for com.android.mms: Resource ID #0x0

W/ResourceType(25724): No package identifier when getting value for resource number 0x00000000

W/PackageManager(25724): Failure retrieving resources for com.android.mms: Resource ID #0x0

W/ResourceType(25724): No package identifier when getting value for resource number 0x00000000

W/PackageManager(25724): Failure retrieving resources for com.android.mms: Resource ID #0x0

I/STFBatteryMonitor( 3002): Battery is charging (good health); connected via ac; level at 20/100; temp 34.1C@3.544V

I/STFBatteryMonitor( 3002): Battery is charging (good health); connected via ac; level at 20/100; temp 34.1C@3.515V

I/STFBatteryMonitor( 3002): Battery is charging (good health); connected via ac; level at 20/100; temp 34.1C@3.546V

W/ResourceType(25724): No package identifier when getting value for resource number 0x00000000

W/PackageManager(25724): Failure retrieving resources for com.android.mms: Resource ID #0x0

W/ResourceType(25724): No package identifier when getting value for resource number 0x00000000

W/PackageManager(25724): Failure retrieving resources for com.android.mms: Resource ID #0x0

W/ResourceType(25724): No package identifier when getting value for resource number 0x00000000

W/PackageManager(25724): Failure retrieving resources for com.android.mms: Resource ID #0x0

W/ResourceType(25724): No package identifier when getting value for resource number 0x00000000

W/PackageManager(25724): Failure retrieving resources for com.android.mms: Resource ID #0x0

W/ResourceType(25724): No package identifier when getting value for resource number 0x00000000

W/PackageManager(25724): Failure retrieving resources for com.android.mms: Resource ID #0x0

W/ResourceType(25724): No package identifier when getting value for resource number 0x00000000

W/PackageManager(25724): Failure retrieving resources for com.android.mms: Resource ID #0x0

W/ResourceType(25724): No package identifier when getting value for resource number 0x00000000

W/PackageManager(25724): Failure retrieving resources for com.android.mms: Resource ID #0x0

W/ResourceType(25724): No package identifier when getting value for resource number 0x00000000

W/PackageManager(25724): Failure retrieving resources for com.android.mms: Resource ID #0x0

W/ResourceType(25724): No package identifier when getting value for resource number 0x00000000

W/PackageManager(25724): Failure retrieving resources for com.android.mms: Resource ID #0x0

I/STFBatteryMonitor( 3002): Battery is charging (good health); connected via ac; level at 20/100; temp 34.1C@3.530V

I/STFBatteryMonitor( 3002): Battery is charging (good health); connected via ac; level at 20/100; temp 34.2C@3.530V

I/Choreographer(25724): Skipped 68 frames!  The application may be doing too much work on its main thread.

I/STFBatteryMonitor( 3002): Battery is charging (good health); connected via ac; level at 20/100; temp 34.2C@3.501V

W/ResourceType(25724): No package identifier when getting value for resource number 0x00000000

W/PackageManager(25724): Failure retrieving resources for com.android.mms: Resource ID #0x0

W/ResourceType(25724): No package identifier when getting value for resource number 0x00000000

W/PackageManager(25724): Failure retrieving resources for com.android.mms: Resource ID #0x0

W/ResourceType(25724): No package identifier when getting value for resource number 0x00000000

W/PackageManager(25724): Failure retrieving resources for com.android.mms: Resource ID #0x0

W/ResourceType(25724): No package identifier when getting value for resource number 0x00000000

W/PackageManager(25724): Failure retrieving resources for com.android.mms: Resource ID #0x0

W/ResourceType(25724): No package identifier when getting value for resource number 0x00000000

W/PackageManager(25724): Failure retrieving resources for com.android.mms: Resource ID #0x0

I/ActivityManager( 1545): Displayed com.weheartit/.app.SwipeableEntryDetailsActivity: +1s693ms

W/ResourceType(25724): No package identifier when getting value for resource number 0x00000000

W/PackageManager(25724): Failure retrieving resources for com.android.mms: Resource ID #0x0

W/ResourceType(25724): No package identifier when getting value for resource number 0x00000000

W/PackageManager(25724): Failure retrieving resources for com.android.mms: Resource ID #0x0

W/ResourceType(25724): No package identifier when getting value for resource number 0x00000000

W/PackageManager(25724): Failure retrieving resources for com.android.mms: Resource ID #0x0

W/ResourceType(25724): No package identifier when getting value for resource number 0x00000000

W/PackageManager(25724): Failure retrieving resources for com.android.mms: Resource ID #0x0

W/ResourceType(25724): No package identifier when getting value for resource number 0x00000000

W/PackageManager(25724): Failure retrieving resources for com.android.mms: Resource ID #0x0

I/STFBatteryMonitor( 3002): Battery is charging (good health); connected via ac; level at 20/100; temp 34.2C@3.475V

W/ResourceType(25724): No package identifier when getting value for resource number 0x00000000

W/PackageManager(25724): Failure retrieving resources for com.android.mms: Resource ID #0x0

W/ResourceType(25724): No package identifier when getting value for resource number 0x00000000

W/PackageManager(25724): Failure retrieving resources for com.android.mms: Resource ID #0x0

W/ResourceType(25724): No package identifier when getting value for resource number 0x00000000

W/PackageManager(25724): Failure retrieving resources for com.android.mms: Resource ID #0x0

W/ResourceType(25724): No package identifier when getting value for resource number 0x00000000

W/PackageManager(25724): Failure retrieving resources for com.android.mms: Resource ID #0x0

W/ResourceType(25724): No package identifier when getting value for resource number 0x00000000

W/PackageManager(25724): Failure retrieving resources for com.android.mms: Resource ID #0x0

W/ResourceType(25724): No package identifier when getting value for resource number 0x00000000

W/PackageManager(25724): Failure retrieving resources for com.android.mms: Resource ID #0x0

W/ResourceType(25724): No package identifier when getting value for resource number 0x00000000

W/PackageManager(25724): Failure retrieving resources for com.android.mms: Resource ID #0x0

W/ResourceType(25724): No package identifier when getting value for resource number 0x00000000

W/PackageManager(25724): Failure retrieving resources for com.android.mms: Resource ID #0x0

W/ResourceType(25724): No package identifier when getting value for resource number 0x00000000

W/PackageManager(25724): Failure retrieving resources for com.android.mms: Resource ID #0x0

I/STFBatteryMonitor( 3002): Battery is charging (good health); connected via ac; level at 20/100; temp 34.2C@3.505V

E/qdoverlay(  264): Bad ov dump:  mdp_overlay z=2 fg=0 alpha=255 mask=-1 flags=0x860200 id=1

E/qdoverlay(  264): src msmfb_img w=1664 h=88 format=13 MDP_RGBA_8888

E/qdoverlay(  264): src_rect mdp_rect x=0 y=0 w=720 h=88

E/qdoverlay(  264): dst_rect mdp_rect x=0 y=0 w=720 h=88

E/qdoverlay(  264): Bad ov dump:  mdp_overlay z=1 fg=0 alpha=255 mask=-1 flags=0x840200 id=1

E/qdoverlay(  264): src msmfb_img w=1664 h=2560 format=13 MDP_RGBA_8888

E/qdoverlay(  264): src_rect mdp_rect x=0 y=0 w=719 h=2560

E/qdoverlay(  264): dst_rect mdp_rect x=1 y=1 w=719 h=2558

I/STFBatteryMonitor( 3002): Battery is charging (good health); connected via ac; level at 20/100; temp 34.2C@3.496V

I/STFBatteryMonitor( 3002): Battery is charging (good health); connected via ac; level at 20/100; temp 34.2C@3.510V

W/FlurryAgent(25724): Flurry session paused for context:com.weheartit.app.EntryCollectionDetailsActivity@72ca589

I/art     (25724): Background partial concurrent mark sweep GC freed 57401(2MB) AllocSpace objects, 54(5MB) LOS objects, 13% free, 100MB/116MB, paused 2.237ms total 160.503ms

I/STFBatteryMonitor( 3002): Battery is charging (good health); connected via ac; level at 20/100; temp 34.2C@3.497V

I/STFBatteryMonitor( 3002): Battery is charging (good health); connected via ac; level at 20/100; temp 34.1C@3.532V

I/STFBatteryMonitor( 3002): Battery is charging (good health); connected via ac; level at 20/100; temp 34.1C@3.503V

I/STFBatteryMonitor( 3002): Battery is charging (good health); connected via ac; level at 20/100; temp 34.1C@3.496V

I/STFBatteryMonitor( 3002): Battery is charging (good health); connected via ac; level at 20/100; temp 34.1C@3.510V

I/STFBatteryMonitor( 3002): Battery is charging (good health); connected via ac; level at 20/100; temp 34.1C@3.431V

D/QSEECOMD: (26305): qseecom listener services process entry PPID = 1

E/QSEECOMD: (26305): Listener: index = 0, hierarchy = 0

D/QSEECOMD: (26305): Init dlopen(librpmb.so, RTLD_NOW) succeeds

D/QSEECOMD: (26305): Init::Init dlsym(g_FSHandle rpmb_init_service) succeeds

I/rpmb    (26305): RPMB Mult = 16384, Rel_sec_cnt = 1

E/DrmLibRpmb(26305): rpmb_init succeeded! with ret = 0

D/QSEECOMD: (26305): Init rpmb_init_service ret = 0

D/QSEECOMD: (26305): RPMB system services: init (Listener ID = 8192)

E/QSEECOMD: (26305): Listener: index = 1, hierarchy = 0

E/QSEECOMD: (26305): Init dlopen(libssd.so, RLTD_NOW) is failed....

E/QSEECOMD: (26305): ERROR: SSD_INIT failed, shall not start listener services

I/STFBatteryMonitor( 3002): Battery is charging (good health); connected via ac; level at 20/100; temp 34.2C@3.538V

I/Choreographer(25724): Skipped 33 frames!  The application may be doing too much work on its main thread.

D/QSEECOMD: (26308): qseecom listener services process entry PPID = 1

E/QSEECOMD: (26308): Listener: index = 0, hierarchy = 0

D/QSEECOMD: (26308): Init dlopen(librpmb.so, RTLD_NOW) succeeds

D/QSEECOMD: (26308): Init::Init dlsym(g_FSHandle rpmb_init_service) succeeds

I/rpmb    (26308): RPMB Mult = 16384, Rel_sec_cnt = 1

E/DrmLibRpmb(26308): rpmb_init succeeded! with ret = 0

D/QSEECOMD: (26308): Init rpmb_init_service ret = 0

D/QSEECOMD: (26308): RPMB system services: init (Listener ID = 8192)

E/QSEECOMD: (26308): Listener: index = 1, hierarchy = 0

E/QSEECOMD: (26308): Init dlopen(libssd.so, RLTD_NOW) is failed....

E/QSEECOMD: (26308): ERROR: SSD_INIT failed, shall not start listener services

I/STFBatteryMonitor( 3002): Battery is charging (good health); connected via ac; level at 20/100; temp 34.3C@3.697V

E/WifiStateMachine( 1545): WifiStateMachine CMD_START_SCAN source -2 txSuccessRate=53.36 rxSuccessRate=64.22 targetRoamBSSID=00:00:00:00:00:00 RSSI=-20

D/QSEECOMD: (26311): qseecom listener services process entry PPID = 1

E/QSEECOMD: (26311): Listener: index = 0, hierarchy = 0

D/QSEECOMD: (26311): Init dlopen(librpmb.so, RTLD_NOW) succeeds

D/QSEECOMD: (26311): Init::Init dlsym(g_FSHandle rpmb_init_service) succeeds

I/rpmb    (26311): RPMB Mult = 16384, Rel_sec_cnt = 1

E/DrmLibRpmb(26311): rpmb_init succeeded! with ret = 0

D/QSEECOMD: (26311): Init rpmb_init_service ret = 0

D/QSEECOMD: (26311): RPMB system services: init (Listener ID = 8192)

E/QSEECOMD: (26311): Listener: index = 1, hierarchy = 0

E/QSEECOMD: (26311): Init dlopen(libssd.so, RLTD_NOW) is failed....

E/QSEECOMD: (26311): ERROR: SSD_INIT failed, shall not start listener services

I/STFBatteryMonitor( 3002): Battery is charging (good health); connected via ac; level at 20/100; temp 34.4C@3.686V

D/QSEECOMD: (26313): qseecom listener services process entry PPID = 1

E/QSEECOMD: (26313): Listener: index = 0, hierarchy = 0

D/QSEECOMD: (26313): Init dlopen(librpmb.so, RTLD_NOW) succeeds

D/QSEECOMD: (26313): Init::Init dlsym(g_FSHandle rpmb_init_service) succeeds

I/rpmb    (26313): RPMB Mult = 16384, Rel_sec_cnt = 1

E/DrmLibRpmb(26313): rpmb_init succeeded! with ret = 0

D/QSEECOMD: (26313): Init rpmb_init_service ret = 0

D/QSEECOMD: (26313): RPMB system services: init (Listener ID = 8192)

E/QSEECOMD: (26313): Listener: index = 1, hierarchy = 0

E/QSEECOMD: (26313): Init dlopen(libssd.so, RLTD_NOW) is failed....

E/QSEECOMD: (26313): ERROR: SSD_INIT failed, shall not start listener services

I/STFBatteryMonitor( 3002): Battery is charging (good health); connected via ac; level at 20/100; temp 34.4C@3.677V

I/STFBatteryMonitor( 3002): Battery is charging (good health); connected via ac; level at 20/100; temp 34.4C@3.672V

I/STFBatteryMonitor( 3002): Battery is charging (good health); connected via ac; level at 20/100; temp 34.3C@3.672V

D/QSEECOMD: (26317): qseecom listener services process entry PPID = 1

E/QSEECOMD: (26317): Listener: index = 0, hierarchy = 0

D/QSEECOMD: (26317): Init dlopen(librpmb.so, RTLD_NOW) succeeds

D/QSEECOMD: (26317): Init::Init dlsym(g_FSHandle rpmb_init_service) succeeds

I/rpmb    (26317): RPMB Mult = 16384, Rel_sec_cnt = 1

E/DrmLibRpmb(26317): rpmb_init succeeded! with ret = 0

D/QSEECOMD: (26317): Init rpmb_init_service ret = 0

D/QSEECOMD: (26317): RPMB system services: init (Listener ID = 8192)

E/QSEECOMD: (26317): Listener: index = 1, hierarchy = 0

E/QSEECOMD: (26317): Init dlopen(libssd.so, RLTD_NOW) is failed....

E/QSEECOMD: (26317): ERROR: SSD_INIT failed, shall not start listener services

I/STFBatteryMonitor( 3002): Battery is charging (good health); connected via ac; level at 20/100; temp 34.3C@3.698V

D/QSEECOMD: (26318): qseecom listener services process entry PPID = 1

E/QSEECOMD: (26318): Listener: index = 0, hierarchy = 0

D/QSEECOMD: (26318): Init dlopen(librpmb.so, RTLD_NOW) succeeds

D/QSEECOMD: (26318): Init::Init dlsym(g_FSHandle rpmb_init_service) succeeds

I/rpmb    (26318): RPMB Mult = 16384, Rel_sec_cnt = 1

E/DrmLibRpmb(26318): rpmb_init succeeded! with ret = 0

D/QSEECOMD: (26318): Init rpmb_init_service ret = 0

D/QSEECOMD: (26318): RPMB system services: init (Listener ID = 8192)

E/QSEECOMD: (26318): Listener: index = 1, hierarchy = 0

E/QSEECOMD: (26318): Init dlopen(libssd.so, RLTD_NOW) is failed....

E/QSEECOMD: (26318): ERROR: SSD_INIT failed, shall not start listener services

E/WifiStateMachine( 1545): WifiStateMachine CMD_START_SCAN source -2 txSuccessRate=4.38 rxSuccessRate=4.18 targetRoamBSSID=00:00:00:00:00:00 RSSI=-19

E/WifiStateMachine( 1545): WifiStateMachine starting scan for "Mac Pro"WPA_PSK with 2462

I/STFBatteryMonitor( 3002): Battery is charging (good health); connected via ac; level at 20/100; temp 34.3C@3.694V

D/QSEECOMD: (26320): qseecom listener services process entry PPID = 1

E/QSEECOMD: (26320): Listener: index = 0, hierarchy = 0

D/QSEECOMD: (26320): Init dlopen(librpmb.so, RTLD_NOW) succeeds

D/QSEECOMD: (26320): Init::Init dlsym(g_FSHandle rpmb_init_service) succeeds

I/rpmb    (26320): RPMB Mult = 16384, Rel_sec_cnt = 1

E/DrmLibRpmb(26320): rpmb_init succeeded! with ret = 0

D/QSEECOMD: (26320): Init rpmb_init_service ret = 0

D/QSEECOMD: (26320): RPMB system services: init (Listener ID = 8192)

E/QSEECOMD: (26320): Listener: index = 1, hierarchy = 0

E/QSEECOMD: (26320): Init dlopen(libssd.so, RLTD_NOW) is failed....

E/QSEECOMD: (26320): ERROR: SSD_INIT failed, shall not start listener services

I/STFBatteryMonitor( 3002): Battery is charging (good health); connected via ac; level at 20/100; temp 34.3C@3.680V

D/QSEECOMD: (26321): qseecom listener services process entry PPID = 1

E/QSEECOMD: (26321): Listener: index = 0, hierarchy = 0

D/QSEECOMD: (26321): Init dlopen(librpmb.so, RTLD_NOW) succeeds

D/QSEECOMD: (26321): Init::Init dlsym(g_FSHandle rpmb_init_service) succeeds

I/rpmb    (26321): RPMB Mult = 16384, Rel_sec_cnt = 1

E/DrmLibRpmb(26321): rpmb_init succeeded! with ret = 0

D/QSEECOMD: (26321): Init rpmb_init_service ret = 0

D/QSEECOMD: (26321): RPMB system services: init (Listener ID = 8192)

E/QSEECOMD: (26321): Listener: index = 1, hierarchy = 0

E/QSEECOMD: (26321): Init dlopen(libssd.so, RLTD_NOW) is failed....

E/QSEECOMD: (26321): ERROR: SSD_INIT failed, shall not start listener services

I/STFBatteryMonitor( 3002): Battery is charging (good health); connected via ac; level at 20/100; temp 34.3C@3.690V

I/STFBatteryMonitor( 3002): Battery is charging (good health); connected via ac; level at 20/100; temp 34.3C@3.683V

D/QSEECOMD: (26324): qseecom listener services process entry PPID = 1

E/QSEECOMD: (26324): Listener: index = 0, hierarchy = 0

D/QSEECOMD: (26324): Init dlopen(librpmb.so, RTLD_NOW) succeeds

D/QSEECOMD: (26324): Init::Init dlsym(g_FSHandle rpmb_init_service) succeeds

I/rpmb    (26324): RPMB Mult = 16384, Rel_sec_cnt = 1

E/DrmLibRpmb(26324): rpmb_init succeeded! with ret = 0

D/QSEECOMD: (26324): Init rpmb_init_service ret = 0

D/QSEECOMD: (26324): RPMB system services: init (Listener ID = 8192)

E/QSEECOMD: (26324): Listener: index = 1, hierarchy = 0

E/QSEECOMD: (26324): Init dlopen(libssd.so, RLTD_NOW) is failed....

E/QSEECOMD: (26324): ERROR: SSD_INIT failed, shall not start listener services

I/STFBatteryMonitor( 3002): Battery is charging (good health); connected via ac; level at 20/100; temp 34.2C@3.677V

D/QSEECOMD: (26326): qseecom listener services process entry PPID = 1

E/QSEECOMD: (26326): Listener: index = 0, hierarchy = 0

D/QSEECOMD: (26326): Init dlopen(librpmb.so, RTLD_NOW) succeeds

D/QSEECOMD: (26326): Init::Init dlsym(g_FSHandle rpmb_init_service) succeeds

I/rpmb    (26326): RPMB Mult = 16384, Rel_sec_cnt = 1

E/DrmLibRpmb(26326): rpmb_init succeeded! with ret = 0

D/QSEECOMD: (26326): Init rpmb_init_service ret = 0

D/QSEECOMD: (26326): RPMB system services: init (Listener ID = 8192)

E/QSEECOMD: (26326): Listener: index = 1, hierarchy = 0

E/QSEECOMD: (26326): Init dlopen(libssd.so, RLTD_NOW) is failed....

E/QSEECOMD: (26326): ERROR: SSD_INIT failed, shall not start listener services

E/WifiStateMachine( 1545): WifiStateMachine CMD_START_SCAN source -2 txSuccessRate=0.01 rxSuccessRate=0.01 targetRoamBSSID=00:00:00:00:00:00 RSSI=-18

E/WifiStateMachine( 1545): WifiStateMachine starting scan for "Mac Pro"WPA_PSK with 2462

I/STFBatteryMonitor( 3002): Battery is charging (good health); connected via ac; level at 20/100; temp 34.2C@3.681V

D/QSEECOMD: (26328): qseecom listener services process entry PPID = 1

E/QSEECOMD: (26328): Listener: index = 0, hierarchy = 0

D/QSEECOMD: (26328): Init dlopen(librpmb.so, RTLD_NOW) succeeds

D/QSEECOMD: (26328): Init::Init dlsym(g_FSHandle rpmb_init_service) succeeds

I/rpmb    (26328): RPMB Mult = 16384, Rel_sec_cnt = 1

E/DrmLibRpmb(26328): rpmb_init succeeded! with ret = 0

D/QSEECOMD: (26328): Init rpmb_init_service ret = 0

D/QSEECOMD: (26328): RPMB system services: init (Listener ID = 8192)

E/QSEECOMD: (26328): Listener: index = 1, hierarchy = 0

E/QSEECOMD: (26328): Init dlopen(libssd.so, RLTD_NOW) is failed....

E/QSEECOMD: (26328): ERROR: SSD_INIT failed, shall not start listener services

I/STFBatteryMonitor( 3002): Battery is charging (good health); connected via ac; level at 20/100; temp 34.2C@3.699V

D/QSEECOMD: (26329): qseecom listener services process entry PPID = 1

E/QSEECOMD: (26329): Listener: index = 0, hierarchy = 0

D/QSEECOMD: (26329): Init dlopen(librpmb.so, RTLD_NOW) succeeds

D/QSEECOMD: (26329): Init::Init dlsym(g_FSHandle rpmb_init_service) succeeds

I/rpmb    (26329): RPMB Mult = 16384, Rel_sec_cnt = 1

E/DrmLibRpmb(26329): rpmb_init succeeded! with ret = 0

D/QSEECOMD: (26329): Init rpmb_init_service ret = 0

D/QSEECOMD: (26329): RPMB system services: init (Listener ID = 8192)

E/QSEECOMD: (26329): Listener: index = 1, hierarchy = 0

E/QSEECOMD: (26329): Init dlopen(libssd.so, RLTD_NOW) is failed....

E/QSEECOMD: (26329): ERROR: SSD_INIT failed, shall not start listener services

I/STFBatteryMonitor( 3002): Battery is charging (good health); connected via ac; level at 20/100; temp 34.2C@3.695V

I/STFBatteryMonitor( 3002): Battery is charging (good health); connected via ac; level at 20/100; temp 34.2C@3.688V

D/QSEECOMD: (26332): qseecom listener services process entry PPID = 1

E/QSEECOMD: (26332): Listener: index = 0, hierarchy = 0

D/QSEECOMD: (26332): Init dlopen(librpmb.so, RTLD_NOW) succeeds

D/QSEECOMD: (26332): Init::Init dlsym(g_FSHandle rpmb_init_service) succeeds

I/rpmb    (26332): RPMB Mult = 16384, Rel_sec_cnt = 1

E/DrmLibRpmb(26332): rpmb_init succeeded! with ret = 0

D/QSEECOMD: (26332): Init rpmb_init_service ret = 0

D/QSEECOMD: (26332): RPMB system services: init (Listener ID = 8192)

E/QSEECOMD: (26332): Listener: index = 1, hierarchy = 0

E/QSEECOMD: (26332): Init dlopen(libssd.so, RLTD_NOW) is failed....

E/QSEECOMD: (26332): ERROR: SSD_INIT failed, shall not start listener services

I/STFBatteryMonitor( 3002): Battery is charging (good health); connected via ac; level at 20/100; temp 34.1C@3.675V

D/QSEECOMD: (26333): qseecom listener services process entry PPID = 1

E/QSEECOMD: (26333): Listener: index = 0, hierarchy = 0

D/QSEECOMD: (26333): Init dlopen(librpmb.so, RTLD_NOW) succeeds

D/QSEECOMD: (26333): Init::Init dlsym(g_FSHandle rpmb_init_service) succeeds

I/rpmb    (26333): RPMB Mult = 16384, Rel_sec_cnt = 1

E/DrmLibRpmb(26333): rpmb_init succeeded! with ret = 0

D/QSEECOMD: (26333): Init rpmb_init_service ret = 0

D/QSEECOMD: (26333): RPMB system services: init (Listener ID = 8192)

E/QSEECOMD: (26333): Listener: index = 1, hierarchy = 0

E/QSEECOMD: (26333): Init dlopen(libssd.so, RLTD_NOW) is failed....

E/QSEECOMD: (26333): ERROR: SSD_INIT failed, shall not start listener services

E/WifiStateMachine( 1545): WifiStateMachine CMD_START_SCAN source -2 txSuccessRate=0.00 rxSuccessRate=0.00 targetRoamBSSID=00:00:00:00:00:00 RSSI=-20

E/WifiStateMachine( 1545): WifiStateMachine starting scan for "Mac Pro"WPA_PSK with 2462

D/DDDG    ( 1545): DDDG_XML_Serial:1803

I/STFBatteryMonitor( 3002): Battery is charging (good health); connected via ac; level at 20/100; temp 34.1C@3.605V

I/Choreographer(25724): Skipped 61 frames!  The application may be doing too much work on its main thread.

D/DDDG    (25724): DDDG_Interation:Type:click:Pointer:6171467:Id:com.weheartit:id/back_button:Class:android.widget.ImageView:Listener:true

D/audio_hw_primary( 1074): out_set_parameters: enter: usecase(1: low-latency-playback) kvpairs: routing=2

D/audio_hw_primary( 1074): select_devices: out_snd_device(2: speaker) in_snd_device(0: none)

D/msm8974_platform( 1074): platform_send_audio_calibration: sending audio calibration for snd_device(2) acdb_id(15)

E/ACDB-LOADER( 1074): Error: ACDB AFE returned = -19

D/audio_hw_primary( 1074): enable_snd_device: snd_device(2: speaker)

D/audio_hw_primary( 1074): enable_audio_route: apply and update mixer path: low-latency-playback speaker

W/FlurryAgent(25724): Flurry session resumed for context:com.weheartit.app.EntryCollectionDetailsActivity@72ca589

D/KeepAlive(25724): cancel()

D/DDDG    (25724): DDDG_Interation:Type:scroll:Pointer:10d4066d:Id:com.weheartit:id/pullToRefreshGridView:Class:android.widget.GridView:Listener:true

D/KeepAlive(25724): start(3000)

W/ResourceType(25724): No package identifier when getting value for resource number 0x00000000

W/PackageManager(25724): Failure retrieving resources for com.android.mms: Resource ID #0x0

D/QSEECOMD: (26340): qseecom listener services process entry PPID = 1

E/QSEECOMD: (26340): Listener: index = 0, hierarchy = 0

D/QSEECOMD: (26340): Init dlopen(librpmb.so, RTLD_NOW) succeeds

D/QSEECOMD: (26340): Init::Init dlsym(g_FSHandle rpmb_init_service) succeeds

I/rpmb    (26340): RPMB Mult = 16384, Rel_sec_cnt = 1

W/ResourceType(25724): No package identifier when getting value for resource number 0x00000000

W/PackageManager(25724): Failure retrieving resources for com.android.mms: Resource ID #0x0

E/DrmLibRpmb(26340): rpmb_init succeeded! with ret = 0

D/QSEECOMD: (26340): Init rpmb_init_service ret = 0

D/QSEECOMD: (26340): RPMB system services: init (Listener ID = 8192)

E/QSEECOMD: (26340): Listener: index = 1, hierarchy = 0

E/QSEECOMD: (26340): Init dlopen(libssd.so, RLTD_NOW) is failed....

E/QSEECOMD: (26340): ERROR: SSD_INIT failed, shall not start listener services

W/ResourceType(25724): No package identifier when getting value for resource number 0x00000000

W/PackageManager(25724): Failure retrieving resources for com.android.mms: Resource ID #0x0

W/ResourceType(25724): No package identifier when getting value for resource number 0x00000000

W/PackageManager(25724): Failure retrieving resources for com.android.mms: Resource ID #0x0

W/ResourceType(25724): No package identifier when getting value for resource number 0x00000000

W/PackageManager(25724): Failure retrieving resources for com.android.mms: Resource ID #0x0

W/ResourceType(25724): No package identifier when getting value for resource number 0x00000000

W/PackageManager(25724): Failure retrieving resources for com.android.mms: Resource ID #0x0

W/ResourceType(25724): No package identifier when getting value for resource number 0x00000000

W/PackageManager(25724): Failure retrieving resources for com.android.mms: Resource ID #0x0

W/ResourceType(25724): No package identifier when getting value for resource number 0x00000000

W/PackageManager(25724): Failure retrieving resources for com.android.mms: Resource ID #0x0

W/ResourceType(25724): No package identifier when getting value for resource number 0x00000000

W/PackageManager(25724): Failure retrieving resources for com.android.mms: Resource ID #0x0

W/ResourceType(25724): No package identifier when getting value for resource number 0x00000000

W/PackageManager(25724): Failure retrieving resources for com.android.mms: Resource ID #0x0

W/ResourceType(25724): No package identifier when getting value for resource number 0x00000000

W/PackageManager(25724): Failure retrieving resources for com.android.mms: Resource ID #0x0

I/STFBatteryMonitor( 3002): Battery is charging (good health); connected via ac; level at 20/100; temp 34.1C@3.579V

W/ResourceType(25724): No package identifier when getting value for resource number 0x00000000

W/PackageManager(25724): Failure retrieving resources for com.android.mms: Resource ID #0x0

W/ResourceType(25724): No package identifier when getting value for resource number 0x00000000

W/PackageManager(25724): Failure retrieving resources for com.android.mms: Resource ID #0x0

W/ResourceType(25724): No package identifier when getting value for resource number 0x00000000

W/PackageManager(25724): Failure retrieving resources for com.android.mms: Resource ID #0x0

W/ResourceType(25724): No package identifier when getting value for resource number 0x00000000

W/PackageManager(25724): Failure retrieving resources for com.android.mms: Resource ID #0x0

W/ResourceType(25724): No package identifier when getting value for resource number 0x00000000

W/PackageManager(25724): Failure retrieving resources for com.android.mms: Resource ID #0x0

W/ResourceType(25724): No package identifier when getting value for resource number 0x00000000

W/PackageManager(25724): Failure retrieving resources for com.android.mms: Resource ID #0x0

W/ResourceType(25724): No package identifier when getting value for resource number 0x00000000

W/PackageManager(25724): Failure retrieving resources for com.android.mms: Resource ID #0x0

I/STFBatteryMonitor( 3002): Battery is charging (good health); connected via ac; level at 20/100; temp 34.0C@3.560V

I/STFBatteryMonitor( 3002): Battery is charging (good health); connected via ac; level at 20/100; temp 34.0C@3.470V

D/OpenGLRenderer(25724): endAllStagingAnimators on 0x96c84c80 (RippleDrawable) with handle 0x92a02890

I/STFBatteryMonitor( 3002): Battery is charging (good health); connected via ac; level at 20/100; temp 34.0C@3.485V

W/FlurryAgent(25724): Flurry session paused for context:com.weheartit.app.SwipeableEntryDetailsActivity@39e3ab70

I/STFBatteryMonitor( 3002): Battery is charging (good health); connected via ac; level at 20/100; temp 34.0C@3.538V

D/DDDG    ( 1545): DDDG_XML_Serial:1828

I/Choreographer(25724): Skipped 31 frames!  The application may be doing too much work on its main thread.

D/DDDG    (25724): DDDG_Interation:Type:scroll:Pointer:10d4066d:Id:com.weheartit:id/pullToRefreshGridView:Class:android.widget.GridView:Listener:true

D/InputEventConsistencyVerifier(25724): TouchEvent: ACTION_MOVE contained 1 pointers but there are currently 0 pointers down.

D/InputEventConsistencyVerifier(25724):   in android.view.GestureDetector@248cd0e1

D/InputEventConsistencyVerifier(25724):   0: sent at 99402473412594, MotionEvent { action=ACTION_MOVE, id[0]=0, x[0]=879.9822, y[0]=1351.451, toolType[0]=TOOL_TYPE_FINGER, buttonState=0, metaState=0, flags=0x0, edgeFlags=0x0, pointerCount=1, historySize=7, eventTime=99402473, downTime=99401946, deviceId=5, source=0x1002 }

D/InputEventConsistencyVerifier(25724):   -- recent events --

D/InputEventConsistencyVerifier(25724):   1: sent at 99324604776000, MotionEvent { action=ACTION_UP, id[0]=0, x[0]=979.0, y[0]=1435.0, toolType[0]=TOOL_TYPE_FINGER, buttonState=0, metaState=0, flags=0x80000000, edgeFlags=0x0, pointerCount=1, historySize=0, eventTime=99324604, downTime=99324602, deviceId=5, source=0x1002 }

D/InputEventConsistencyVerifier(25724):   2: sent at 99322734516899, MotionEvent { action=ACTION_MOVE, id[0]=0, x[0]=900.39734, y[0]=1052.516, toolType[0]=TOOL_TYPE_FINGER, buttonState=0, metaState=0, flags=0x80000000, edgeFlags=0x0, pointerCount=1, historySize=18, eventTime=99322734, downTime=99322175, deviceId=5, source=0x1002 }

D/InputEventConsistencyVerifier(25724):   3: sent at 99309417974500, MotionEvent { action=ACTION_MOVE, id[0]=0, x[0]=528.0, y[0]=1768.5, toolType[0]=TOOL_TYPE_FINGER, buttonState=0, metaState=0, flags=0x80000000, edgeFlags=0x0, pointerCount=1, historySize=7, eventTime=99309417, downTime=99308709, deviceId=5, source=0x1002 }

D/InputEventConsistencyVerifier(25724):   4: sent at 99309237669000, MotionEvent { action=ACTION_MOVE, id[0]=0, x[0]=528.0, y[0]=1823.264, toolType[0]=TOOL_TYPE_FINGER, buttonState=0, metaState=0, flags=0x80000000, edgeFlags=0x0, pointerCount=1, historySize=1, eventTime=99309237, downTime=99308709, deviceId=5, source=0x1002 }

D/InputEventConsistencyVerifier(25724):   5: sent at 99309205057000, MotionEvent { action=ACTION_MOVE, id[0]=0, x[0]=528.0, y[0]=1826.9343, toolType[0]=TOOL_TYPE_FINGER, buttonState=0, metaState=0, flags=0x80000000, edgeFlags=0x0, pointerCount=1, historySize=1, eventTime=99309205, downTime=99308709, deviceId=5, source=0x1002 }

D/DDDG_Gestures(25724): scroll:com.weheartit/com.weheartit.app.EntryCollectionDetailsActivity

W/DDDG_Gestures(25724): Detector passed in

D/DDDG    (25724): DDDG_Interation:Type:scroll:Pointer:10d4066d:Id:com.weheartit:id/pullToRefreshGridView:Class:android.widget.GridView:Listener:true

D/DDDG    (25724): DDDG_Interation:Type:scroll:Pointer:10d4066d:Id:com.weheartit:id/pullToRefreshGridView:Class:android.widget.GridView:Listener:true

D/DDDG    (25724): DDDG_Interation:Type:scroll:Pointer:10d4066d:Id:com.weheartit:id/pullToRefreshGridView:Class:android.widget.GridView:Listener:true

D/DDDG    (25724): DDDG_Interation:Type:scroll:Pointer:10d4066d:Id:com.weheartit:id/pullToRefreshGridView:Class:android.widget.GridView:Listener:true

D/DDDG    (25724): DDDG_Interation:Type:scroll:Pointer:10d4066d:Id:com.weheartit:id/pullToRefreshGridView:Class:android.widget.GridView:Listener:true

D/DDDG    (25724): DDDG_Interation:Type:scroll:Pointer:10d4066d:Id:com.weheartit:id/pullToRefreshGridView:Class:android.widget.GridView:Listener:true

D/DDDG    (25724): DDDG_Interation:Type:scroll:Pointer:10d4066d:Id:com.weheartit:id/pullToRefreshGridView:Class:android.widget.GridView:Listener:true

I/STFBatteryMonitor( 3002): Battery is charging (good health); connected via ac; level at 20/100; temp 34.1C@3.605V

D/DDDG    (25724): DDDG_Interation:Type:scroll:Pointer:10d4066d:Id:com.weheartit:id/pullToRefreshGridView:Class:android.widget.GridView:Listener:true

D/DDDG    (25724): DDDG_Interation:Type:scroll:Pointer:10d4066d:Id:com.weheartit:id/pullToRefreshGridView:Class:android.widget.GridView:Listener:true

D/DDDG    (25724): DDDG_Interation:Type:scroll:Pointer:10d4066d:Id:com.weheartit:id/pullToRefreshGridView:Class:android.widget.GridView:Listener:true

D/DDDG    (25724): DDDG_Interation:Type:scroll:Pointer:10d4066d:Id:com.weheartit:id/pullToRefreshGridView:Class:android.widget.GridView:Listener:true

D/DDDG    (25724): DDDG_Interation:Type:scroll:Pointer:10d4066d:Id:com.weheartit:id/pullToRefreshGridView:Class:android.widget.GridView:Listener:true

I/STFBatteryMonitor( 3002): Battery is charging (good health); connected via ac; level at 20/100; temp 33.8C@3.510V

D/audio_hw_primary( 1074): disable_audio_route: reset and update mixer path: low-latency-playback speaker

D/audio_hw_primary( 1074): disable_snd_device: snd_device(2: speaker)

I/STFBatteryMonitor( 3002): Battery is charging (good health); connected via ac; level at 20/100; temp 33.8C@3.525V

I/STFBatteryMonitor( 3002): Battery is charging (good health); connected via ac; level at 20/100; temp 33.8C@3.521V

D/DDDG    ( 1545): DDDG_XML_Serial:1845

I/Choreographer(25724): Skipped 33 frames!  The application may be doing too much work on its main thread.

D/DDDG    (25724): DDDG_Interation:Type:scroll:Pointer:10d4066d:Id:com.weheartit:id/pullToRefreshGridView:Class:android.widget.GridView:Listener:true

D/DDDG_Gestures(25724): scroll:com.weheartit/com.weheartit.app.EntryCollectionDetailsActivity

W/DDDG_Gestures(25724): Detector passed in

D/DDDG    (25724): DDDG_Interation:Type:scroll:Pointer:10d4066d:Id:com.weheartit:id/pullToRefreshGridView:Class:android.widget.GridView:Listener:true

D/DDDG    (25724): DDDG_Interation:Type:scroll:Pointer:10d4066d:Id:com.weheartit:id/pullToRefreshGridView:Class:android.widget.GridView:Listener:true

D/DDDG    (25724): DDDG_Interation:Type:scroll:Pointer:10d4066d:Id:com.weheartit:id/pullToRefreshGridView:Class:android.widget.GridView:Listener:true

